[INFO] Scanning for projects...
[INFO] 
[INFO] -----------------------< com.fptu.exe:skillswap >-----------------------
[INFO] Building skillswap 0.0.1-SNAPSHOT
[INFO]   from pom.xml
[INFO] --------------------------------[ jar ]---------------------------------
[INFO] 
[INFO] --- resources:3.3.1:resources (default-resources) @ skillswap ---
[INFO] Copying 3 resources from src\main\resources to target\classes
[INFO] Copying 124 resources from src\main\resources to target\classes
[INFO] 
[INFO] --- compiler:3.11.0:compile (default-compile) @ skillswap ---
[INFO] Changes detected - recompiling the module! :source
[INFO] Compiling 1233 source files with javac [debug release 21] to target\classes
[INFO] /E:/FPTU/SU26/EXE201/project/src/main/java/com/fptu/exe/skillswap/modules/admin/service/AdminDashboardService.java: Some input files use or override a deprecated API.
[INFO] /E:/FPTU/SU26/EXE201/project/src/main/java/com/fptu/exe/skillswap/modules/admin/service/AdminDashboardService.java: Recompile with -Xlint:deprecation for details.
[INFO] /E:/FPTU/SU26/EXE201/project/src/main/java/com/fptu/exe/skillswap/modules/booking/service/BookingLifecycleMaintenanceService.java: Some input files additionally use or override a deprecated API that is marked for removal.
[INFO] /E:/FPTU/SU26/EXE201/project/src/main/java/com/fptu/exe/skillswap/shared/outbox/DomainEventOutboxPollingRepositoryImpl.java: E:\FPTU\SU26\EXE201\project\src\main\java\com\fptu\exe\skillswap\shared\outbox\DomainEventOutboxPollingRepositoryImpl.java uses unchecked or unsafe operations.
[INFO] /E:/FPTU/SU26/EXE201/project/src/main/java/com/fptu/exe/skillswap/shared/outbox/DomainEventOutboxPollingRepositoryImpl.java: Recompile with -Xlint:unchecked for details.
[INFO] -------------------------------------------------------------
[WARNING] COMPILATION WARNING : 
[INFO] -------------------------------------------------------------
[WARNING] /E:/FPTU/SU26/EXE201/project/src/main/java/com/fptu/exe/skillswap/modules/booking/service/BookingDecisionService.java:[125,59] com.fptu.exe.skillswap.modules.booking.service.BookingTime in com.fptu.exe.skillswap.modules.booking.service has been deprecated and marked for removal
[WARNING] /E:/FPTU/SU26/EXE201/project/src/main/java/com/fptu/exe/skillswap/modules/booking/service/BookingDecisionService.java:[130,35] com.fptu.exe.skillswap.modules.booking.service.BookingTime in com.fptu.exe.skillswap.modules.booking.service has been deprecated and marked for removal
[WARNING] /E:/FPTU/SU26/EXE201/project/src/main/java/com/fptu/exe/skillswap/modules/booking/service/BookingDecisionService.java:[131,33] com.fptu.exe.skillswap.modules.booking.service.BookingTime in com.fptu.exe.skillswap.modules.booking.service has been deprecated and marked for removal
[WARNING] /E:/FPTU/SU26/EXE201/project/src/main/java/com/fptu/exe/skillswap/modules/booking/service/BookingResponseMapper.java:[147,53] com.fptu.exe.skillswap.modules.booking.service.BookingTime in com.fptu.exe.skillswap.modules.booking.service has been deprecated and marked for removal
[WARNING] /E:/FPTU/SU26/EXE201/project/src/main/java/com/fptu/exe/skillswap/modules/booking/service/BookingResponseMapper.java:[149,51] com.fptu.exe.skillswap.modules.booking.service.BookingTime in com.fptu.exe.skillswap.modules.booking.service has been deprecated and marked for removal
[WARNING] /E:/FPTU/SU26/EXE201/project/src/main/java/com/fptu/exe/skillswap/modules/booking/service/BookingResponseMapper.java:[166,28] com.fptu.exe.skillswap.modules.booking.service.BookingTime in com.fptu.exe.skillswap.modules.booking.service has been deprecated and marked for removal
[WARNING] /E:/FPTU/SU26/EXE201/project/src/main/java/com/fptu/exe/skillswap/modules/booking/service/BookingResponseMapper.java:[167,26] com.fptu.exe.skillswap.modules.booking.service.BookingTime in com.fptu.exe.skillswap.modules.booking.service has been deprecated and marked for removal
[WARNING] /E:/FPTU/SU26/EXE201/project/src/main/java/com/fptu/exe/skillswap/modules/booking/service/BookingResponseMapper.java:[185,42] com.fptu.exe.skillswap.modules.booking.service.BookingDeadlinePolicy in com.fptu.exe.skillswap.modules.booking.service has been deprecated and marked for removal
[WARNING] /E:/FPTU/SU26/EXE201/project/src/main/java/com/fptu/exe/skillswap/modules/booking/service/BookingResponseMapper.java:[187,57] com.fptu.exe.skillswap.modules.booking.service.BookingTime in com.fptu.exe.skillswap.modules.booking.service has been deprecated and marked for removal
[WARNING] /E:/FPTU/SU26/EXE201/project/src/main/java/com/fptu/exe/skillswap/modules/booking/service/BookingResponseMapper.java:[209,58] com.fptu.exe.skillswap.modules.booking.service.BookingTime in com.fptu.exe.skillswap.modules.booking.service has been deprecated and marked for removal
[WARNING] /E:/FPTU/SU26/EXE201/project/src/main/java/com/fptu/exe/skillswap/modules/booking/service/BookingResponseMapper.java:[211,58] com.fptu.exe.skillswap.modules.booking.service.BookingTime in com.fptu.exe.skillswap.modules.booking.service has been deprecated and marked for removal
[WARNING] /E:/FPTU/SU26/EXE201/project/src/main/java/com/fptu/exe/skillswap/modules/booking/service/BookingResponseMapper.java:[217,40] com.fptu.exe.skillswap.modules.booking.service.BookingDeadlinePolicy in com.fptu.exe.skillswap.modules.booking.service has been deprecated and marked for removal
[WARNING] /E:/FPTU/SU26/EXE201/project/src/main/java/com/fptu/exe/skillswap/modules/booking/service/BookingResponseMapper.java:[254,54] com.fptu.exe.skillswap.modules.booking.service.BookingTime in com.fptu.exe.skillswap.modules.booking.service has been deprecated and marked for removal
[WARNING] /E:/FPTU/SU26/EXE201/project/src/main/java/com/fptu/exe/skillswap/modules/booking/service/BookingResponseMapper.java:[256,54] com.fptu.exe.skillswap.modules.booking.service.BookingTime in com.fptu.exe.skillswap.modules.booking.service has been deprecated and marked for removal
[WARNING] /E:/FPTU/SU26/EXE201/project/src/main/java/com/fptu/exe/skillswap/modules/booking/service/BookingResponseMapper.java:[258,53] com.fptu.exe.skillswap.modules.booking.service.BookingTime in com.fptu.exe.skillswap.modules.booking.service has been deprecated and marked for removal
[WARNING] /E:/FPTU/SU26/EXE201/project/src/main/java/com/fptu/exe/skillswap/modules/booking/service/BookingResponseMapper.java:[260,44] com.fptu.exe.skillswap.modules.booking.service.BookingDeadlinePolicy in com.fptu.exe.skillswap.modules.booking.service has been deprecated and marked for removal
[WARNING] /E:/FPTU/SU26/EXE201/project/src/main/java/com/fptu/exe/skillswap/modules/booking/service/BookingResponseMapper.java:[261,51] com.fptu.exe.skillswap.modules.booking.service.BookingDeadlinePolicy in com.fptu.exe.skillswap.modules.booking.service has been deprecated and marked for removal
[WARNING] /E:/FPTU/SU26/EXE201/project/src/main/java/com/fptu/exe/skillswap/modules/booking/service/BookingResponseMapper.java:[263,39] com.fptu.exe.skillswap.modules.booking.service.BookingDeadlinePolicy in com.fptu.exe.skillswap.modules.booking.service has been deprecated and marked for removal
[WARNING] /E:/FPTU/SU26/EXE201/project/src/main/java/com/fptu/exe/skillswap/modules/booking/service/BookingResponseMapper.java:[264,52] com.fptu.exe.skillswap.modules.booking.service.BookingDeadlinePolicy in com.fptu.exe.skillswap.modules.booking.service has been deprecated and marked for removal
[WARNING] /E:/FPTU/SU26/EXE201/project/src/main/java/com/fptu/exe/skillswap/modules/booking/service/BookingResponseMapper.java:[298,29] com.fptu.exe.skillswap.modules.booking.service.BookingTime in com.fptu.exe.skillswap.modules.booking.service has been deprecated and marked for removal
[WARNING] /E:/FPTU/SU26/EXE201/project/src/main/java/com/fptu/exe/skillswap/modules/booking/service/BookingResponseMapper.java:[299,29] com.fptu.exe.skillswap.modules.booking.service.BookingTime in com.fptu.exe.skillswap.modules.booking.service has been deprecated and marked for removal
[WARNING] /E:/FPTU/SU26/EXE201/project/src/main/java/com/fptu/exe/skillswap/modules/booking/service/BookingResponseMapper.java:[315,36] com.fptu.exe.skillswap.modules.booking.service.BookingTime in com.fptu.exe.skillswap.modules.booking.service has been deprecated and marked for removal
[WARNING] /E:/FPTU/SU26/EXE201/project/src/main/java/com/fptu/exe/skillswap/modules/booking/service/BookingResponseMapper.java:[316,34] com.fptu.exe.skillswap.modules.booking.service.BookingTime in com.fptu.exe.skillswap.modules.booking.service has been deprecated and marked for removal
[WARNING] /E:/FPTU/SU26/EXE201/project/src/main/java/com/fptu/exe/skillswap/modules/booking/service/BookingResponseMapper.java:[317,35] com.fptu.exe.skillswap.modules.booking.service.BookingTime in com.fptu.exe.skillswap.modules.booking.service has been deprecated and marked for removal
[WARNING] /E:/FPTU/SU26/EXE201/project/src/main/java/com/fptu/exe/skillswap/modules/booking/service/BookingResponseMapper.java:[317,64] com.fptu.exe.skillswap.modules.booking.service.BookingDeadlinePolicy in com.fptu.exe.skillswap.modules.booking.service has been deprecated and marked for removal
[WARNING] /E:/FPTU/SU26/EXE201/project/src/main/java/com/fptu/exe/skillswap/modules/booking/service/BookingResponseMapper.java:[318,34] com.fptu.exe.skillswap.modules.booking.service.BookingTime in com.fptu.exe.skillswap.modules.booking.service has been deprecated and marked for removal
[WARNING] /E:/FPTU/SU26/EXE201/project/src/main/java/com/fptu/exe/skillswap/modules/booking/service/BookingResponseMapper.java:[319,32] com.fptu.exe.skillswap.modules.booking.service.BookingTime in com.fptu.exe.skillswap.modules.booking.service has been deprecated and marked for removal
[WARNING] /E:/FPTU/SU26/EXE201/project/src/main/java/com/fptu/exe/skillswap/modules/booking/service/BookingResponseMapper.java:[321,29] com.fptu.exe.skillswap.modules.booking.service.BookingTime in com.fptu.exe.skillswap.modules.booking.service has been deprecated and marked for removal
[WARNING] /E:/FPTU/SU26/EXE201/project/src/main/java/com/fptu/exe/skillswap/modules/booking/service/BookingResponseMapper.java:[322,34] com.fptu.exe.skillswap.modules.booking.service.BookingTime in com.fptu.exe.skillswap.modules.booking.service has been deprecated and marked for removal
[WARNING] /E:/FPTU/SU26/EXE201/project/src/main/java/com/fptu/exe/skillswap/modules/booking/service/BookingResponseMapper.java:[323,29] com.fptu.exe.skillswap.modules.booking.service.BookingTime in com.fptu.exe.skillswap.modules.booking.service has been deprecated and marked for removal
[WARNING] /E:/FPTU/SU26/EXE201/project/src/main/java/com/fptu/exe/skillswap/modules/booking/service/BookingResponseMapper.java:[324,30] com.fptu.exe.skillswap.modules.booking.service.BookingTime in com.fptu.exe.skillswap.modules.booking.service has been deprecated and marked for removal
[WARNING] /E:/FPTU/SU26/EXE201/project/src/main/java/com/fptu/exe/skillswap/modules/booking/service/BookingResponseMapper.java:[325,30] com.fptu.exe.skillswap.modules.booking.service.BookingTime in com.fptu.exe.skillswap.modules.booking.service has been deprecated and marked for removal
[WARNING] /E:/FPTU/SU26/EXE201/project/src/main/java/com/fptu/exe/skillswap/modules/booking/service/BookingResponseMapper.java:[326,30] com.fptu.exe.skillswap.modules.booking.service.BookingTime in com.fptu.exe.skillswap.modules.booking.service has been deprecated and marked for removal
[WARNING] /E:/FPTU/SU26/EXE201/project/src/main/java/com/fptu/exe/skillswap/modules/booking/service/BookingResponseMapper.java:[327,31] com.fptu.exe.skillswap.modules.booking.service.BookingTime in com.fptu.exe.skillswap.modules.booking.service has been deprecated and marked for removal
[WARNING] /E:/FPTU/SU26/EXE201/project/src/main/java/com/fptu/exe/skillswap/modules/booking/service/BookingResponseMapper.java:[329,35] com.fptu.exe.skillswap.modules.booking.service.BookingTime in com.fptu.exe.skillswap.modules.booking.service has been deprecated and marked for removal
[WARNING] /E:/FPTU/SU26/EXE201/project/src/main/java/com/fptu/exe/skillswap/modules/booking/service/BookingResponseMapper.java:[330,42] com.fptu.exe.skillswap.modules.booking.service.BookingTime in com.fptu.exe.skillswap.modules.booking.service has been deprecated and marked for removal
[WARNING] /E:/FPTU/SU26/EXE201/project/src/main/java/com/fptu/exe/skillswap/modules/booking/service/BookingResponseMapper.java:[333,35] com.fptu.exe.skillswap.modules.booking.service.BookingTime in com.fptu.exe.skillswap.modules.booking.service has been deprecated and marked for removal
[WARNING] /E:/FPTU/SU26/EXE201/project/src/main/java/com/fptu/exe/skillswap/modules/booking/service/BookingResponseMapper.java:[336,34] com.fptu.exe.skillswap.modules.booking.service.BookingTime in com.fptu.exe.skillswap.modules.booking.service has been deprecated and marked for removal
[WARNING] /E:/FPTU/SU26/EXE201/project/src/main/java/com/fptu/exe/skillswap/modules/booking/service/BookingResponseMapper.java:[337,40] com.fptu.exe.skillswap.modules.booking.service.BookingTime in com.fptu.exe.skillswap.modules.booking.service has been deprecated and marked for removal
[WARNING] /E:/FPTU/SU26/EXE201/project/src/main/java/com/fptu/exe/skillswap/modules/booking/service/BookingResponseMapper.java:[338,49] com.fptu.exe.skillswap.modules.booking.service.BookingTime in com.fptu.exe.skillswap.modules.booking.service has been deprecated and marked for removal
[WARNING] /E:/FPTU/SU26/EXE201/project/src/main/java/com/fptu/exe/skillswap/modules/booking/service/BookingResponseMapper.java:[339,41] com.fptu.exe.skillswap.modules.booking.service.BookingTime in com.fptu.exe.skillswap.modules.booking.service has been deprecated and marked for removal
[WARNING] /E:/FPTU/SU26/EXE201/project/src/main/java/com/fptu/exe/skillswap/modules/booking/service/BookingResponseMapper.java:[341,37] com.fptu.exe.skillswap.modules.booking.service.BookingTime in com.fptu.exe.skillswap.modules.booking.service has been deprecated and marked for removal
[WARNING] /E:/FPTU/SU26/EXE201/project/src/main/java/com/fptu/exe/skillswap/modules/booking/service/BookingResponseMapper.java:[352,28] com.fptu.exe.skillswap.modules.booking.service.BookingTime in com.fptu.exe.skillswap.modules.booking.service has been deprecated and marked for removal
[WARNING] /E:/FPTU/SU26/EXE201/project/src/main/java/com/fptu/exe/skillswap/modules/booking/service/BookingResponseMapper.java:[353,28] com.fptu.exe.skillswap.modules.booking.service.BookingTime in com.fptu.exe.skillswap.modules.booking.service has been deprecated and marked for removal
[WARNING] /E:/FPTU/SU26/EXE201/project/src/main/java/com/fptu/exe/skillswap/modules/booking/service/BookingResponseMapper.java:[365,34] com.fptu.exe.skillswap.modules.booking.service.BookingTime in com.fptu.exe.skillswap.modules.booking.service has been deprecated and marked for removal
[WARNING] /E:/FPTU/SU26/EXE201/project/src/main/java/com/fptu/exe/skillswap/modules/booking/service/BookingResponseMapper.java:[366,31] com.fptu.exe.skillswap.modules.booking.service.BookingTime in com.fptu.exe.skillswap.modules.booking.service has been deprecated and marked for removal
[WARNING] /E:/FPTU/SU26/EXE201/project/src/main/java/com/fptu/exe/skillswap/modules/booking/service/BookingResponseMapper.java:[371,35] com.fptu.exe.skillswap.modules.booking.service.BookingTime in com.fptu.exe.skillswap.modules.booking.service has been deprecated and marked for removal
[WARNING] /E:/FPTU/SU26/EXE201/project/src/main/java/com/fptu/exe/skillswap/modules/booking/service/BookingResponseMapper.java:[395,57] com.fptu.exe.skillswap.modules.booking.service.BookingTime in com.fptu.exe.skillswap.modules.booking.service has been deprecated and marked for removal
[WARNING] /E:/FPTU/SU26/EXE201/project/src/main/java/com/fptu/exe/skillswap/modules/booking/service/BookingResponseMapper.java:[402,42] com.fptu.exe.skillswap.modules.booking.service.BookingDeadlinePolicy in com.fptu.exe.skillswap.modules.booking.service has been deprecated and marked for removal
[WARNING] /E:/FPTU/SU26/EXE201/project/src/main/java/com/fptu/exe/skillswap/modules/booking/service/BookingResponseMapper.java:[412,41] com.fptu.exe.skillswap.modules.booking.service.BookingDeadlinePolicy in com.fptu.exe.skillswap.modules.booking.service has been deprecated and marked for removal
[WARNING] /E:/FPTU/SU26/EXE201/project/src/main/java/com/fptu/exe/skillswap/modules/booking/service/BookingResponseMapper.java:[430,21] com.fptu.exe.skillswap.modules.booking.service.BookingDeadlinePolicy in com.fptu.exe.skillswap.modules.booking.service has been deprecated and marked for removal
[WARNING] /E:/FPTU/SU26/EXE201/project/src/main/java/com/fptu/exe/skillswap/modules/booking/service/BookingResponseMapper.java:[436,21] com.fptu.exe.skillswap.modules.booking.service.BookingDeadlinePolicy in com.fptu.exe.skillswap.modules.booking.service has been deprecated and marked for removal
[WARNING] /E:/FPTU/SU26/EXE201/project/src/main/java/com/fptu/exe/skillswap/modules/booking/service/BookingResponseMapper.java:[439,21] com.fptu.exe.skillswap.modules.booking.service.BookingDeadlinePolicy in com.fptu.exe.skillswap.modules.booking.service has been deprecated and marked for removal
[WARNING] /E:/FPTU/SU26/EXE201/project/src/main/java/com/fptu/exe/skillswap/modules/booking/service/BookingResponseMapper.java:[496,17] com.fptu.exe.skillswap.modules.booking.service.BookingTime in com.fptu.exe.skillswap.modules.booking.service has been deprecated and marked for removal
[WARNING] /E:/FPTU/SU26/EXE201/project/src/main/java/com/fptu/exe/skillswap/modules/booking/service/BookingResponseMapper.java:[497,17] com.fptu.exe.skillswap.modules.booking.service.BookingTime in com.fptu.exe.skillswap.modules.booking.service has been deprecated and marked for removal
[WARNING] /E:/FPTU/SU26/EXE201/project/src/main/java/com/fptu/exe/skillswap/modules/booking/service/BookingResponseMapper.java:[501,17] com.fptu.exe.skillswap.modules.booking.service.BookingTime in com.fptu.exe.skillswap.modules.booking.service has been deprecated and marked for removal
[WARNING] /E:/FPTU/SU26/EXE201/project/src/main/java/com/fptu/exe/skillswap/modules/booking/service/BookingResponseMapper.java:[502,17] com.fptu.exe.skillswap.modules.booking.service.BookingTime in com.fptu.exe.skillswap.modules.booking.service has been deprecated and marked for removal
[WARNING] /E:/FPTU/SU26/EXE201/project/src/main/java/com/fptu/exe/skillswap/modules/booking/service/BookingResponseMapper.java:[519,63] com.fptu.exe.skillswap.modules.booking.service.BookingTime in com.fptu.exe.skillswap.modules.booking.service has been deprecated and marked for removal
[WARNING] /E:/FPTU/SU26/EXE201/project/src/main/java/com/fptu/exe/skillswap/modules/booking/service/BookingResponseMapper.java:[526,60] com.fptu.exe.skillswap.modules.booking.service.BookingTime in com.fptu.exe.skillswap.modules.booking.service has been deprecated and marked for removal
[WARNING] /E:/FPTU/SU26/EXE201/project/src/main/java/com/fptu/exe/skillswap/modules/booking/service/BookingResponseMapper.java:[529,23] com.fptu.exe.skillswap.modules.booking.service.BookingTime in com.fptu.exe.skillswap.modules.booking.service has been deprecated and marked for removal
[WARNING] /E:/FPTU/SU26/EXE201/project/src/main/java/com/fptu/exe/skillswap/modules/booking/service/BookingResponseMapper.java:[537,61] com.fptu.exe.skillswap.modules.booking.service.BookingTime in com.fptu.exe.skillswap.modules.booking.service has been deprecated and marked for removal
[WARNING] /E:/FPTU/SU26/EXE201/project/src/main/java/com/fptu/exe/skillswap/modules/booking/service/BookingResponseMapper.java:[544,58] com.fptu.exe.skillswap.modules.booking.service.BookingTime in com.fptu.exe.skillswap.modules.booking.service has been deprecated and marked for removal
[WARNING] /E:/FPTU/SU26/EXE201/project/src/main/java/com/fptu/exe/skillswap/modules/booking/service/BookingResponseMapper.java:[547,23] com.fptu.exe.skillswap.modules.booking.service.BookingTime in com.fptu.exe.skillswap.modules.booking.service has been deprecated and marked for removal
[WARNING] /E:/FPTU/SU26/EXE201/project/src/main/java/com/fptu/exe/skillswap/modules/booking/service/BookingCancellationService.java:[120,47] com.fptu.exe.skillswap.modules.booking.service.BookingDeadlinePolicy in com.fptu.exe.skillswap.modules.booking.service has been deprecated and marked for removal
[WARNING] /E:/FPTU/SU26/EXE201/project/src/main/java/com/fptu/exe/skillswap/modules/booking/service/BookingCancellationService.java:[199,36] com.fptu.exe.skillswap.modules.booking.service.BookingDeadlinePolicy in com.fptu.exe.skillswap.modules.booking.service has been deprecated and marked for removal
[WARNING] /E:/FPTU/SU26/EXE201/project/src/main/java/com/fptu/exe/skillswap/modules/booking/service/BookingCancellationService.java:[271,61] com.fptu.exe.skillswap.modules.booking.service.BookingTime in com.fptu.exe.skillswap.modules.booking.service has been deprecated and marked for removal
[WARNING] /E:/FPTU/SU26/EXE201/project/src/main/java/com/fptu/exe/skillswap/modules/booking/service/BookingCancellationService.java:[273,92] com.fptu.exe.skillswap.modules.booking.service.BookingTime in com.fptu.exe.skillswap.modules.booking.service has been deprecated and marked for removal
[WARNING] /E:/FPTU/SU26/EXE201/project/src/main/java/com/fptu/exe/skillswap/modules/booking/service/BookingCancellationService.java:[285,57] com.fptu.exe.skillswap.modules.booking.service.BookingTime in com.fptu.exe.skillswap.modules.booking.service has been deprecated and marked for removal
[WARNING] /E:/FPTU/SU26/EXE201/project/src/main/java/com/fptu/exe/skillswap/modules/booking/service/BookingCancellationService.java:[287,55] com.fptu.exe.skillswap.modules.booking.service.BookingTime in com.fptu.exe.skillswap.modules.booking.service has been deprecated and marked for removal
[WARNING] /E:/FPTU/SU26/EXE201/project/src/main/java/com/fptu/exe/skillswap/modules/booking/service/BookingCompletionService.java:[153,26] com.fptu.exe.skillswap.modules.booking.service.BookingTime in com.fptu.exe.skillswap.modules.booking.service has been deprecated and marked for removal
[WARNING] /E:/FPTU/SU26/EXE201/project/src/main/java/com/fptu/exe/skillswap/modules/booking/service/BookingCompletionService.java:[287,26] com.fptu.exe.skillswap.modules.booking.service.BookingTime in com.fptu.exe.skillswap.modules.booking.service has been deprecated and marked for removal
[WARNING] /E:/FPTU/SU26/EXE201/project/src/main/java/com/fptu/exe/skillswap/modules/booking/service/BookingCompletionService.java:[298,37] com.fptu.exe.skillswap.modules.booking.service.BookingTime in com.fptu.exe.skillswap.modules.booking.service has been deprecated and marked for removal
[WARNING] /E:/FPTU/SU26/EXE201/project/src/main/java/com/fptu/exe/skillswap/modules/booking/service/BookingCompletionService.java:[345,110] com.fptu.exe.skillswap.modules.booking.service.BookingTime in com.fptu.exe.skillswap.modules.booking.service has been deprecated and marked for removal
[WARNING] /E:/FPTU/SU26/EXE201/project/src/main/java/com/fptu/exe/skillswap/modules/booking/service/BookingCompletionService.java:[346,30] com.fptu.exe.skillswap.modules.booking.service.BookingDeadlinePolicy in com.fptu.exe.skillswap.modules.booking.service has been deprecated and marked for removal
[WARNING] /E:/FPTU/SU26/EXE201/project/src/main/java/com/fptu/exe/skillswap/modules/booking/service/BookingCompletionService.java:[350,37] com.fptu.exe.skillswap.modules.booking.service.BookingTime in com.fptu.exe.skillswap.modules.booking.service has been deprecated and marked for removal
[WARNING] /E:/FPTU/SU26/EXE201/project/src/main/java/com/fptu/exe/skillswap/modules/booking/service/BookingCompletionService.java:[406,36] com.fptu.exe.skillswap.modules.booking.service.BookingTime in com.fptu.exe.skillswap.modules.booking.service has been deprecated and marked for removal
[WARNING] /E:/FPTU/SU26/EXE201/project/src/main/java/com/fptu/exe/skillswap/modules/booking/service/BookingCompletionService.java:[536,54] com.fptu.exe.skillswap.modules.booking.service.BookingTime in com.fptu.exe.skillswap.modules.booking.service has been deprecated and marked for removal
[WARNING] /E:/FPTU/SU26/EXE201/project/src/main/java/com/fptu/exe/skillswap/modules/booking/service/BookingCompletionService.java:[538,54] com.fptu.exe.skillswap.modules.booking.service.BookingTime in com.fptu.exe.skillswap.modules.booking.service has been deprecated and marked for removal
[WARNING] /E:/FPTU/SU26/EXE201/project/src/main/java/com/fptu/exe/skillswap/modules/booking/service/BookingCompletionService.java:[542,53] com.fptu.exe.skillswap.modules.booking.service.BookingTime in com.fptu.exe.skillswap.modules.booking.service has been deprecated and marked for removal
[WARNING] /E:/FPTU/SU26/EXE201/project/src/main/java/com/fptu/exe/skillswap/modules/booking/service/BookingCompletionService.java:[547,35] com.fptu.exe.skillswap.modules.booking.service.BookingTime in com.fptu.exe.skillswap.modules.booking.service has been deprecated and marked for removal
[WARNING] /E:/FPTU/SU26/EXE201/project/src/main/java/com/fptu/exe/skillswap/modules/booking/service/BookingCompletionService.java:[549,35] com.fptu.exe.skillswap.modules.booking.service.BookingTime in com.fptu.exe.skillswap.modules.booking.service has been deprecated and marked for removal
[WARNING] /E:/FPTU/SU26/EXE201/project/src/main/java/com/fptu/exe/skillswap/modules/booking/service/BookingCompletionService.java:[550,42] com.fptu.exe.skillswap.modules.booking.service.BookingTime in com.fptu.exe.skillswap.modules.booking.service has been deprecated and marked for removal
[WARNING] /E:/FPTU/SU26/EXE201/project/src/main/java/com/fptu/exe/skillswap/modules/booking/service/BookingCompletionService.java:[550,71] com.fptu.exe.skillswap.modules.booking.service.BookingDeadlinePolicy in com.fptu.exe.skillswap.modules.booking.service has been deprecated and marked for removal
[WARNING] /E:/FPTU/SU26/EXE201/project/src/main/java/com/fptu/exe/skillswap/modules/booking/service/BookingCompletionService.java:[551,40] com.fptu.exe.skillswap.modules.booking.service.BookingTime in com.fptu.exe.skillswap.modules.booking.service has been deprecated and marked for removal
[WARNING] /E:/FPTU/SU26/EXE201/project/src/main/java/com/fptu/exe/skillswap/modules/booking/service/BookingCompletionService.java:[552,49] com.fptu.exe.skillswap.modules.booking.service.BookingTime in com.fptu.exe.skillswap.modules.booking.service has been deprecated and marked for removal
[WARNING] /E:/FPTU/SU26/EXE201/project/src/main/java/com/fptu/exe/skillswap/modules/booking/service/BookingCompletionService.java:[552,78] com.fptu.exe.skillswap.modules.booking.service.BookingDeadlinePolicy in com.fptu.exe.skillswap.modules.booking.service has been deprecated and marked for removal
[WARNING] /E:/FPTU/SU26/EXE201/project/src/main/java/com/fptu/exe/skillswap/modules/booking/service/BookingCompletionService.java:[553,41] com.fptu.exe.skillswap.modules.booking.service.BookingTime in com.fptu.exe.skillswap.modules.booking.service has been deprecated and marked for removal
[WARNING] /E:/FPTU/SU26/EXE201/project/src/main/java/com/fptu/exe/skillswap/modules/booking/service/BookingCompletionService.java:[555,37] com.fptu.exe.skillswap.modules.booking.service.BookingTime in com.fptu.exe.skillswap.modules.booking.service has been deprecated and marked for removal
[WARNING] /E:/FPTU/SU26/EXE201/project/src/main/java/com/fptu/exe/skillswap/modules/booking/service/BookingCompletionService.java:[555,66] com.fptu.exe.skillswap.modules.booking.service.BookingDeadlinePolicy in com.fptu.exe.skillswap.modules.booking.service has been deprecated and marked for removal
[WARNING] /E:/FPTU/SU26/EXE201/project/src/main/java/com/fptu/exe/skillswap/modules/booking/service/BookingCompletionService.java:[556,35] com.fptu.exe.skillswap.modules.booking.service.BookingDeadlinePolicy in com.fptu.exe.skillswap.modules.booking.service has been deprecated and marked for removal
[WARNING] /E:/FPTU/SU26/EXE201/project/src/main/java/com/fptu/exe/skillswap/modules/booking/service/BookingCompletionService.java:[609,31] com.fptu.exe.skillswap.modules.booking.service.BookingTime in com.fptu.exe.skillswap.modules.booking.service has been deprecated and marked for removal
[WARNING] /E:/FPTU/SU26/EXE201/project/src/main/java/com/fptu/exe/skillswap/modules/booking/service/BookingCompletionService.java:[617,23] com.fptu.exe.skillswap.modules.booking.service.BookingTime in com.fptu.exe.skillswap.modules.booking.service has been deprecated and marked for removal
[WARNING] /E:/FPTU/SU26/EXE201/project/src/main/java/com/fptu/exe/skillswap/modules/booking/service/BookingCompletionService.java:[624,23] com.fptu.exe.skillswap.modules.booking.service.BookingTime in com.fptu.exe.skillswap.modules.booking.service has been deprecated and marked for removal
[WARNING] /E:/FPTU/SU26/EXE201/project/src/main/java/com/fptu/exe/skillswap/modules/booking/service/BookingMeetingService.java:[60,28] com.fptu.exe.skillswap.modules.booking.service.BookingTime in com.fptu.exe.skillswap.modules.booking.service has been deprecated and marked for removal
[WARNING] /E:/FPTU/SU26/EXE201/project/src/main/java/com/fptu/exe/skillswap/modules/booking/service/SessionAttendanceService.java:[73,28] com.fptu.exe.skillswap.modules.booking.service.BookingTime in com.fptu.exe.skillswap.modules.booking.service has been deprecated and marked for removal
[WARNING] /E:/FPTU/SU26/EXE201/project/src/main/java/com/fptu/exe/skillswap/modules/booking/service/SessionAttendanceService.java:[74,26] com.fptu.exe.skillswap.modules.booking.service.BookingTime in com.fptu.exe.skillswap.modules.booking.service has been deprecated and marked for removal
[WARNING] /E:/FPTU/SU26/EXE201/project/src/main/java/com/fptu/exe/skillswap/modules/booking/service/SessionAttendanceService.java:[103,40] com.fptu.exe.skillswap.modules.booking.service.BookingTime in com.fptu.exe.skillswap.modules.booking.service has been deprecated and marked for removal
[WARNING] /E:/FPTU/SU26/EXE201/project/src/main/java/com/fptu/exe/skillswap/modules/booking/service/BookingLifecycleMaintenanceService.java:[128,35] com.fptu.exe.skillswap.modules.booking.service.BookingTime in com.fptu.exe.skillswap.modules.booking.service has been deprecated and marked for removal
[WARNING] /E:/FPTU/SU26/EXE201/project/src/main/java/com/fptu/exe/skillswap/modules/booking/service/BookingLifecycleMaintenanceService.java:[167,35] com.fptu.exe.skillswap.modules.booking.service.BookingTime in com.fptu.exe.skillswap.modules.booking.service has been deprecated and marked for removal
[WARNING] /E:/FPTU/SU26/EXE201/project/src/main/java/com/fptu/exe/skillswap/modules/booking/service/BookingLifecycleMaintenanceService.java:[203,66] com.fptu.exe.skillswap.modules.booking.service.BookingDeadlinePolicy in com.fptu.exe.skillswap.modules.booking.service has been deprecated and marked for removal
[INFO] 100 warnings 
[INFO] -------------------------------------------------------------
[INFO] -------------------------------------------------------------
[ERROR] COMPILATION ERROR : 
[INFO] -------------------------------------------------------------
[ERROR] /E:/FPTU/SU26/EXE201/project/src/main/java/com/fptu/exe/skillswap/modules/mentor/service/MentorVerificationService.java:[567,33] cannot find symbol
  symbol:   variable storedFileRepository
  location: class com.fptu.exe.skillswap.modules.mentor.service.MentorVerificationService
[ERROR] /E:/FPTU/SU26/EXE201/project/src/main/java/com/fptu/exe/skillswap/modules/mentor/service/MentorServiceManagementService.java:[151,18] cannot find symbol
  symbol:   class Booking
  location: class com.fptu.exe.skillswap.modules.mentor.service.MentorServiceManagementService
[ERROR] /E:/FPTU/SU26/EXE201/project/src/main/java/com/fptu/exe/skillswap/modules/mentor/service/MentorServiceManagementService.java:[151,99] cannot find symbol
  symbol:   variable BookingStatus
  location: class com.fptu.exe.skillswap.modules.mentor.service.MentorServiceManagementService
[ERROR] /E:/FPTU/SU26/EXE201/project/src/main/java/com/fptu/exe/skillswap/modules/mentor/service/MentorServiceManagementService.java:[151,45] cannot find symbol
  symbol:   variable bookingRepository
  location: class com.fptu.exe.skillswap.modules.mentor.service.MentorServiceManagementService
[ERROR] /E:/FPTU/SU26/EXE201/project/src/main/java/com/fptu/exe/skillswap/modules/mentor/service/MentorServiceManagementService.java:[161,18] cannot find symbol
  symbol:   class AvailabilitySlotService
  location: class com.fptu.exe.skillswap.modules.mentor.service.MentorServiceManagementService
[ERROR] /E:/FPTU/SU26/EXE201/project/src/main/java/com/fptu/exe/skillswap/modules/mentor/service/MentorServiceManagementService.java:[161,60] cannot find symbol
  symbol:   variable availabilitySlotServiceRepository
  location: class com.fptu.exe.skillswap.modules.mentor.service.MentorServiceManagementService
[ERROR] /E:/FPTU/SU26/EXE201/project/src/main/java/com/fptu/exe/skillswap/modules/mentor/service/MentorServiceManagementService.java:[165,29] incompatible types: inference variable T has incompatible bounds
    equality constraints: java.util.UUID
    lower bounds: java.lang.Object
[ERROR] /E:/FPTU/SU26/EXE201/project/src/main/java/com/fptu/exe/skillswap/modules/mentor/service/MentorServiceManagementService.java:[167,17] cannot find symbol
  symbol:   variable availabilitySlotServiceRepository
  location: class com.fptu.exe.skillswap.modules.mentor.service.MentorServiceManagementService
[ERROR] /E:/FPTU/SU26/EXE201/project/src/main/java/com/fptu/exe/skillswap/modules/mentor/service/MentorServiceManagementService.java:[168,17] cannot find symbol
  symbol:   variable mentorAvailabilitySlotRepository
  location: class com.fptu.exe.skillswap.modules.mentor.service.MentorServiceManagementService
[INFO] 9 errors 
[INFO] -------------------------------------------------------------
[INFO] ------------------------------------------------------------------------
[INFO] BUILD FAILURE
[INFO] ------------------------------------------------------------------------
[INFO] Total time:  01:02 min
[INFO] Finished at: 2026-08-31T08:09:32+07:00
[INFO] ------------------------------------------------------------------------
[ERROR] Failed to execute goal org.apache.maven.plugins:maven-compiler-plugin:3.11.0:compile (default-compile) on project skillswap: Compilation failure: Compilation failure: 
[ERROR] /E:/FPTU/SU26/EXE201/project/src/main/java/com/fptu/exe/skillswap/modules/mentor/service/MentorVerificationService.java:[567,33] cannot find symbol
[ERROR]   symbol:   variable storedFileRepository
[ERROR]   location: class com.fptu.exe.skillswap.modules.mentor.service.MentorVerificationService
[ERROR] /E:/FPTU/SU26/EXE201/project/src/main/java/com/fptu/exe/skillswap/modules/mentor/service/MentorServiceManagementService.java:[151,18] cannot find symbol
[ERROR]   symbol:   class Booking
[ERROR]   location: class com.fptu.exe.skillswap.modules.mentor.service.MentorServiceManagementService
[ERROR] /E:/FPTU/SU26/EXE201/project/src/main/java/com/fptu/exe/skillswap/modules/mentor/service/MentorServiceManagementService.java:[151,99] cannot find symbol
[ERROR]   symbol:   variable BookingStatus
[ERROR]   location: class com.fptu.exe.skillswap.modules.mentor.service.MentorServiceManagementService
[ERROR] /E:/FPTU/SU26/EXE201/project/src/main/java/com/fptu/exe/skillswap/modules/mentor/service/MentorServiceManagementService.java:[151,45] cannot find symbol
[ERROR]   symbol:   variable bookingRepository
[ERROR]   location: class com.fptu.exe.skillswap.modules.mentor.service.MentorServiceManagementService
[ERROR] /E:/FPTU/SU26/EXE201/project/src/main/java/com/fptu/exe/skillswap/modules/mentor/service/MentorServiceManagementService.java:[161,18] cannot find symbol
[ERROR]   symbol:   class AvailabilitySlotService
[ERROR]   location: class com.fptu.exe.skillswap.modules.mentor.service.MentorServiceManagementService
[ERROR] /E:/FPTU/SU26/EXE201/project/src/main/java/com/fptu/exe/skillswap/modules/mentor/service/MentorServiceManagementService.java:[161,60] cannot find symbol
[ERROR]   symbol:   variable availabilitySlotServiceRepository
[ERROR]   location: class com.fptu.exe.skillswap.modules.mentor.service.MentorServiceManagementService
[ERROR] /E:/FPTU/SU26/EXE201/project/src/main/java/com/fptu/exe/skillswap/modules/mentor/service/MentorServiceManagementService.java:[165,29] incompatible types: inference variable T has incompatible bounds
[ERROR]     equality constraints: java.util.UUID
[ERROR]     lower bounds: java.lang.Object
[ERROR] /E:/FPTU/SU26/EXE201/project/src/main/java/com/fptu/exe/skillswap/modules/mentor/service/MentorServiceManagementService.java:[167,17] cannot find symbol
[ERROR]   symbol:   variable availabilitySlotServiceRepository
[ERROR]   location: class com.fptu.exe.skillswap.modules.mentor.service.MentorServiceManagementService
[ERROR] /E:/FPTU/SU26/EXE201/project/src/main/java/com/fptu/exe/skillswap/modules/mentor/service/MentorServiceManagementService.java:[168,17] cannot find symbol
[ERROR]   symbol:   variable mentorAvailabilitySlotRepository
[ERROR]   location: class com.fptu.exe.skillswap.modules.mentor.service.MentorServiceManagementService
[ERROR] -> [Help 1]
[ERROR] 
[ERROR] To see the full stack trace of the errors, re-run Maven with the -e switch.
[ERROR] Re-run Maven using the -X switch to enable full debug logging.
[ERROR] 
[ERROR] For more information about the errors and possible solutions, please read the following articles:
[ERROR] [Help 1] http://cwiki.apache.org/confluence/display/MAVEN/MojoFailureException
