#
# There is insufficient memory for the Java Runtime Environment to continue.
# Native memory allocation (malloc) failed to allocate 32744 bytes. Error detail: Chunk::new
# Possible reasons:
#   The system is out of physical RAM or swap space
#   This process is running with CompressedOops enabled, and the Java Heap may be blocking the growth of the native heap
# Possible solutions:
#   Reduce memory load on the system
#   Increase physical memory or swap space
#   Check if swap backing store is full
#   Decrease Java heap size (-Xmx/-Xms)
#   Decrease number of Java threads
#   Decrease Java thread stack sizes (-Xss)
#   Set larger code cache with -XX:ReservedCodeCacheSize=
#   JVM is running with Unscaled Compressed Oops mode in which the Java heap is
#     placed in the first 4GB address space. The Java Heap base address is the
#     maximum limit for the native heap growth. Please use -XX:HeapBaseMinAddress
#     to set the Java Heap base and to place the Java Heap above 4GB virtual address.
# This output file may be truncated or incomplete.
#
#  Out of Memory Error (arena.cpp:168), pid=17148, tid=2880
#
# JRE version: OpenJDK Runtime Environment Temurin-21.0.11+10 (21.0.11+10) (build 21.0.11+10-LTS)
# Java VM: OpenJDK 64-Bit Server VM Temurin-21.0.11+10 (21.0.11+10-LTS, mixed mode, sharing, tiered, compressed oops, compressed class ptrs, parallel gc, windows-amd64)
# No core dump will be written. Minidumps are not enabled by default on client versions of Windows
#

---------------  S U M M A R Y ------------

Command Line: --add-modules=ALL-SYSTEM --add-opens=java.base/java.util=ALL-UNNAMED --add-opens=java.base/java.lang=ALL-UNNAMED --add-opens=java.base/sun.nio.fs=ALL-UNNAMED -Declipse.application=org.eclipse.jdt.ls.core.id1 -Dosgi.bundles.defaultStartLevel=4 -Declipse.product=org.eclipse.jdt.ls.core.product -Djava.import.generatesMetadataFilesAtProjectRoot=false -DDetectVMInstallationsJob.disabled=true -Dfile.encoding=utf8 -XX:+UseParallelGC -XX:GCTimeRatio=4 -XX:AdaptiveSizePolicyWeight=90 -Dsun.zip.disableMemoryMapping=true -Xmx2G -Xms100m -Xlog:disable -javaagent:c:\Users\quang\.vscode\extensions\redhat.java-1.55.0-win32-x64\lombok\lombok-1.18.39-4050.jar -XX:+HeapDumpOnOutOfMemoryError -XX:HeapDumpPath=c:\Users\quang\AppData\Roaming\Code\User\workspaceStorage\56ebb6715cebb9dc5249f9146434e073\redhat.java -Daether.dependencyCollector.impl=bf c:\Users\quang\.vscode\extensions\redhat.java-1.55.0-win32-x64\server\plugins\org.eclipse.equinox.launcher_1.7.200.v20260619-2039.jar -configuration c:\Users\quang\AppData\Roaming\Code\User\globalStorage\redhat.java\1.55.0\config_win -data c:\Users\quang\AppData\Roaming\Code\User\workspaceStorage\56ebb6715cebb9dc5249f9146434e073\redhat.java\jdt_ws --pipe=\\.\pipe\lsp-9eadb778af8a75dcf709f955857c0505-sock

Host: Intel(R) Core(TM) i5-8250U CPU @ 1.60GHz, 8 cores, 7G,  Windows 10 , 64 bit Build 19041 (10.0.19041.5915)
Time: Wed Aug  5 16:25:44 2026 SE Asia Standard Time elapsed time: 26.004950 seconds (0d 0h 0m 26s)

---------------  T H R E A D  ---------------

Current thread (0x000001f46f9253f0):  JavaThread "C2 CompilerThread0" daemon [_thread_in_native, id=2880, stack(0x000000d1b1100000,0x000000d1b1200000) (1024K)]


Current CompileTask:
C2:26005 4194       4       org.eclipse.osgi.internal.serviceregistry.ServiceRegistry::notifyHooksPrivileged (57 bytes)

Stack: [0x000000d1b1100000,0x000000d1b1200000]
Native frames: (J=compiled Java code, j=interpreted, Vv=VM code, C=native code)
V  [jvm.dll+0x6d7e19]
V  [jvm.dll+0x8b5096]
V  [jvm.dll+0x8b764e]
V  [jvm.dll+0x8b7d33]
V  [jvm.dll+0x284596]
V  [jvm.dll+0xc685d]
V  [jvm.dll+0xc6da1]
V  [jvm.dll+0xc6985]
V  [jvm.dll+0x6b2e48]
V  [jvm.dll+0x6b17d6]
V  [jvm.dll+0x6747cb]
V  [jvm.dll+0x66d70e]
V  [jvm.dll+0x3a44c5]
V  [jvm.dll+0x3a51d3]
V  [jvm.dll+0x3a1143]
V  [jvm.dll+0x3a6a8f]
V  [jvm.dll+0x39c17d]
V  [jvm.dll+0x3a34d1]
V  [jvm.dll+0x1cef2b]
V  [jvm.dll+0x2fa71c]
V  [jvm.dll+0x6f22b3]
V  [jvm.dll+0x6ea3a9]
V  [jvm.dll+0x6e9aa9]
V  [jvm.dll+0x6e7b2e]
V  [jvm.dll+0x1ce4fc]
V  [jvm.dll+0x1cf09e]
V  [jvm.dll+0x2fa71c]
V  [jvm.dll+0x6f22b3]
V  [jvm.dll+0x6ea3a9]
V  [jvm.dll+0x6e9aa9]
V  [jvm.dll+0x6e7b2e]
V  [jvm.dll+0x1ce4fc]
V  [jvm.dll+0x24b919]
V  [jvm.dll+0x1cb4ae]
V  [jvm.dll+0x25baad]
V  [jvm.dll+0x25a03a]
V  [jvm.dll+0x3f868e]
V  [jvm.dll+0x85fb0d]
V  [jvm.dll+0x6d664d]
C  [ucrtbase.dll+0x21bb2]
C  [KERNEL32.DLL+0x17374]
C  [ntdll.dll+0x4cc91]


---------------  P R O C E S S  ---------------

Threads class SMR info:
_java_thread_list=0x000001f476248b80, length=22, elements={
0x000001f458e9f090, 0x000001f46f90ab40, 0x000001f46f90c190, 0x000001f46f90ee00,
0x000001f46f910450, 0x000001f46f913240, 0x000001f46f917f00, 0x000001f46f9253f0,
0x000001f46f939790, 0x000001f4713d4de0, 0x000001f4713d5470, 0x000001f4713d1ff0,
0x000001f4713d2680, 0x000001f4713d2d10, 0x000001f4713d40c0, 0x000001f4713d33a0,
0x000001f4713d3a30, 0x000001f4713d4750, 0x000001f47149f230, 0x000001f4714a1990,
0x000001f4714a2d40, 0x000001f47149ff50
}

Java Threads: ( => current thread )
  0x000001f458e9f090 JavaThread "main"                              [_thread_blocked, id=15344, stack(0x000000d1b0700000,0x000000d1b0800000) (1024K)]
  0x000001f46f90ab40 JavaThread "Reference Handler"          daemon [_thread_blocked, id=7284, stack(0x000000d1b0b00000,0x000000d1b0c00000) (1024K)]
  0x000001f46f90c190 JavaThread "Finalizer"                  daemon [_thread_blocked, id=8524, stack(0x000000d1b0c00000,0x000000d1b0d00000) (1024K)]
  0x000001f46f90ee00 JavaThread "Signal Dispatcher"          daemon [_thread_blocked, id=13772, stack(0x000000d1b0d00000,0x000000d1b0e00000) (1024K)]
  0x000001f46f910450 JavaThread "Attach Listener"            daemon [_thread_blocked, id=9952, stack(0x000000d1b0e00000,0x000000d1b0f00000) (1024K)]
  0x000001f46f913240 JavaThread "Service Thread"             daemon [_thread_blocked, id=4828, stack(0x000000d1b0f00000,0x000000d1b1000000) (1024K)]
  0x000001f46f917f00 JavaThread "Monitor Deflation Thread"   daemon [_thread_blocked, id=12084, stack(0x000000d1b1000000,0x000000d1b1100000) (1024K)]
=>0x000001f46f9253f0 JavaThread "C2 CompilerThread0"         daemon [_thread_in_native, id=2880, stack(0x000000d1b1100000,0x000000d1b1200000) (1024K)]
  0x000001f46f939790 JavaThread "C1 CompilerThread0"         daemon [_thread_blocked, id=11520, stack(0x000000d1b1200000,0x000000d1b1300000) (1024K)]
  0x000001f4713d4de0 JavaThread "Common-Cleaner"             daemon [_thread_blocked, id=4972, stack(0x000000d1b1300000,0x000000d1b1400000) (1024K)]
  0x000001f4713d5470 JavaThread "Notification Thread"        daemon [_thread_blocked, id=3224, stack(0x000000d1b1400000,0x000000d1b1500000) (1024K)]
  0x000001f4713d1ff0 JavaThread "Active Thread: Equinox Container: f9486f46-03ee-46e2-a38d-1c717a0627e0"        [_thread_blocked, id=7080, stack(0x000000d1b1b00000,0x000000d1b1c00000) (1024K)]
  0x000001f4713d2680 JavaThread "Refresh Thread: Equinox Container: f9486f46-03ee-46e2-a38d-1c717a0627e0" daemon [_thread_blocked, id=5732, stack(0x000000d1b1d00000,0x000000d1b1e00000) (1024K)]
  0x000001f4713d2d10 JavaThread "Framework Event Dispatcher: Equinox Container: f9486f46-03ee-46e2-a38d-1c717a0627e0" daemon [_thread_blocked, id=11916, stack(0x000000d1b1e00000,0x000000d1b1f00000) (1024K)]
  0x000001f4713d40c0 JavaThread "Start Level: Equinox Container: f9486f46-03ee-46e2-a38d-1c717a0627e0" daemon [_thread_in_vm, id=14612, stack(0x000000d1b1f00000,0x000000d1b2000000) (1024K)]
  0x000001f4713d33a0 JavaThread "Bundle File Closer"         daemon [_thread_blocked, id=5500, stack(0x000000d1b2100000,0x000000d1b2200000) (1024K)]
  0x000001f4713d3a30 JavaThread "SCR Component Actor"        daemon [_thread_blocked, id=10880, stack(0x000000d1b2000000,0x000000d1b2100000) (1024K)]
  0x000001f4713d4750 JavaThread "Worker-JM"                         [_thread_blocked, id=9888, stack(0x000000d1b2200000,0x000000d1b2300000) (1024K)]
  0x000001f47149f230 JavaThread "JNA Cleaner"                daemon [_thread_blocked, id=7644, stack(0x000000d1b2300000,0x000000d1b2400000) (1024K)]
  0x000001f4714a1990 JavaThread "Worker-0: Repository registry initialization"        [_thread_in_native, id=4236, stack(0x000000d1b2400000,0x000000d1b2500000) (1024K)]
  0x000001f4714a2d40 JavaThread "Worker-1"                          [_thread_blocked, id=5092, stack(0x000000d1b2500000,0x000000d1b2600000) (1024K)]
  0x000001f47149ff50 JavaThread "Worker-2"                          [_thread_blocked, id=16364, stack(0x000000d1b2600000,0x000000d1b2700000) (1024K)]
Total: 22

Other Threads:
  0x000001f46f8ffde0 VMThread "VM Thread"                           [id=3936, stack(0x000000d1b0a00000,0x000000d1b0b00000) (1024K)]
  0x000001f458f08fb0 WatcherThread "VM Periodic Task Thread"        [id=9464, stack(0x000000d1b0900000,0x000000d1b0a00000) (1024K)]
  0x000001f458ebc000 WorkerThread "GC Thread#0"                     [id=14748, stack(0x000000d1b0800000,0x000000d1b0900000) (1024K)]
  0x000001f471578bb0 WorkerThread "GC Thread#1"                     [id=16240, stack(0x000000d1b1500000,0x000000d1b1600000) (1024K)]
  0x000001f471578f60 WorkerThread "GC Thread#2"                     [id=17040, stack(0x000000d1b1600000,0x000000d1b1700000) (1024K)]
  0x000001f471579310 WorkerThread "GC Thread#3"                     [id=3632, stack(0x000000d1b1700000,0x000000d1b1800000) (1024K)]
  0x000001f4715796c0 WorkerThread "GC Thread#4"                     [id=2748, stack(0x000000d1b1800000,0x000000d1b1900000) (1024K)]
  0x000001f471579a70 WorkerThread "GC Thread#5"                     [id=9732, stack(0x000000d1b1900000,0x000000d1b1a00000) (1024K)]
  0x000001f471579e20 WorkerThread "GC Thread#6"                     [id=896, stack(0x000000d1b1a00000,0x000000d1b1b00000) (1024K)]
  0x000001f471d82ee0 WorkerThread "GC Thread#7"                     [id=14948, stack(0x000000d1b1c00000,0x000000d1b1d00000) (1024K)]
Total: 10

Threads with active compile tasks:
C2 CompilerThread0  26154 4194       4       org.eclipse.osgi.internal.serviceregistry.ServiceRegistry::notifyHooksPrivileged (57 bytes)
Total: 1

VM state: not at safepoint (normal execution)

VM Mutex/Monitor currently owned by a thread: None

Heap address: 0x0000000080000000, size: 2048 MB, Compressed Oops mode: 32-bit

CDS archive(s) mapped at: [0x000001f400000000-0x000001f400ba0000-0x000001f400ba0000), size 12189696, SharedBaseAddress: 0x000001f400000000, ArchiveRelocationMode: 1.
Compressed class space mapped at: 0x000001f401000000-0x000001f441000000, reserved size: 1073741824
Narrow klass base: 0x000001f400000000, Narrow klass shift: 0, Narrow klass range: 0x100000000

GC Precious Log:
 CardTable entry size: 512
 CPUs: 8 total, 8 available
 Memory: 8065M
 Large Page Support: Disabled
 NUMA Support: Disabled
 Compressed Oops: Enabled (32-bit)
 Alignments: Space 512K, Generation 512K, Heap 2M
 Heap Min Capacity: 100M
 Heap Initial Capacity: 100M
 Heap Max Capacity: 2G
 Pre-touch: Disabled
 Parallel Workers: 8

Heap:
 PSYoungGen      total 27136K, used 23206K [0x00000000d5580000, 0x00000000d7600000, 0x0000000100000000)
  eden space 24064K, 85% used [0x00000000d5580000,0x00000000d6989900,0x00000000d6d00000)
  from space 3072K, 87% used [0x00000000d7300000,0x00000000d75a02a0,0x00000000d7600000)
  to   space 4096K, 0% used [0x00000000d6e00000,0x00000000d6e00000,0x00000000d7200000)
 ParOldGen       total 68608K, used 14375K [0x0000000080000000, 0x0000000084300000, 0x00000000d5580000)
  object space 68608K, 20% used [0x0000000080000000,0x0000000080e09e30,0x0000000084300000)
 Metaspace       used 25635K, committed 26624K, reserved 1114112K
  class space    used 2668K, committed 3136K, reserved 1048576K

Card table byte_map: [0x000001f458860000,0x000001f458c70000] _byte_map_base: 0x000001f458460000

Marking Bits: (ParMarkBitMap*) 0x00007ffe3fad4460
 Begin Bits: [0x000001f46b360000, 0x000001f46d360000)
 End Bits:   [0x000001f46d360000, 0x000001f46f360000)

Polling page: 0x000001f456da0000

Metaspace:

Usage:
  Non-class:     22.43 MB used.
      Class:      2.61 MB used.
       Both:     25.03 MB used.

Virtual space:
  Non-class space:       64.00 MB reserved,      22.94 MB ( 36%) committed,  1 nodes.
      Class space:        1.00 GB reserved,       3.06 MB ( <1%) committed,  1 nodes.
             Both:        1.06 GB reserved,      26.00 MB (  2%) committed. 

Chunk freelists:
   Non-Class:  8.83 MB
       Class:  12.92 MB
        Both:  21.75 MB

MaxMetaspaceSize: unlimited
CompressedClassSpaceSize: 1.00 GB
Initial GC threshold: 21.00 MB
Current GC threshold: 35.00 MB
CDS: on
 - commit_granule_bytes: 65536.
 - commit_granule_words: 8192.
 - virtual_space_node_default_size: 8388608.
 - enlarge_chunks_in_place: 1.
 - use_allocation_guard: 0.


Internal statistics:

num_allocs_failed_limit: 3.
num_arena_births: 842.
num_arena_deaths: 14.
num_vsnodes_births: 2.
num_vsnodes_deaths: 0.
num_space_committed: 416.
num_space_uncommitted: 0.
num_chunks_returned_to_freelist: 17.
num_chunks_taken_from_freelist: 1910.
num_chunk_merges: 6.
num_chunk_splits: 1206.
num_chunks_enlarged: 704.
num_inconsistent_stats: 0.

CodeHeap 'non-profiled nmethods': size=120000Kb used=1863Kb max_used=1863Kb free=118136Kb
 bounds [0x000001f463b80000, 0x000001f463df0000, 0x000001f46b0b0000]
CodeHeap 'profiled nmethods': size=120000Kb used=8820Kb max_used=8820Kb free=111179Kb
 bounds [0x000001f45c0b0000, 0x000001f45c950000, 0x000001f4635e0000]
CodeHeap 'non-nmethods': size=5760Kb used=1295Kb max_used=1349Kb free=4465Kb
 bounds [0x000001f4635e0000, 0x000001f463850000, 0x000001f463b80000]
CodeCache: size=245760Kb, used=11978Kb, max_used=12032Kb, free=233780Kb
 total_blobs=4768, nmethods=4191, adapters=483, full_count=0
Compilation: enabled, stopped_count=0, restarted_count=0

Compilation events (20 events):
Event: 25.042 Thread 0x000001f46f939790 nmethod 4184 0x000001f45c944a90 code [0x000001f45c944da0, 0x000001f45c945d70]
Event: 25.137 Thread 0x000001f46f9253f0 4185       4       java.lang.Object::toString (36 bytes)
Event: 25.254 Thread 0x000001f46f9253f0 nmethod 4185 0x000001f463d4ca90 code [0x000001f463d4cd60, 0x000001f463d4e8d0]
Event: 25.370 Thread 0x000001f46f9253f0 4186       4       java.util.ArrayList::fastRemove (44 bytes)
Event: 25.374 Thread 0x000001f46f9253f0 nmethod 4186 0x000001f463d4f710 code [0x000001f463d4f8a0, 0x000001f463d4fa68]
Event: 25.476 Thread 0x000001f46f9253f0 4187       4       java.lang.Long::stringSize (55 bytes)
Event: 25.482 Thread 0x000001f46f9253f0 nmethod 4187 0x000001f463d4fb90 code [0x000001f463d4fd20, 0x000001f463d4ff20]
Event: 25.483 Thread 0x000001f46f9253f0 4188       4       java.lang.Long::getChars (195 bytes)
Event: 25.502 Thread 0x000001f46f9253f0 nmethod 4188 0x000001f463d4ff90 code [0x000001f463d50140, 0x000001f463d506e0]
Event: 25.544 Thread 0x000001f46f939790 4189       3       org.lombokweb.asm.SymbolTable::addConstantIntegerOrFloat (21 bytes)
Event: 25.545 Thread 0x000001f46f939790 nmethod 4189 0x000001f45c946490 code [0x000001f45c946660, 0x000001f45c9468c8]
Event: 25.546 Thread 0x000001f46f939790 4190       3       org.lombokweb.asm.SymbolTable::addConstant (317 bytes)
Event: 25.551 Thread 0x000001f46f939790 nmethod 4190 0x000001f45c946a10 code [0x000001f45c946fc0, 0x000001f45c94a110]
Event: 25.551 Thread 0x000001f46f939790 4191       1       lombok.patcher.scripts.AddFieldScript::access$0 (5 bytes)
Event: 25.551 Thread 0x000001f46f939790 nmethod 4191 0x000001f463d50a90 code [0x000001f463d50c20, 0x000001f463d50cd0]
Event: 25.601 Thread 0x000001f46f9253f0 4192       4       java.util.HashMap::getOrDefault (19 bytes)
Event: 25.620 Thread 0x000001f46f9253f0 nmethod 4192 0x000001f463d50d90 code [0x000001f463d50f60, 0x000001f463d51320]
Event: 25.621 Thread 0x000001f46f9253f0 4193       4       java.util.Collections$UnmodifiableMap::getOrDefault (12 bytes)
Event: 25.633 Thread 0x000001f46f9253f0 nmethod 4193 0x000001f463d51610 code [0x000001f463d517e0, 0x000001f463d51bc8]
Event: 25.927 Thread 0x000001f46f9253f0 4194       4       org.eclipse.osgi.internal.serviceregistry.ServiceRegistry::notifyHooksPrivileged (57 bytes)

GC Heap History (18 events):
Event: 3.918 GC heap before
{Heap before GC invocations=1 (full 0):
 PSYoungGen      total 29696K, used 25600K [0x00000000d5580000, 0x00000000d7680000, 0x0000000100000000)
  eden space 25600K, 100% used [0x00000000d5580000,0x00000000d6e80000,0x00000000d6e80000)
  from space 4096K, 0% used [0x00000000d7280000,0x00000000d7280000,0x00000000d7680000)
  to   space 4096K, 0% used [0x00000000d6e80000,0x00000000d6e80000,0x00000000d7280000)
 ParOldGen       total 68608K, used 0K [0x0000000080000000, 0x0000000084300000, 0x00000000d5580000)
  object space 68608K, 0% used [0x0000000080000000,0x0000000080000000,0x0000000084300000)
 Metaspace       used 4376K, committed 4608K, reserved 1114112K
  class space    used 475K, committed 576K, reserved 1048576K
}
Event: 3.990 GC heap after
{Heap after GC invocations=1 (full 0):
 PSYoungGen      total 29696K, used 3271K [0x00000000d5580000, 0x00000000d7680000, 0x0000000100000000)
  eden space 25600K, 0% used [0x00000000d5580000,0x00000000d5580000,0x00000000d6e80000)
  from space 4096K, 79% used [0x00000000d6e80000,0x00000000d71b1e98,0x00000000d7280000)
  to   space 4096K, 0% used [0x00000000d7280000,0x00000000d7280000,0x00000000d7680000)
 ParOldGen       total 68608K, used 16K [0x0000000080000000, 0x0000000084300000, 0x00000000d5580000)
  object space 68608K, 0% used [0x0000000080000000,0x0000000080004000,0x0000000084300000)
 Metaspace       used 4376K, committed 4608K, reserved 1114112K
  class space    used 475K, committed 576K, reserved 1048576K
}
Event: 7.778 GC heap before
{Heap before GC invocations=2 (full 0):
 PSYoungGen      total 29696K, used 28871K [0x00000000d5580000, 0x00000000d7680000, 0x0000000100000000)
  eden space 25600K, 100% used [0x00000000d5580000,0x00000000d6e80000,0x00000000d6e80000)
  from space 4096K, 79% used [0x00000000d6e80000,0x00000000d71b1e98,0x00000000d7280000)
  to   space 4096K, 0% used [0x00000000d7280000,0x00000000d7280000,0x00000000d7680000)
 ParOldGen       total 68608K, used 16K [0x0000000080000000, 0x0000000084300000, 0x00000000d5580000)
  object space 68608K, 0% used [0x0000000080000000,0x0000000080004000,0x0000000084300000)
 Metaspace       used 8009K, committed 8256K, reserved 1114112K
  class space    used 832K, committed 960K, reserved 1048576K
}
Event: 7.795 GC heap after
{Heap after GC invocations=2 (full 0):
 PSYoungGen      total 29696K, used 4086K [0x00000000d5580000, 0x00000000d7680000, 0x0000000100000000)
  eden space 25600K, 0% used [0x00000000d5580000,0x00000000d5580000,0x00000000d6e80000)
  from space 4096K, 99% used [0x00000000d7280000,0x00000000d767d810,0x00000000d7680000)
  to   space 4096K, 0% used [0x00000000d6e80000,0x00000000d6e80000,0x00000000d7280000)
 ParOldGen       total 68608K, used 1973K [0x0000000080000000, 0x0000000084300000, 0x00000000d5580000)
  object space 68608K, 2% used [0x0000000080000000,0x00000000801ed6b8,0x0000000084300000)
 Metaspace       used 8009K, committed 8256K, reserved 1114112K
  class space    used 832K, committed 960K, reserved 1048576K
}
Event: 10.000 GC heap before
{Heap before GC invocations=3 (full 0):
 PSYoungGen      total 29696K, used 29686K [0x00000000d5580000, 0x00000000d7680000, 0x0000000100000000)
  eden space 25600K, 100% used [0x00000000d5580000,0x00000000d6e80000,0x00000000d6e80000)
  from space 4096K, 99% used [0x00000000d7280000,0x00000000d767d810,0x00000000d7680000)
  to   space 4096K, 0% used [0x00000000d6e80000,0x00000000d6e80000,0x00000000d7280000)
 ParOldGen       total 68608K, used 1973K [0x0000000080000000, 0x0000000084300000, 0x00000000d5580000)
  object space 68608K, 2% used [0x0000000080000000,0x00000000801ed6b8,0x0000000084300000)
 Metaspace       used 9445K, committed 9728K, reserved 1114112K
  class space    used 1007K, committed 1152K, reserved 1048576K
}
Event: 10.011 GC heap after
{Heap after GC invocations=3 (full 0):
 PSYoungGen      total 29696K, used 4077K [0x00000000d5580000, 0x00000000d7680000, 0x0000000100000000)
  eden space 25600K, 0% used [0x00000000d5580000,0x00000000d5580000,0x00000000d6e80000)
  from space 4096K, 99% used [0x00000000d6e80000,0x00000000d727b500,0x00000000d7280000)
  to   space 4096K, 0% used [0x00000000d7280000,0x00000000d7280000,0x00000000d7680000)
 ParOldGen       total 68608K, used 4864K [0x0000000080000000, 0x0000000084300000, 0x00000000d5580000)
  object space 68608K, 7% used [0x0000000080000000,0x00000000804c03b8,0x0000000084300000)
 Metaspace       used 9445K, committed 9728K, reserved 1114112K
  class space    used 1007K, committed 1152K, reserved 1048576K
}
Event: 13.034 GC heap before
{Heap before GC invocations=4 (full 0):
 PSYoungGen      total 29696K, used 29677K [0x00000000d5580000, 0x00000000d7680000, 0x0000000100000000)
  eden space 25600K, 100% used [0x00000000d5580000,0x00000000d6e80000,0x00000000d6e80000)
  from space 4096K, 99% used [0x00000000d6e80000,0x00000000d727b500,0x00000000d7280000)
  to   space 4096K, 0% used [0x00000000d7280000,0x00000000d7280000,0x00000000d7680000)
 ParOldGen       total 68608K, used 4864K [0x0000000080000000, 0x0000000084300000, 0x00000000d5580000)
  object space 68608K, 7% used [0x0000000080000000,0x00000000804c03b8,0x0000000084300000)
 Metaspace       used 11610K, committed 11968K, reserved 1114112K
  class space    used 1227K, committed 1408K, reserved 1048576K
}
Event: 13.047 GC heap after
{Heap after GC invocations=4 (full 0):
 PSYoungGen      total 29696K, used 4074K [0x00000000d5580000, 0x00000000d7680000, 0x0000000100000000)
  eden space 25600K, 0% used [0x00000000d5580000,0x00000000d5580000,0x00000000d6e80000)
  from space 4096K, 99% used [0x00000000d7280000,0x00000000d767a9c8,0x00000000d7680000)
  to   space 4096K, 0% used [0x00000000d6e80000,0x00000000d6e80000,0x00000000d7280000)
 ParOldGen       total 68608K, used 6733K [0x0000000080000000, 0x0000000084300000, 0x00000000d5580000)
  object space 68608K, 9% used [0x0000000080000000,0x0000000080693558,0x0000000084300000)
 Metaspace       used 11610K, committed 11968K, reserved 1114112K
  class space    used 1227K, committed 1408K, reserved 1048576K
}
Event: 14.676 GC heap before
{Heap before GC invocations=5 (full 0):
 PSYoungGen      total 29696K, used 29674K [0x00000000d5580000, 0x00000000d7680000, 0x0000000100000000)
  eden space 25600K, 100% used [0x00000000d5580000,0x00000000d6e80000,0x00000000d6e80000)
  from space 4096K, 99% used [0x00000000d7280000,0x00000000d767a9c8,0x00000000d7680000)
  to   space 4096K, 0% used [0x00000000d6e80000,0x00000000d6e80000,0x00000000d7280000)
 ParOldGen       total 68608K, used 6733K [0x0000000080000000, 0x0000000084300000, 0x00000000d5580000)
  object space 68608K, 9% used [0x0000000080000000,0x0000000080693558,0x0000000084300000)
 Metaspace       used 15510K, committed 16192K, reserved 1114112K
  class space    used 1608K, committed 1920K, reserved 1048576K
}
Event: 14.687 GC heap after
{Heap after GC invocations=5 (full 0):
 PSYoungGen      total 29184K, used 4080K [0x00000000d5580000, 0x00000000d7a00000, 0x0000000100000000)
  eden space 25088K, 0% used [0x00000000d5580000,0x00000000d5580000,0x00000000d6e00000)
  from space 4096K, 99% used [0x00000000d6e80000,0x00000000d727c1b8,0x00000000d7280000)
  to   space 6144K, 0% used [0x00000000d7400000,0x00000000d7400000,0x00000000d7a00000)
 ParOldGen       total 68608K, used 8290K [0x0000000080000000, 0x0000000084300000, 0x00000000d5580000)
  object space 68608K, 12% used [0x0000000080000000,0x0000000080818868,0x0000000084300000)
 Metaspace       used 15510K, committed 16192K, reserved 1114112K
  class space    used 1608K, committed 1920K, reserved 1048576K
}
Event: 19.957 GC heap before
{Heap before GC invocations=6 (full 0):
 PSYoungGen      total 29184K, used 29168K [0x00000000d5580000, 0x00000000d7a00000, 0x0000000100000000)
  eden space 25088K, 100% used [0x00000000d5580000,0x00000000d6e00000,0x00000000d6e00000)
  from space 4096K, 99% used [0x00000000d6e80000,0x00000000d727c1b8,0x00000000d7280000)
  to   space 6144K, 0% used [0x00000000d7400000,0x00000000d7400000,0x00000000d7a00000)
 ParOldGen       total 68608K, used 8290K [0x0000000080000000, 0x0000000084300000, 0x00000000d5580000)
  object space 68608K, 12% used [0x0000000080000000,0x0000000080818868,0x0000000084300000)
 Metaspace       used 18534K, committed 19264K, reserved 1114112K
  class space    used 1945K, committed 2240K, reserved 1048576K
}
Event: 19.969 GC heap after
{Heap after GC invocations=6 (full 0):
 PSYoungGen      total 30208K, used 5620K [0x00000000d5580000, 0x00000000d7980000, 0x0000000100000000)
  eden space 24576K, 0% used [0x00000000d5580000,0x00000000d5580000,0x00000000d6d80000)
  from space 5632K, 99% used [0x00000000d7400000,0x00000000d797d308,0x00000000d7980000)
  to   space 6144K, 0% used [0x00000000d6d80000,0x00000000d6d80000,0x00000000d7380000)
 ParOldGen       total 68608K, used 8298K [0x0000000080000000, 0x0000000084300000, 0x00000000d5580000)
  object space 68608K, 12% used [0x0000000080000000,0x000000008081a868,0x0000000084300000)
 Metaspace       used 18534K, committed 19264K, reserved 1114112K
  class space    used 1945K, committed 2240K, reserved 1048576K
}
Event: 22.140 GC heap before
{Heap before GC invocations=7 (full 0):
 PSYoungGen      total 30208K, used 27243K [0x00000000d5580000, 0x00000000d7980000, 0x0000000100000000)
  eden space 24576K, 87% used [0x00000000d5580000,0x00000000d6a9dcf0,0x00000000d6d80000)
  from space 5632K, 99% used [0x00000000d7400000,0x00000000d797d308,0x00000000d7980000)
  to   space 6144K, 0% used [0x00000000d6d80000,0x00000000d6d80000,0x00000000d7380000)
 ParOldGen       total 68608K, used 8298K [0x0000000080000000, 0x0000000084300000, 0x00000000d5580000)
  object space 68608K, 12% used [0x0000000080000000,0x000000008081a868,0x0000000084300000)
 Metaspace       used 20640K, committed 21504K, reserved 1114112K
  class space    used 2200K, committed 2560K, reserved 1048576K
}
Event: 22.163 GC heap after
{Heap after GC invocations=7 (full 0):
 PSYoungGen      total 30208K, used 5214K [0x00000000d5580000, 0x00000000d7880000, 0x0000000100000000)
  eden space 24576K, 0% used [0x00000000d5580000,0x00000000d5580000,0x00000000d6d80000)
  from space 5632K, 92% used [0x00000000d6d80000,0x00000000d7297a38,0x00000000d7300000)
  to   space 5632K, 0% used [0x00000000d7300000,0x00000000d7300000,0x00000000d7880000)
 ParOldGen       total 68608K, used 9773K [0x0000000080000000, 0x0000000084300000, 0x00000000d5580000)
  object space 68608K, 14% used [0x0000000080000000,0x000000008098b528,0x0000000084300000)
 Metaspace       used 20640K, committed 21504K, reserved 1114112K
  class space    used 2200K, committed 2560K, reserved 1048576K
}
Event: 22.163 GC heap before
{Heap before GC invocations=8 (full 1):
 PSYoungGen      total 30208K, used 5214K [0x00000000d5580000, 0x00000000d7880000, 0x0000000100000000)
  eden space 24576K, 0% used [0x00000000d5580000,0x00000000d5580000,0x00000000d6d80000)
  from space 5632K, 92% used [0x00000000d6d80000,0x00000000d7297a38,0x00000000d7300000)
  to   space 5632K, 0% used [0x00000000d7300000,0x00000000d7300000,0x00000000d7880000)
 ParOldGen       total 68608K, used 9773K [0x0000000080000000, 0x0000000084300000, 0x00000000d5580000)
  object space 68608K, 14% used [0x0000000080000000,0x000000008098b528,0x0000000084300000)
 Metaspace       used 20640K, committed 21504K, reserved 1114112K
  class space    used 2200K, committed 2560K, reserved 1048576K
}
Event: 22.255 GC heap after
{Heap after GC invocations=8 (full 1):
 PSYoungGen      total 30208K, used 0K [0x00000000d5580000, 0x00000000d7880000, 0x0000000100000000)
  eden space 24576K, 0% used [0x00000000d5580000,0x00000000d5580000,0x00000000d6d80000)
  from space 5632K, 0% used [0x00000000d6d80000,0x00000000d6d80000,0x00000000d7300000)
  to   space 5632K, 0% used [0x00000000d7300000,0x00000000d7300000,0x00000000d7880000)
 ParOldGen       total 68608K, used 14367K [0x0000000080000000, 0x0000000084300000, 0x00000000d5580000)
  object space 68608K, 20% used [0x0000000080000000,0x0000000080e07e30,0x0000000084300000)
 Metaspace       used 20627K, committed 21504K, reserved 1114112K
  class space    used 2196K, committed 2560K, reserved 1048576K
}
Event: 24.743 GC heap before
{Heap before GC invocations=9 (full 1):
 PSYoungGen      total 30208K, used 24576K [0x00000000d5580000, 0x00000000d7880000, 0x0000000100000000)
  eden space 24576K, 100% used [0x00000000d5580000,0x00000000d6d80000,0x00000000d6d80000)
  from space 5632K, 0% used [0x00000000d6d80000,0x00000000d6d80000,0x00000000d7300000)
  to   space 5632K, 0% used [0x00000000d7300000,0x00000000d7300000,0x00000000d7880000)
 ParOldGen       total 68608K, used 14367K [0x0000000080000000, 0x0000000084300000, 0x00000000d5580000)
  object space 68608K, 20% used [0x0000000080000000,0x0000000080e07e30,0x0000000084300000)
 Metaspace       used 22993K, committed 23936K, reserved 1114112K
  class space    used 2431K, committed 2816K, reserved 1048576K
}
Event: 24.747 GC heap after
{Heap after GC invocations=9 (full 1):
 PSYoungGen      total 27136K, used 2688K [0x00000000d5580000, 0x00000000d7600000, 0x0000000100000000)
  eden space 24064K, 0% used [0x00000000d5580000,0x00000000d5580000,0x00000000d6d00000)
  from space 3072K, 87% used [0x00000000d7300000,0x00000000d75a02a0,0x00000000d7600000)
  to   space 4096K, 0% used [0x00000000d6e00000,0x00000000d6e00000,0x00000000d7200000)
 ParOldGen       total 68608K, used 14375K [0x0000000080000000, 0x0000000084300000, 0x00000000d5580000)
  object space 68608K, 20% used [0x0000000080000000,0x0000000080e09e30,0x0000000084300000)
 Metaspace       used 22993K, committed 23936K, reserved 1114112K
  class space    used 2431K, committed 2816K, reserved 1048576K
}

Dll operation events (10 events):
Event: 0.034 Loaded shared library c:\Users\quang\.vscode\extensions\redhat.java-1.55.0-win32-x64\jre\21.0.11-win32-x86_64\bin\java.dll
Event: 0.423 Loaded shared library c:\Users\quang\.vscode\extensions\redhat.java-1.55.0-win32-x64\jre\21.0.11-win32-x86_64\bin\zip.dll
Event: 0.634 Loaded shared library C:\Users\quang\.vscode\extensions\redhat.java-1.55.0-win32-x64\jre\21.0.11-win32-x86_64\bin\instrument.dll
Event: 0.655 Loaded shared library C:\Users\quang\.vscode\extensions\redhat.java-1.55.0-win32-x64\jre\21.0.11-win32-x86_64\bin\net.dll
Event: 0.670 Loaded shared library C:\Users\quang\.vscode\extensions\redhat.java-1.55.0-win32-x64\jre\21.0.11-win32-x86_64\bin\nio.dll
Event: 0.687 Loaded shared library C:\Users\quang\.vscode\extensions\redhat.java-1.55.0-win32-x64\jre\21.0.11-win32-x86_64\bin\zip.dll
Event: 0.770 Loaded shared library C:\Users\quang\.vscode\extensions\redhat.java-1.55.0-win32-x64\jre\21.0.11-win32-x86_64\bin\jimage.dll
Event: 1.099 Loaded shared library c:\Users\quang\.vscode\extensions\redhat.java-1.55.0-win32-x64\jre\21.0.11-win32-x86_64\bin\verify.dll
Event: 8.058 Loaded shared library C:\Users\quang\AppData\Roaming\Code\User\globalStorage\redhat.java\1.55.0\config_win\org.eclipse.equinox.launcher\org.eclipse.equinox.launcher.win32.win32.x86_64_1.3.100.v20260613-0559\eclipse_11924.dll
Event: 18.486 Loaded shared library C:\Users\quang\AppData\Local\Temp\jna-107940150\jna16503629513165065446.dll

Deoptimization events (20 events):
Event: 22.899 Thread 0x000001f4714a1990 DEOPT PACKING pc=0x000001f463d1dd7c sp=0x000000d1b24ff2a0
Event: 22.899 Thread 0x000001f4714a1990 DEOPT UNPACKING pc=0x000001f463633aa2 sp=0x000000d1b24ff240 mode 2
Event: 24.237 Thread 0x000001f4714a1990 Uncommon trap: trap_request=0xffffff45 fr.pc=0x000001f463d2ccd8 relative=0x0000000000000af8
Event: 24.237 Thread 0x000001f4714a1990 Uncommon trap: reason=unstable_if action=reinterpret pc=0x000001f463d2ccd8 method=java.io.BufferedInputStream.implRead([BII)I @ 30 c2
Event: 24.237 Thread 0x000001f4714a1990 DEOPT PACKING pc=0x000001f463d2ccd8 sp=0x000000d1b24feb40
Event: 24.237 Thread 0x000001f4714a1990 DEOPT UNPACKING pc=0x000001f463633aa2 sp=0x000000d1b24feaa8 mode 2
Event: 24.238 Thread 0x000001f4714a1990 Uncommon trap: trap_request=0xffffff76 fr.pc=0x000001f463d16398 relative=0x0000000000000398
Event: 24.238 Thread 0x000001f4714a1990 Uncommon trap: reason=predicate action=maybe_recompile pc=0x000001f463d16398 method=java.util.regex.Pattern$BmpCharPropertyGreedy.match(Ljava/util/regex/Matcher;ILjava/lang/CharSequence;)Z @ 12 c2
Event: 24.238 Thread 0x000001f4714a1990 DEOPT PACKING pc=0x000001f463d16398 sp=0x000000d1b24fe900
Event: 24.238 Thread 0x000001f4714a1990 DEOPT UNPACKING pc=0x000001f463633aa2 sp=0x000000d1b24fe8a8 mode 2
Event: 24.277 Thread 0x000001f4714a1990 Uncommon trap: trap_request=0xffffff45 fr.pc=0x000001f463bfd9fc relative=0x000000000000021c
Event: 24.277 Thread 0x000001f4714a1990 Uncommon trap: reason=unstable_if action=reinterpret pc=0x000001f463bfd9fc method=java.io.BufferedInputStream.read1([BII)I @ 34 c2
Event: 24.277 Thread 0x000001f4714a1990 DEOPT PACKING pc=0x000001f463bfd9fc sp=0x000000d1b24fe570
Event: 24.277 Thread 0x000001f4714a1990 DEOPT UNPACKING pc=0x000001f463633aa2 sp=0x000000d1b24fe508 mode 2
Event: 24.971 Thread 0x000001f4713d40c0 DEOPT PACKING pc=0x000001f45c558a64 sp=0x000000d1b1ff1b00
Event: 24.971 Thread 0x000001f4713d40c0 DEOPT UNPACKING pc=0x000001f463634242 sp=0x000000d1b1ff1098 mode 0
Event: 24.971 Thread 0x000001f4713d40c0 DEOPT PACKING pc=0x000001f45c558b5c sp=0x000000d1b1ff38d0
Event: 24.971 Thread 0x000001f4713d40c0 DEOPT UNPACKING pc=0x000001f463634242 sp=0x000000d1b1ff2e68 mode 0
Event: 24.980 Thread 0x000001f4713d40c0 DEOPT PACKING pc=0x000001f45c558b5c sp=0x000000d1b1ff56a0
Event: 24.980 Thread 0x000001f4713d40c0 DEOPT UNPACKING pc=0x000001f463634242 sp=0x000000d1b1ff4c38 mode 0

Classes loaded (20 events):
Event: 25.748 Loading class sun/reflect/generics/repository/AbstractRepository
Event: 25.748 Loading class sun/reflect/generics/repository/AbstractRepository done
Event: 25.749 Loading class sun/reflect/generics/repository/GenericDeclRepository done
Event: 25.749 Loading class sun/reflect/generics/repository/ClassRepository done
Event: 25.749 Loading class sun/reflect/generics/tree/FormalTypeParameter
Event: 25.749 Loading class sun/reflect/generics/tree/FormalTypeParameter done
Event: 25.749 Loading class sun/reflect/generics/tree/ClassSignature
Event: 25.750 Loading class sun/reflect/generics/tree/Signature
Event: 25.750 Loading class sun/reflect/generics/tree/Signature done
Event: 25.750 Loading class sun/reflect/generics/tree/ClassSignature done
Event: 25.750 Loading class sun/reflect/annotation/TypeAnnotation$TypeAnnotationTarget
Event: 25.751 Loading class sun/reflect/annotation/TypeAnnotation$TypeAnnotationTarget done
Event: 25.755 Loading class sun/reflect/annotation/TypeAnnotation$LocationInfo
Event: 25.756 Loading class sun/reflect/annotation/TypeAnnotation$LocationInfo done
Event: 25.757 Loading class sun/reflect/annotation/TypeAnnotation$LocationInfo$Location
Event: 25.757 Loading class sun/reflect/annotation/TypeAnnotation$LocationInfo$Location done
Event: 25.757 Loading class sun/reflect/annotation/AnnotatedTypeFactory
Event: 25.757 Loading class sun/reflect/annotation/AnnotatedTypeFactory done
Event: 25.757 Loading class sun/reflect/annotation/AnnotatedTypeFactory$AnnotatedTypeBaseImpl
Event: 25.902 Loading class sun/reflect/annotation/AnnotatedTypeFactory$AnnotatedTypeBaseImpl done

Classes unloaded (7 events):
Event: 22.178 Thread 0x000001f46f8ffde0 Unloading class 0x000001f4011ad400 'java/lang/invoke/LambdaForm$MH+0x000001f4011ad400'
Event: 22.178 Thread 0x000001f46f8ffde0 Unloading class 0x000001f4011ad000 'java/lang/invoke/LambdaForm$MH+0x000001f4011ad000'
Event: 22.178 Thread 0x000001f46f8ffde0 Unloading class 0x000001f4011acc00 'java/lang/invoke/LambdaForm$MH+0x000001f4011acc00'
Event: 22.178 Thread 0x000001f46f8ffde0 Unloading class 0x000001f4011ac800 'java/lang/invoke/LambdaForm$MH+0x000001f4011ac800'
Event: 22.178 Thread 0x000001f46f8ffde0 Unloading class 0x000001f4011ac400 'java/lang/invoke/LambdaForm$BMH+0x000001f4011ac400'
Event: 22.178 Thread 0x000001f46f8ffde0 Unloading class 0x000001f4011ac000 'java/lang/invoke/LambdaForm$DMH+0x000001f4011ac000'
Event: 22.178 Thread 0x000001f46f8ffde0 Unloading class 0x000001f4011aac00 'java/lang/invoke/LambdaForm$DMH+0x000001f4011aac00'

Classes redefined (0 events):
No events

Internal exceptions (20 events):
Event: 22.024 Thread 0x000001f4713d40c0 Exception <a 'java/lang/NoSuchMethodError'{0x00000000d6937888}: 'java.lang.Object java.lang.invoke.DirectMethodHandle$Holder.invokeStaticInit(java.lang.Object, java.lang.Object, java.lang.Object, java.lang.Object, java.lang.Object, java.lang.Object, java.lang.Object)'> (0x00000000d6937888) 
thrown [s\src\hotspot\share\interpreter\linkResolver.cpp, line 773]
Event: 22.027 Thread 0x000001f4713d40c0 Exception <a 'java/lang/NoSuchMethodError'{0x00000000d693d028}: 'java.lang.Object java.lang.invoke.Invokers$Holder.invoke_MT(java.lang.Object, java.lang.Object, java.lang.Object, java.lang.Object, java.lang.Object, java.lang.Object, java.lang.Object, java.lang.Object, java.lang.Object)'> (0x00000000d693d028) 
thrown [s\src\hotspot\share\interpreter\linkResolver.cpp, line 773]
Event: 22.040 Thread 0x000001f4713d40c0 Exception <a 'java/lang/NoSuchMethodError'{0x00000000d6972170}: 'int java.lang.invoke.DirectMethodHandle$Holder.invokeVirtual(java.lang.Object, java.lang.Object, java.lang.Object)'> (0x00000000d6972170) 
thrown [s\src\hotspot\share\interpreter\linkResolver.cpp, line 773]
Event: 22.042 Thread 0x000001f4713d40c0 Exception <a 'java/lang/NoSuchMethodError'{0x00000000d6977108}: 'int java.lang.invoke.DirectMethodHandle$Holder.invokeStaticInit(java.lang.Object, int, int)'> (0x00000000d6977108) 
thrown [s\src\hotspot\share\interpreter\linkResolver.cpp, line 773]
Event: 22.044 Thread 0x000001f4713d40c0 Exception <a 'java/lang/NoSuchMethodError'{0x00000000d697f490}: 'int java.lang.invoke.DirectMethodHandle$Holder.invokeStaticInit(java.lang.Object, long, long)'> (0x00000000d697f490) 
thrown [s\src\hotspot\share\interpreter\linkResolver.cpp, line 773]
Event: 22.045 Thread 0x000001f4713d40c0 Exception <a 'java/lang/NoSuchMethodError'{0x00000000d6986e48}: 'int java.lang.invoke.DirectMethodHandle$Holder.invokeStaticInit(java.lang.Object, float, float)'> (0x00000000d6986e48) 
thrown [s\src\hotspot\share\interpreter\linkResolver.cpp, line 773]
Event: 22.046 Thread 0x000001f4713d40c0 Exception <a 'java/lang/NoSuchMethodError'{0x00000000d698e7f8}: 'int java.lang.invoke.DirectMethodHandle$Holder.invokeStaticInit(java.lang.Object, double, double)'> (0x00000000d698e7f8) 
thrown [s\src\hotspot\share\interpreter\linkResolver.cpp, line 773]
Event: 22.047 Thread 0x000001f4713d40c0 Exception <a 'java/lang/NoSuchMethodError'{0x00000000d6993c10}: 'int java.lang.invoke.DirectMethodHandle$Holder.invokeStatic(java.lang.Object, long)'> (0x00000000d6993c10) 
thrown [s\src\hotspot\share\interpreter\linkResolver.cpp, line 773]
Event: 22.057 Thread 0x000001f4713d40c0 Exception <a 'java/lang/NoSuchMethodError'{0x00000000d69b28f8}: 'int java.lang.invoke.Invokers$Holder.linkToTargetMethod(java.lang.Object, java.lang.Object)'> (0x00000000d69b28f8) 
thrown [s\src\hotspot\share\interpreter\linkResolver.cpp, line 773]
Event: 22.367 Thread 0x000001f4713d40c0 Exception <a 'java/lang/NoSuchMethodError'{0x00000000d5632d58}: 'java.lang.Object java.lang.invoke.Invokers$Holder.invoke_MT(java.lang.Object, java.lang.Object, java.lang.Object, java.lang.Object, java.lang.Object, java.lang.Object, java.lang.Object, java.lang.Object, java.lang.Object, java.lang.Object, java.lang.Object)'> (0x00000000d5632d58) 
thrown [s\src\hotspot\share\interpreter\linkResolver.cpp, line 773]
Event: 22.406 Thread 0x000001f4713d40c0 Exception <a 'java/lang/NoSuchMethodError'{0x00000000d56bf678}: 'java.lang.Object java.lang.invoke.Invokers$Holder.invoke_MT(java.lang.Object, java.lang.Object, java.lang.Object, java.lang.Object, java.lang.Object, java.lang.Object, java.lang.Object, java.lang.Object, java.lang.Object, java.lang.Object)'> (0x00000000d56bf678) 
thrown [s\src\hotspot\share\interpreter\linkResolver.cpp, line 773]
Event: 22.461 Thread 0x000001f4713d40c0 Exception <a 'java/lang/NoSuchMethodError'{0x00000000d5783780}: 'java.lang.Object java.lang.invoke.DirectMethodHandle$Holder.newInvokeSpecial(java.lang.Object, java.lang.Object, java.lang.Object, java.lang.Object, java.lang.Object, java.lang.Object, java.lang.Object)'> (0x00000000d5783780) 
thrown [s\src\hotspot\share\interpreter\linkResolver.cpp, line 773]
Event: 22.485 Thread 0x000001f4713d40c0 Exception <a 'java/lang/NoSuchMethodError'{0x00000000d57fafc8}: 'java.lang.Object java.lang.invoke.Invokers$Holder.invoker(java.lang.Object, java.lang.Object, java.lang.Object, java.lang.Object, java.lang.Object, java.lang.Object, java.lang.Object, java.lang.Object, java.lang.Object, java.lang.Object, java.lang.Object, java.lang.Object, java.lang.Object)'> (0x00000000d57fafc8) 
thrown [s\src\hotspot\share\interpreter\linkResolver.cpp, line 773]
Event: 22.488 Thread 0x000001f4713d40c0 Exception <a 'java/lang/NoSuchMethodError'{0x00000000d5805460}: 'java.lang.Object java.lang.invoke.DelegatingMethodHandle$Holder.delegate(java.lang.Object, java.lang.Object, java.lang.Object, java.lang.Object, java.lang.Object, java.lang.Object, java.lang.Object, java.lang.Object, java.lang.Object, java.lang.Object, java.lang.Object, java.lang.Object, java.lang.Object)'> (0x00000000d5805460) 
thrown [s\src\hotspot\share\interpreter\linkResolver.cpp, line 773]
Event: 22.513 Thread 0x000001f4713d40c0 Exception <a 'java/lang/NoSuchMethodError'{0x00000000d5878e60}: static Lorg/eclipse/m2e/core/internal/lifecyclemapping/model/PluginExecutionMetadata;.<clinit>()V> (0x00000000d5878e60) 
thrown [s\src\hotspot\share\prims\jni.cpp, line 1111]
Event: 22.534 Thread 0x000001f4713d40c0 Exception <a 'java/lang/NoSuchMethodError'{0x00000000d58d96b0}: static Lorg/eclipse/m2e/core/internal/lifecyclemapping/model/PluginExecutionFilter;.<clinit>()V> (0x00000000d58d96b0) 
thrown [s\src\hotspot\share\prims\jni.cpp, line 1111]
Event: 22.542 Thread 0x000001f4713d40c0 Exception <a 'java/lang/NoSuchMethodError'{0x00000000d5916410}: static Lorg/eclipse/m2e/core/internal/project/registry/MavenProjectFacade$MavenProjectConfiguration;.<clinit>()V> (0x00000000d5916410) 
thrown [s\src\hotspot\share\prims\jni.cpp, line 1111]
Event: 23.216 Thread 0x000001f4713d40c0 Exception <a 'java/lang/NoSuchMethodError'{0x00000000d5dc33c8}: 'double java.lang.invoke.DirectMethodHandle$Holder.invokeStatic(java.lang.Object, java.lang.Object)'> (0x00000000d5dc33c8) 
thrown [s\src\hotspot\share\interpreter\linkResolver.cpp, line 773]
Event: 23.219 Thread 0x000001f4713d40c0 Exception <a 'java/lang/NoSuchMethodError'{0x00000000d5dc6a88}: 'double java.lang.invoke.DirectMethodHandle$Holder.invokeStaticInit(java.lang.Object, java.lang.Object)'> (0x00000000d5dc6a88) 
thrown [s\src\hotspot\share\interpreter\linkResolver.cpp, line 773]
Event: 24.357 Thread 0x000001f4714a1990 Exception <a 'java/lang/NoSuchMethodError'{0x00000000d66cf070}: 'java.lang.Object java.lang.invoke.DirectMethodHandle$Holder.invokeSpecialIFC(java.lang.Object, java.lang.Object, java.lang.Object, java.lang.Object)'> (0x00000000d66cf070) 
thrown [s\src\hotspot\share\interpreter\linkResolver.cpp, line 773]

ZGC Phase Switch (0 events):
No events

VM Operations (20 events):
Event: 19.541 Executing non-safepoint VM operation: HandshakeAllThreads (Deoptimize)
Event: 19.541 Executing non-safepoint VM operation: HandshakeAllThreads (Deoptimize) done
Event: 19.554 Executing non-safepoint VM operation: HandshakeAllThreads (Deoptimize)
Event: 19.554 Executing non-safepoint VM operation: HandshakeAllThreads (Deoptimize) done
Event: 19.957 Executing safepoint VM operation: ParallelGCFailedAllocation (Allocation Failure)
Event: 19.969 Executing safepoint VM operation: ParallelGCFailedAllocation (Allocation Failure) done
Event: 20.977 Executing safepoint VM operation: Cleanup
Event: 20.977 Executing safepoint VM operation: Cleanup done
Event: 21.975 Executing non-safepoint VM operation: HandshakeAllThreads (Deoptimize)
Event: 21.975 Executing non-safepoint VM operation: HandshakeAllThreads (Deoptimize) done
Event: 22.140 Executing safepoint VM operation: CollectForMetadataAllocation (Metadata GC Threshold)
Event: 22.255 Executing safepoint VM operation: CollectForMetadataAllocation (Metadata GC Threshold) done
Event: 23.262 Executing safepoint VM operation: Cleanup
Event: 23.262 Executing safepoint VM operation: Cleanup done
Event: 23.947 Executing non-safepoint VM operation: HandshakeAllThreads (Deoptimize)
Event: 23.966 Executing non-safepoint VM operation: HandshakeAllThreads (Deoptimize) done
Event: 24.742 Executing safepoint VM operation: ParallelGCFailedAllocation (Allocation Failure)
Event: 24.747 Executing safepoint VM operation: ParallelGCFailedAllocation (Allocation Failure) done
Event: 25.758 Executing safepoint VM operation: Cleanup
Event: 25.900 Executing safepoint VM operation: Cleanup done

Memory protections (0 events):
No events

Nmethod flushes (0 events):
No events

Events (20 events):
Event: 7.861 Thread 0x000001f458e9f090 Thread added: 0x000001f4713d2680
Event: 8.090 Thread 0x000001f4713d2680 Thread added: 0x000001f4713d2d10
Event: 8.113 Thread 0x000001f458e9f090 Thread added: 0x000001f4713d40c0
Event: 9.147 Thread 0x000001f46f939790 Thread added: 0x000001f471c644a0
Event: 9.434 Thread 0x000001f471c644a0 Thread exited: 0x000001f471c644a0
Event: 9.939 Thread 0x000001f46f939790 Thread added: 0x000001f4766ba5b0
Event: 10.145 Thread 0x000001f4713d40c0 Thread added: 0x000001f4713d33a0
Event: 10.409 Thread 0x000001f4766ba5b0 Thread exited: 0x000001f4766ba5b0
Event: 12.473 Thread 0x000001f4713d40c0 Thread added: 0x000001f4713d3a30
Event: 13.875 Thread 0x000001f4713d40c0 Thread added: 0x000001f4713d4750
Event: 14.688 Thread 0x000001f46f939790 Thread added: 0x000001f471687050
Event: 15.128 Thread 0x000001f471687050 Thread exited: 0x000001f471687050
Event: 18.676 Thread 0x000001f4713d40c0 Thread added: 0x000001f47149f230
Event: 18.906 Thread 0x000001f4713d40c0 Thread added: 0x000001f4714a1990
Event: 19.065 Thread 0x000001f4713d40c0 Thread added: 0x000001f4714a2d40
Event: 20.658 Thread 0x000001f46f939790 Thread added: 0x000001f476d0a720
Event: 20.840 Thread 0x000001f476d0a720 Thread exited: 0x000001f476d0a720
Event: 24.216 Thread 0x000001f4714a2d40 Thread added: 0x000001f47149ff50
Event: 24.635 Thread 0x000001f46f939790 Thread added: 0x000001f4716ebb30
Event: 24.969 Thread 0x000001f4716ebb30 Thread exited: 0x000001f4716ebb30


Dynamic libraries:
0x00007ff651500000 - 0x00007ff65150e000 	c:\Users\quang\.vscode\extensions\redhat.java-1.55.0-win32-x64\jre\21.0.11-win32-x86_64\bin\java.exe
0x00007ffeaeaf0000 - 0x00007ffeaece8000 	C:\WINDOWS\SYSTEM32\ntdll.dll
0x00007ffeae710000 - 0x00007ffeae7d2000 	C:\WINDOWS\System32\KERNEL32.DLL
0x00007ffeac6c0000 - 0x00007ffeac9b6000 	C:\WINDOWS\System32\KERNELBASE.dll
0x00007ffeac1b0000 - 0x00007ffeac2b0000 	C:\WINDOWS\System32\ucrtbase.dll
0x00007ffea64b0000 - 0x00007ffea64ce000 	c:\Users\quang\.vscode\extensions\redhat.java-1.55.0-win32-x64\jre\21.0.11-win32-x86_64\bin\VCRUNTIME140.dll
0x00007ffea93f0000 - 0x00007ffea9408000 	c:\Users\quang\.vscode\extensions\redhat.java-1.55.0-win32-x64\jre\21.0.11-win32-x86_64\bin\jli.dll
0x00007ffeadf30000 - 0x00007ffeae0d1000 	C:\WINDOWS\System32\USER32.dll
0x00007ffeac180000 - 0x00007ffeac1a2000 	C:\WINDOWS\System32\win32u.dll
0x00007ffeadbf0000 - 0x00007ffeadc1b000 	C:\WINDOWS\System32\GDI32.dll
0x00007ffeac9c0000 - 0x00007ffeacad9000 	C:\WINDOWS\System32\gdi32full.dll
0x00007ffeac390000 - 0x00007ffeac42d000 	C:\WINDOWS\System32\msvcp_win.dll
0x00007ffea3ca0000 - 0x00007ffea3f3b000 	C:\WINDOWS\WinSxS\amd64_microsoft.windows.common-controls_6595b64144ccf1df_6.0.19041.6456_none_60b8a6cb71f64256\COMCTL32.dll
0x00007ffeada60000 - 0x00007ffeadafe000 	C:\WINDOWS\System32\msvcrt.dll
0x00007ffeade30000 - 0x00007ffeade5f000 	C:\WINDOWS\System32\IMM32.DLL
0x00007ffea64a0000 - 0x00007ffea64ac000 	c:\Users\quang\.vscode\extensions\redhat.java-1.55.0-win32-x64\jre\21.0.11-win32-x86_64\bin\vcruntime140_1.dll
0x00007ffe845c0000 - 0x00007ffe8464d000 	c:\Users\quang\.vscode\extensions\redhat.java-1.55.0-win32-x64\jre\21.0.11-win32-x86_64\bin\msvcp140.dll
0x00007ffe3ee10000 - 0x00007ffe3fbb2000 	c:\Users\quang\.vscode\extensions\redhat.java-1.55.0-win32-x64\jre\21.0.11-win32-x86_64\bin\server\jvm.dll
0x00007ffeacc90000 - 0x00007ffeacd41000 	C:\WINDOWS\System32\ADVAPI32.dll
0x00007ffeacbf0000 - 0x00007ffeacc8f000 	C:\WINDOWS\System32\sechost.dll
0x00007ffeadc80000 - 0x00007ffeadda0000 	C:\WINDOWS\System32\RPCRT4.dll
0x00007ffeacae0000 - 0x00007ffeacb07000 	C:\WINDOWS\System32\bcrypt.dll
0x00007ffeadec0000 - 0x00007ffeadf2b000 	C:\WINDOWS\System32\WS2_32.dll
0x00007ffeabfd0000 - 0x00007ffeac01b000 	C:\WINDOWS\SYSTEM32\POWRPROF.dll
0x00007ffe9b020000 - 0x00007ffe9b047000 	C:\WINDOWS\SYSTEM32\WINMM.dll
0x00007ffea5ed0000 - 0x00007ffea5eda000 	C:\WINDOWS\SYSTEM32\VERSION.dll
0x00007ffeabfb0000 - 0x00007ffeabfc2000 	C:\WINDOWS\SYSTEM32\UMPDC.dll
0x00007ffea9fb0000 - 0x00007ffea9fc2000 	C:\WINDOWS\SYSTEM32\kernel.appcore.dll
0x00007ffea6490000 - 0x00007ffea649a000 	c:\Users\quang\.vscode\extensions\redhat.java-1.55.0-win32-x64\jre\21.0.11-win32-x86_64\bin\jimage.dll
0x00007ffe9ab80000 - 0x00007ffe9ad81000 	C:\WINDOWS\SYSTEM32\DBGHELP.DLL
0x00007ffe969c0000 - 0x00007ffe969f4000 	C:\WINDOWS\SYSTEM32\dbgcore.DLL
0x00007ffeac300000 - 0x00007ffeac382000 	C:\WINDOWS\System32\bcryptPrimitives.dll
0x00007ffea5d20000 - 0x00007ffea5d2f000 	c:\Users\quang\.vscode\extensions\redhat.java-1.55.0-win32-x64\jre\21.0.11-win32-x86_64\bin\instrument.dll
0x00007ffea48d0000 - 0x00007ffea48f0000 	c:\Users\quang\.vscode\extensions\redhat.java-1.55.0-win32-x64\jre\21.0.11-win32-x86_64\bin\java.dll
0x00007ffead210000 - 0x00007ffead980000 	C:\WINDOWS\System32\SHELL32.dll
0x00007ffeaa1b0000 - 0x00007ffeaa955000 	C:\WINDOWS\SYSTEM32\windows.storage.dll
0x00007ffeacd80000 - 0x00007ffead0d4000 	C:\WINDOWS\System32\combase.dll
0x00007ffeabad0000 - 0x00007ffeabafb000 	C:\WINDOWS\SYSTEM32\Wldp.dll
0x00007ffeacb10000 - 0x00007ffeacbdd000 	C:\WINDOWS\System32\OLEAUT32.dll
0x00007ffeae660000 - 0x00007ffeae70d000 	C:\WINDOWS\System32\SHCORE.dll
0x00007ffeae190000 - 0x00007ffeae1eb000 	C:\WINDOWS\System32\shlwapi.dll
0x00007ffeac0b0000 - 0x00007ffeac0d4000 	C:\WINDOWS\SYSTEM32\profapi.dll
0x00007ffe7c020000 - 0x00007ffe7c038000 	c:\Users\quang\.vscode\extensions\redhat.java-1.55.0-win32-x64\jre\21.0.11-win32-x86_64\bin\zip.dll
0x00007ffe8e750000 - 0x00007ffe8e760000 	C:\Users\quang\.vscode\extensions\redhat.java-1.55.0-win32-x64\jre\21.0.11-win32-x86_64\bin\net.dll
0x00007ffea4180000 - 0x00007ffea428a000 	C:\WINDOWS\SYSTEM32\WINHTTP.dll
0x00007ffeab7f0000 - 0x00007ffeab85a000 	C:\WINDOWS\system32\mswsock.dll
0x00007ffe7ac60000 - 0x00007ffe7ac76000 	C:\Users\quang\.vscode\extensions\redhat.java-1.55.0-win32-x64\jre\21.0.11-win32-x86_64\bin\nio.dll
0x00007ffe8e1c0000 - 0x00007ffe8e1d0000 	c:\Users\quang\.vscode\extensions\redhat.java-1.55.0-win32-x64\jre\21.0.11-win32-x86_64\bin\verify.dll
0x00007ffe76ab0000 - 0x00007ffe76af5000 	C:\Users\quang\AppData\Roaming\Code\User\globalStorage\redhat.java\1.55.0\config_win\org.eclipse.equinox.launcher\org.eclipse.equinox.launcher.win32.win32.x86_64_1.3.100.v20260613-0559\eclipse_11924.dll
0x00007ffead0e0000 - 0x00007ffead20b000 	C:\WINDOWS\System32\ole32.dll
0x00007ffeaba30000 - 0x00007ffeaba48000 	C:\WINDOWS\SYSTEM32\CRYPTSP.dll
0x00007ffeab110000 - 0x00007ffeab148000 	C:\WINDOWS\system32\rsaenh.dll
0x00007ffeac030000 - 0x00007ffeac05e000 	C:\WINDOWS\SYSTEM32\USERENV.dll
0x00007ffeaba20000 - 0x00007ffeaba2c000 	C:\WINDOWS\SYSTEM32\CRYPTBASE.dll
0x00007ffeab4e0000 - 0x00007ffeab51b000 	C:\WINDOWS\SYSTEM32\IPHLPAPI.DLL
0x00007ffeacbe0000 - 0x00007ffeacbe8000 	C:\WINDOWS\System32\NSI.dll
0x00007ffe75710000 - 0x00007ffe75759000 	C:\Users\quang\AppData\Local\Temp\jna-107940150\jna16503629513165065446.dll
0x00007ffeacd70000 - 0x00007ffeacd78000 	C:\WINDOWS\System32\PSAPI.DLL

JVMTI agents:
c:\Users\quang\.vscode\extensions\redhat.java-1.55.0-win32-x64\lombok\lombok-1.18.39-4050.jar path:c:\Users\quang\.vscode\extensions\redhat.java-1.55.0-win32-x64\jre\21.0.11-win32-x86_64\bin\instrument.dll, loaded, initialized, instrumentlib options:none

dbghelp: loaded successfully - version: 4.0.5 - missing functions: none
symbol engine: initialized successfully - sym options: 0x614 - pdb path: .;c:\Users\quang\.vscode\extensions\redhat.java-1.55.0-win32-x64\jre\21.0.11-win32-x86_64\bin;C:\WINDOWS\SYSTEM32;C:\WINDOWS\WinSxS\amd64_microsoft.windows.common-controls_6595b64144ccf1df_6.0.19041.6456_none_60b8a6cb71f64256;c:\Users\quang\.vscode\extensions\redhat.java-1.55.0-win32-x64\jre\21.0.11-win32-x86_64\bin\server;C:\Users\quang\AppData\Roaming\Code\User\globalStorage\redhat.java\1.55.0\config_win\org.eclipse.equinox.launcher\org.eclipse.equinox.launcher.win32.win32.x86_64_1.3.100.v20260613-0559;C:\Users\quang\AppData\Local\Temp\jna-107940150

VM Arguments:
jvm_args: --add-modules=ALL-SYSTEM --add-opens=java.base/java.util=ALL-UNNAMED --add-opens=java.base/java.lang=ALL-UNNAMED --add-opens=java.base/sun.nio.fs=ALL-UNNAMED -Declipse.application=org.eclipse.jdt.ls.core.id1 -Dosgi.bundles.defaultStartLevel=4 -Declipse.product=org.eclipse.jdt.ls.core.product -Djava.import.generatesMetadataFilesAtProjectRoot=false -DDetectVMInstallationsJob.disabled=true -Dfile.encoding=utf8 -XX:+UseParallelGC -XX:GCTimeRatio=4 -XX:AdaptiveSizePolicyWeight=90 -Dsun.zip.disableMemoryMapping=true -Xmx2G -Xms100m -Xlog:disable -javaagent:c:\Users\quang\.vscode\extensions\redhat.java-1.55.0-win32-x64\lombok\lombok-1.18.39-4050.jar -XX:+HeapDumpOnOutOfMemoryError -XX:HeapDumpPath=c:\Users\quang\AppData\Roaming\Code\User\workspaceStorage\56ebb6715cebb9dc5249f9146434e073\redhat.java -Daether.dependencyCollector.impl=bf 
java_command: c:\Users\quang\.vscode\extensions\redhat.java-1.55.0-win32-x64\server\plugins\org.eclipse.equinox.launcher_1.7.200.v20260619-2039.jar -configuration c:\Users\quang\AppData\Roaming\Code\User\globalStorage\redhat.java\1.55.0\config_win -data c:\Users\quang\AppData\Roaming\Code\User\workspaceStorage\56ebb6715cebb9dc5249f9146434e073\redhat.java\jdt_ws --pipe=\\.\pipe\lsp-9eadb778af8a75dcf709f955857c0505-sock
java_class_path (initial): c:\Users\quang\.vscode\extensions\redhat.java-1.55.0-win32-x64\server\plugins\org.eclipse.equinox.launcher_1.7.200.v20260619-2039.jar
Launcher Type: SUN_STANDARD

[Global flags]
    uintx AdaptiveSizePolicyWeight                 = 90                                        {product} {command line}
     intx CICompilerCount                          = 4                                         {product} {ergonomic}
    uintx GCTimeRatio                              = 4                                         {product} {command line}
     bool HeapDumpOnOutOfMemoryError               = true                                   {manageable} {command line}
    ccstr HeapDumpPath                             = c:\Users\quang\AppData\Roaming\Code\User\workspaceStorage\56ebb6715cebb9dc5249f9146434e073\redhat.java         {manageable} {command line}
   size_t InitialHeapSize                          = 104857600                                 {product} {command line}
   size_t MaxHeapSize                              = 2147483648                                {product} {command line}
   size_t MaxNewSize                               = 715653120                                 {product} {ergonomic}
   size_t MinHeapDeltaBytes                        = 524288                                    {product} {ergonomic}
   size_t MinHeapSize                              = 104857600                                 {product} {command line}
   size_t NewSize                                  = 34603008                                  {product} {ergonomic}
    uintx NonNMethodCodeHeapSize                   = 5839372                                {pd product} {ergonomic}
    uintx NonProfiledCodeHeapSize                  = 122909434                              {pd product} {ergonomic}
   size_t OldSize                                  = 70254592                                  {product} {ergonomic}
    uintx ProfiledCodeHeapSize                     = 122909434                              {pd product} {ergonomic}
    uintx ReservedCodeCacheSize                    = 251658240                              {pd product} {ergonomic}
     bool SegmentedCodeCache                       = true                                      {product} {ergonomic}
   size_t SoftMaxHeapSize                          = 2147483648                             {manageable} {ergonomic}
     bool UseCompressedOops                        = true                           {product lp64_product} {ergonomic}
     bool UseLargePagesIndividualAllocation        = false                                  {pd product} {ergonomic}
     bool UseParallelGC                            = true                                      {product} {command line}

Logging:
Log output configuration:
 #0: stdout all=off uptime,level,tags foldmultilines=false
 #1: stderr all=off uptime,level,tags foldmultilines=false

Release file:
JAVA_VERSION="21.0.11" 
MODULES="java.base java.compiler java.datatransfer java.xml java.prefs java.desktop java.instrument java.logging java.management java.security.sasl java.naming java.rmi java.management.rmi java.net.http java.scripting java.security.jgss java.transaction.xa java.sql java.sql.rowset java.xml.crypto java.se java.smartcardio jdk.accessibility jdk.internal.jvmstat jdk.attach jdk.charsets jdk.internal.opt jdk.zipfs jdk.compiler jdk.crypto.ec jdk.crypto.cryptoki jdk.crypto.mscapi jdk.dynalink jdk.internal.ed jdk.editpad jdk.hotspot.agent jdk.httpserver jdk.internal.le jdk.internal.vm.ci jdk.internal.vm.compiler jdk.internal.vm.compiler.management jdk.jartool jdk.javadoc jdk.jcmd jdk.management jdk.management.agent jdk.jconsole jdk.jdeps jdk.jdwp.agent jdk.jdi jdk.jfr jdk.jshell jdk.jsobject jdk.jstatd jdk.localedata jdk.management.jfr jdk.naming.dns jdk.naming.rmi jdk.net jdk.nio.mapmode jdk.random jdk.sctp jdk.security.auth jdk.security.jgss jdk.unsupported jdk.unsupported.desktop jdk.xml.dom" 

Environment Variables:
JAVA_HOME=C:\Program Files\Java\jdk-21
PATH=C:\Program Files\Common Files\Oracle\Java\javapath;C:\WINDOWS\system32;C:\WINDOWS;C:\WINDOWS\System32\Wbem;C:\WINDOWS\System32\WindowsPowerShell\v1.0\;C:\WINDOWS\System32\OpenSSH\;C:\Program Files\Microsoft SQL Server\170\Tools\Binn\;C:\Program Files\Microsoft SQL Server\Client SDK\ODBC\170\Tools\Binn\;C:\Program Files\dotnet\;C:\Program Files\Java\jdk-21\bin;F:\quangtam2005_download\M12\node-v22.13.0-win-x64\node-v22.13.0-win-x64;F:\App Data\Git\Git\cmd;E:\N4\apache-maven-3.9.14\bin;;C:\Program Files\Docker\Docker\resources\bin;C:\Program Files (x86)\Microsoft SQL Server\160\Tools\Binn\;C:\Program Files\Microsoft SQL Server\160\Tools\Binn\;C:\Program Files\Microsoft SQL Server\160\DTS\Binn\;C:\Users\quang\AppData\Local\Programs\Python\Python312\Scripts\;C:\Users\quang\AppData\Local\Programs\Python\Python312\;C:\Users\quang\AppData\Local\Programs\Python\Launcher\;C:\Program Files\MySQL\MySQL Shell 8.0\bin\;C:\Users\quang\AppData\Local\Microsoft\WindowsApps;C:\Users\quang\.dotnet\tools;E:\FPTU\VSCode\Microsoft VS Code\bin;F:\App Data\Windsurf\bin;C:\Users\quang\AppData\Local\Python\bin;F:\App Data\AntiIDE\Antigravity IDE\bin;C:\Users\quang\AppData\Local\Programs\Antigravity IDE\bin
USERNAME=quang
OS=Windows_NT
PROCESSOR_IDENTIFIER=Intel64 Family 6 Model 142 Stepping 10, GenuineIntel
TMP=C:\Users\quang\AppData\Local\Temp
TEMP=C:\Users\quang\AppData\Local\Temp




Periodic native trim disabled

---------------  S Y S T E M  ---------------

OS:
 Windows 10 , 64 bit Build 19041 (10.0.19041.5915)
OS uptime: 4 days 7:31 hours
Hyper-V role detected

CPU: total 8 (initial active 8) (4 cores per cpu, 2 threads per core) family 6 model 142 stepping 10 microcode 0xb4, cx8, cmov, fxsr, ht, mmx, 3dnowpref, sse, sse2, sse3, ssse3, sse4.1, sse4.2, popcnt, lzcnt, tsc, tscinvbit, avx, avx2, aes, erms, clmul, bmi1, bmi2, adx, fma, vzeroupper, clflush, clflushopt, hv, rdtscp, f16c
Processor Information for the first 8 processors :
  Max Mhz: 1800, Current Mhz: 1600, Mhz Limit: 1584

Memory: 4k page, system-wide physical 8065M (341M free)
TotalPageFile size 18305M (AvailPageFile size 27M)
current process WorkingSet (physical memory assigned to process): 146M, peak: 146M
current process commit charge ("private bytes"): 276M, peak: 279M

vm_info: OpenJDK 64-Bit Server VM (21.0.11+10-LTS) for windows-amd64 JRE (21.0.11+10-LTS), built on 2026-04-21T00:00:00Z by "admin" with MS VC++ 17.12 (VS2022)

END.
