#
# There is insufficient memory for the Java Runtime Environment to continue.
# Native memory allocation (malloc) failed to allocate 1048576 bytes. Error detail: AllocateHeap
# Possible reasons:
#   The system is out of physical RAM or swap space
#   This process is running with CompressedOops enabled, and the Java Heap may be blocking the growth of the native heap
# Possible solutions:
#   Reduce memory load on the system
#   Increase physical memory or swap space
#   Check if swap backing store is full
#   Decrease Java heap size (-Xmx/-Xms)
#   Decrease number of Java threads
#   Decrease Java thread stack sizes (-Xss)
#   Set larger code cache with -XX:ReservedCodeCacheSize=
#   JVM is running with Unscaled Compressed Oops mode in which the Java heap is
#     placed in the first 4GB address space. The Java Heap base address is the
#     maximum limit for the native heap growth. Please use -XX:HeapBaseMinAddress
#     to set the Java Heap base and to place the Java Heap above 4GB virtual address.
# This output file may be truncated or incomplete.
#
#  Out of Memory Error (allocation.cpp:44), pid=14304, tid=12012
#
# JRE version: OpenJDK Runtime Environment Temurin-21.0.11+10 (21.0.11+10) (build 21.0.11+10-LTS)
# Java VM: OpenJDK 64-Bit Server VM Temurin-21.0.11+10 (21.0.11+10-LTS, mixed mode, sharing, tiered, compressed oops, compressed class ptrs, parallel gc, windows-amd64)
# No core dump will be written. Minidumps are not enabled by default on client versions of Windows
#

---------------  S U M M A R Y ------------

Command Line: --add-modules=ALL-SYSTEM --add-opens=java.base/java.util=ALL-UNNAMED --add-opens=java.base/java.lang=ALL-UNNAMED --add-opens=java.base/sun.nio.fs=ALL-UNNAMED -Declipse.application=org.eclipse.jdt.ls.core.id1 -Dosgi.bundles.defaultStartLevel=4 -Declipse.product=org.eclipse.jdt.ls.core.product -Djava.import.generatesMetadataFilesAtProjectRoot=false -DDetectVMInstallationsJob.disabled=true -Dfile.encoding=utf8 -XX:+UseParallelGC -XX:GCTimeRatio=4 -XX:AdaptiveSizePolicyWeight=90 -Dsun.zip.disableMemoryMapping=true -Xmx2G -Xms100m -Xlog:disable -javaagent:c:\Users\quang\.vscode\extensions\redhat.java-1.55.0-win32-x64\lombok\lombok-1.18.39-4050.jar -XX:+HeapDumpOnOutOfMemoryError -XX:HeapDumpPath=c:\Users\quang\AppData\Roaming\Code\User\workspaceStorage\56ebb6715cebb9dc5249f9146434e073\redhat.java -Daether.dependencyCollector.impl=bf c:\Users\quang\.vscode\extensions\redhat.java-1.55.0-win32-x64\server\plugins\org.eclipse.equinox.launcher_1.7.200.v20260619-2039.jar -configuration c:\Users\quang\AppData\Roaming\Code\User\globalStorage\redhat.java\1.55.0\config_win -data c:\Users\quang\AppData\Roaming\Code\User\workspaceStorage\56ebb6715cebb9dc5249f9146434e073\redhat.java\jdt_ws --pipe=\\.\pipe\lsp-6dcc73c37eadc0dc79cad4ae39b10cdd-sock

Host: Intel(R) Core(TM) i5-8250U CPU @ 1.60GHz, 8 cores, 7G,  Windows 10 , 64 bit Build 19041 (10.0.19041.5915)
Time: Wed Aug  5 16:25:15 2026 SE Asia Standard Time elapsed time: 804.669006 seconds (0d 0h 13m 24s)

---------------  T H R E A D  ---------------

Current thread (0x000001acbaadd920):  JavaThread "Attach Listener" daemon [_thread_in_vm, id=12012, stack(0x000000a52c100000,0x000000a52c200000) (1024K)]

Stack: [0x000000a52c100000,0x000000a52c200000]
Native frames: (J=compiled Java code, j=interpreted, Vv=VM code, C=native code)
V  [jvm.dll+0x6d7e19]
V  [jvm.dll+0x8b5096]
V  [jvm.dll+0x8b764e]
V  [jvm.dll+0x8b7d33]
V  [jvm.dll+0x284596]
V  [jvm.dll+0xc13c7]
V  [jvm.dll+0x6d86c9]
V  [jvm.dll+0x133616]
V  [jvm.dll+0x3f868e]
V  [jvm.dll+0x85fb0d]
V  [jvm.dll+0x6d664d]
C  [ucrtbase.dll+0x21bb2]
C  [KERNEL32.DLL+0x17374]
C  [ntdll.dll+0x4cc91]


---------------  P R O C E S S  ---------------

Threads class SMR info:
_java_thread_list=0x000001ad1bee6490, length=39, elements={
0x000001acbab6e180, 0x000001acbaad97b0, 0x000001acbaadb6d0, 0x000001acbaadca00,
0x000001acbaadd920, 0x000001acbaade840, 0x000001acbaae22c0, 0x000001acbaae3100,
0x000001ad18026130, 0x000001ad181fe7f0, 0x000001ad1823dfb0, 0x000001ad18cbca80,
0x000001ad18b78340, 0x000001ad18c8d4b0, 0x000001ad18da07f0, 0x000001ad182eb460,
0x000001ad186f4f80, 0x000001ad1808a9b0, 0x000001ad191a1070, 0x000001ad191a1700,
0x000001ad1919e280, 0x000001ad1919e910, 0x000001ad1919efa0, 0x000001ad198a7740,
0x000001ad198a6390, 0x000001ad198a8460, 0x000001ad198a8af0, 0x000001ad198a6a20,
0x000001ad198a70b0, 0x000001ad198a7dd0, 0x000001ad198a9180, 0x000001ad198a5d00,
0x000001ad1b210900, 0x000001ad1b211620, 0x000001ad19713250, 0x000001ad19713f70,
0x000001ad1970fdd0, 0x000001ad19710460, 0x000001ad19711810
}

Java Threads: ( => current thread )
  0x000001acbab6e180 JavaThread "main"                              [_thread_blocked, id=14912, stack(0x000000a52ba00000,0x000000a52bb00000) (1024K)]
  0x000001acbaad97b0 JavaThread "Reference Handler"          daemon [_thread_blocked, id=15144, stack(0x000000a52be00000,0x000000a52bf00000) (1024K)]
  0x000001acbaadb6d0 JavaThread "Finalizer"                  daemon [_thread_blocked, id=13940, stack(0x000000a52bf00000,0x000000a52c000000) (1024K)]
  0x000001acbaadca00 JavaThread "Signal Dispatcher"          daemon [_thread_blocked, id=6968, stack(0x000000a52c000000,0x000000a52c100000) (1024K)]
=>0x000001acbaadd920 JavaThread "Attach Listener"            daemon [_thread_in_vm, id=12012, stack(0x000000a52c100000,0x000000a52c200000) (1024K)]
  0x000001acbaade840 JavaThread "Service Thread"             daemon [_thread_blocked, id=10012, stack(0x000000a52c200000,0x000000a52c300000) (1024K)]
  0x000001acbaae22c0 JavaThread "Monitor Deflation Thread"   daemon [_thread_blocked, id=6192, stack(0x000000a52c300000,0x000000a52c400000) (1024K)]
  0x000001acbaae3100 JavaThread "C2 CompilerThread0"         daemon [_thread_blocked, id=3380, stack(0x000000a52c400000,0x000000a52c500000) (1024K)]
  0x000001ad18026130 JavaThread "C1 CompilerThread0"         daemon [_thread_blocked, id=8164, stack(0x000000a52c500000,0x000000a52c600000) (1024K)]
  0x000001ad181fe7f0 JavaThread "Common-Cleaner"             daemon [_thread_blocked, id=15404, stack(0x000000a52c600000,0x000000a52c700000) (1024K)]
  0x000001ad1823dfb0 JavaThread "Notification Thread"        daemon [_thread_blocked, id=5336, stack(0x000000a52c700000,0x000000a52c800000) (1024K)]
  0x000001ad18cbca80 JavaThread "Active Thread: Equinox Container: 495156b3-2cbd-4d76-8a9f-f0f9a66bf9a7"        [_thread_blocked, id=2392, stack(0x000000a52c800000,0x000000a52c900000) (1024K)]
  0x000001ad18b78340 JavaThread "Refresh Thread: Equinox Container: 495156b3-2cbd-4d76-8a9f-f0f9a66bf9a7" daemon [_thread_blocked, id=7804, stack(0x000000a52d100000,0x000000a52d200000) (1024K)]
  0x000001ad18c8d4b0 JavaThread "Framework Event Dispatcher: Equinox Container: 495156b3-2cbd-4d76-8a9f-f0f9a66bf9a7" daemon [_thread_blocked, id=13168, stack(0x000000a52c900000,0x000000a52ca00000) (1024K)]
  0x000001ad18da07f0 JavaThread "Start Level: Equinox Container: 495156b3-2cbd-4d76-8a9f-f0f9a66bf9a7" daemon [_thread_blocked, id=1404, stack(0x000000a52d200000,0x000000a52d300000) (1024K)]
  0x000001ad182eb460 JavaThread "Bundle File Closer"         daemon [_thread_blocked, id=15280, stack(0x000000a52d400000,0x000000a52d500000) (1024K)]
  0x000001ad186f4f80 JavaThread "SCR Component Actor"        daemon [_thread_blocked, id=16716, stack(0x000000a52d300000,0x000000a52d400000) (1024K)]
  0x000001ad1808a9b0 JavaThread "Worker-JM"                         [_thread_blocked, id=748, stack(0x000000a52d500000,0x000000a52d600000) (1024K)]
  0x000001ad191a1070 JavaThread "JNA Cleaner"                daemon [_thread_blocked, id=11652, stack(0x000000a52d700000,0x000000a52d800000) (1024K)]
  0x000001ad191a1700 JavaThread "Worker-0"                          [_thread_blocked, id=16472, stack(0x000000a52d800000,0x000000a52d900000) (1024K)]
  0x000001ad1919e280 JavaThread "Worker-1"                          [_thread_blocked, id=852, stack(0x000000a52d900000,0x000000a52da00000) (1024K)]
  0x000001ad1919e910 JavaThread "Java indexing"              daemon [_thread_blocked, id=10868, stack(0x000000a52db00000,0x000000a52dc00000) (1024K)]
  0x000001ad1919efa0 JavaThread "Thread-1"                   daemon [_thread_in_native, id=17308, stack(0x000000a52dc00000,0x000000a52dd00000) (1024K)]
  0x000001ad198a7740 JavaThread "Thread-2"                   daemon [_thread_in_native, id=13244, stack(0x000000a52dd00000,0x000000a52de00000) (1024K)]
  0x000001ad198a6390 JavaThread "Thread-3"                   daemon [_thread_in_native, id=9248, stack(0x000000a52de00000,0x000000a52df00000) (1024K)]
  0x000001ad198a8460 JavaThread "Thread-4"                   daemon [_thread_in_native, id=6580, stack(0x000000a52df00000,0x000000a52e000000) (1024K)]
  0x000001ad198a8af0 JavaThread "Thread-5"                   daemon [_thread_in_native, id=2752, stack(0x000000a52e000000,0x000000a52e100000) (1024K)]
  0x000001ad198a6a20 JavaThread "Thread-6"                   daemon [_thread_in_native, id=7408, stack(0x000000a52e100000,0x000000a52e200000) (1024K)]
  0x000001ad198a70b0 JavaThread "Thread-7"                   daemon [_thread_in_native, id=12220, stack(0x000000a52e200000,0x000000a52e300000) (1024K)]
  0x000001ad198a7dd0 JavaThread "Thread-8"                   daemon [_thread_in_native, id=12300, stack(0x000000a52e300000,0x000000a52e400000) (1024K)]
  0x000001ad198a9180 JavaThread "Thread-9"                   daemon [_thread_in_native, id=6852, stack(0x000000a52e400000,0x000000a52e500000) (1024K)]
  0x000001ad198a5d00 JavaThread "pool-2-thread-1"                   [_thread_blocked, id=8184, stack(0x000000a52e500000,0x000000a52e600000) (1024K)]
  0x000001ad1b210900 JavaThread "WorkspaceEventsHandler"            [_thread_blocked, id=5368, stack(0x000000a52e600000,0x000000a52e700000) (1024K)]
  0x000001ad1b211620 JavaThread "pool-1-thread-1"                   [_thread_blocked, id=15452, stack(0x000000a52e700000,0x000000a52e800000) (1024K)]
  0x000001ad19713250 JavaThread "PatternSearchJob-worker-2"  daemon [_thread_blocked, id=16584, stack(0x000000a52ee00000,0x000000a52ef00000) (1024K)]
  0x000001ad19713f70 JavaThread "PatternSearchJob-worker-3"  daemon [_thread_blocked, id=17396, stack(0x000000a52ef00000,0x000000a52f000000) (1024K)]
  0x000001ad1970fdd0 JavaThread "PatternSearchJob-worker-4"  daemon [_thread_blocked, id=11568, stack(0x000000a52f000000,0x000000a52f100000) (1024K)]
  0x000001ad19710460 JavaThread "PatternSearchJob-worker-6"  daemon [_thread_blocked, id=13864, stack(0x000000a52f200000,0x000000a52f300000) (1024K)]
  0x000001ad19711810 JavaThread "PatternSearchJob-worker-7"  daemon [_thread_blocked, id=3184, stack(0x000000a52f300000,0x000000a52f400000) (1024K)]
Total: 39

Other Threads:
  0x000001acbaac0c20 VMThread "VM Thread"                           [id=1080, stack(0x000000a52bd00000,0x000000a52be00000) (1024K)]
  0x000001acbac34100 WatcherThread "VM Periodic Task Thread"        [id=15920, stack(0x000000a52bc00000,0x000000a52bd00000) (1024K)]
  0x000001acbab8bfd0 WorkerThread "GC Thread#0"                     [id=6828, stack(0x000000a52bb00000,0x000000a52bc00000) (1024K)]
  0x000001ad18b047c0 WorkerThread "GC Thread#1"                     [id=3020, stack(0x000000a52ca00000,0x000000a52cb00000) (1024K)]
  0x000001ad18b04f70 WorkerThread "GC Thread#2"                     [id=11600, stack(0x000000a52cb00000,0x000000a52cc00000) (1024K)]
  0x000001ad18b05320 WorkerThread "GC Thread#3"                     [id=10664, stack(0x000000a52cc00000,0x000000a52cd00000) (1024K)]
  0x000001ad18b056d0 WorkerThread "GC Thread#4"                     [id=9320, stack(0x000000a52cd00000,0x000000a52ce00000) (1024K)]
  0x000001ad18a4e740 WorkerThread "GC Thread#5"                     [id=15600, stack(0x000000a52ce00000,0x000000a52cf00000) (1024K)]
  0x000001ad18a4eaf0 WorkerThread "GC Thread#6"                     [id=16140, stack(0x000000a52cf00000,0x000000a52d000000) (1024K)]
  0x000001ad18db54f0 WorkerThread "GC Thread#7"                     [id=1008, stack(0x000000a52d000000,0x000000a52d100000) (1024K)]
Total: 10

Threads with active compile tasks:
Total: 0

VM state: not at safepoint (normal execution)

VM Mutex/Monitor currently owned by a thread: None

Heap address: 0x0000000080000000, size: 2048 MB, Compressed Oops mode: 32-bit

CDS archive(s) mapped at: [0x000001acd2000000-0x000001acd2ba0000-0x000001acd2ba0000), size 12189696, SharedBaseAddress: 0x000001acd2000000, ArchiveRelocationMode: 1.
Compressed class space mapped at: 0x000001acd3000000-0x000001ad13000000, reserved size: 1073741824
Narrow klass base: 0x000001acd2000000, Narrow klass shift: 0, Narrow klass range: 0x100000000

GC Precious Log:
 CardTable entry size: 512
 CPUs: 8 total, 8 available
 Memory: 8065M
 Large Page Support: Disabled
 NUMA Support: Disabled
 Compressed Oops: Enabled (32-bit)
 Alignments: Space 512K, Generation 512K, Heap 2M
 Heap Min Capacity: 100M
 Heap Initial Capacity: 100M
 Heap Max Capacity: 2G
 Pre-touch: Disabled
 Parallel Workers: 8

Heap:
 PSYoungGen      total 7680K, used 6274K [0x00000000d5580000, 0x00000000d5f00000, 0x0000000100000000)
  eden space 6656K, 78% used [0x00000000d5580000,0x00000000d5aa0bc8,0x00000000d5c00000)
  from space 1024K, 99% used [0x00000000d5e00000,0x00000000d5effeb8,0x00000000d5f00000)
  to   space 1536K, 0% used [0x00000000d5c00000,0x00000000d5c00000,0x00000000d5d80000)
 ParOldGen       total 125440K, used 102459K [0x0000000080000000, 0x0000000087a80000, 0x00000000d5580000)
  object space 125440K, 81% used [0x0000000080000000,0x000000008640ee20,0x0000000087a80000)
 Metaspace       used 63855K, committed 65408K, reserved 1114112K
  class space    used 6686K, committed 7360K, reserved 1048576K

Card table byte_map: [0x000001acba520000,0x000001acba930000] _byte_map_base: 0x000001acba120000

Marking Bits: (ParMarkBitMap*) 0x00007ffe3fad4460
 Begin Bits: [0x000001accd030000, 0x000001accf030000)
 End Bits:   [0x000001accf030000, 0x000001acd1030000)

Polling page: 0x000001acb8930000

Metaspace:

Usage:
  Non-class:     55.83 MB used.
      Class:      6.53 MB used.
       Both:     62.36 MB used.

Virtual space:
  Non-class space:       64.00 MB reserved,      56.69 MB ( 89%) committed,  1 nodes.
      Class space:        1.00 GB reserved,       7.19 MB ( <1%) committed,  1 nodes.
             Both:        1.06 GB reserved,      63.88 MB (  6%) committed. 

Chunk freelists:
   Non-Class:  7.22 MB
       Class:  8.65 MB
        Both:  15.87 MB

MaxMetaspaceSize: unlimited
CompressedClassSpaceSize: 1.00 GB
Initial GC threshold: 21.00 MB
Current GC threshold: 97.31 MB
CDS: on
 - commit_granule_bytes: 65536.
 - commit_granule_words: 8192.
 - virtual_space_node_default_size: 8388608.
 - enlarge_chunks_in_place: 1.
 - use_allocation_guard: 0.


Internal statistics:

num_allocs_failed_limit: 9.
num_arena_births: 1382.
num_arena_deaths: 16.
num_vsnodes_births: 2.
num_vsnodes_deaths: 0.
num_space_committed: 1022.
num_space_uncommitted: 0.
num_chunks_returned_to_freelist: 25.
num_chunks_taken_from_freelist: 4539.
num_chunk_merges: 15.
num_chunk_splits: 2724.
num_chunks_enlarged: 1431.
num_inconsistent_stats: 0.

CodeHeap 'non-profiled nmethods': size=120000Kb used=10451Kb max_used=10451Kb free=109548Kb
 bounds [0x000001acc5850000, 0x000001acc6290000, 0x000001acccd80000]
CodeHeap 'profiled nmethods': size=120000Kb used=30064Kb max_used=30064Kb free=89935Kb
 bounds [0x000001acbdd80000, 0x000001acbfae0000, 0x000001acc52b0000]
CodeHeap 'non-nmethods': size=5760Kb used=1421Kb max_used=1523Kb free=4338Kb
 bounds [0x000001acc52b0000, 0x000001acc5520000, 0x000001acc5850000]
CodeCache: size=245760Kb, used=41936Kb, max_used=42038Kb, free=203821Kb
 total_blobs=13366, nmethods=12630, adapters=642, full_count=0
Compilation: enabled, stopped_count=0, restarted_count=0

Compilation events (20 events):
Event: 312.923 Thread 0x000001ad18026130 nmethod 13454 0x000001acc6283090 code [0x000001acc6283220, 0x000001acc6283300]
Event: 313.039 Thread 0x000001acbaae3100 nmethod 13453 0x000001acc6283390 code [0x000001acc62835e0, 0x000001acc6283f88]
Event: 395.112 Thread 0x000001ad18026130 13455       3       java.util.concurrent.locks.AbstractQueuedSynchronizer$ConditionObject::canReacquire (38 bytes)
Event: 395.333 Thread 0x000001ad18026130 nmethod 13455 0x000001acbfad8f90 code [0x000001acbfad9160, 0x000001acbfad94a8]
Event: 476.392 Thread 0x000001ad18026130 13456       3       java.util.concurrent.ThreadPoolExecutor::isShutdown (12 bytes)
Event: 476.415 Thread 0x000001ad18026130 nmethod 13456 0x000001acbfad9610 code [0x000001acbfad97c0, 0x000001acbfad99a0]
Event: 493.126 Thread 0x000001ad18026130 13457       3       org.eclipse.core.internal.jobs.JobManager$$Lambda/0x000001acd31b4be8::applyAsLong (9 bytes)
Event: 493.143 Thread 0x000001ad18026130 nmethod 13457 0x000001acbfad9a90 code [0x000001acbfad9c60, 0x000001acbfad9eb8]
Event: 493.143 Thread 0x000001ad18026130 13458       3       org.eclipse.core.internal.jobs.JobManager::lambda$3 (9 bytes)
Event: 493.145 Thread 0x000001ad18026130 nmethod 13458 0x000001acbfada010 code [0x000001acbfada1c0, 0x000001acbfada3a8]
Event: 493.146 Thread 0x000001ad18026130 13459       3       java.util.concurrent.atomic.AtomicLong::weakCompareAndSetVolatile (13 bytes)
Event: 493.160 Thread 0x000001ad18026130 nmethod 13459 0x000001acbfada490 code [0x000001acbfada640, 0x000001acbfada7a0]
Event: 506.425 Thread 0x000001ad18026130 13460       3       java.util.concurrent.ScheduledThreadPoolExecutor::canRunInCurrentRunState (61 bytes)
Event: 506.443 Thread 0x000001ad18026130 nmethod 13460 0x000001acbfada890 code [0x000001acbfadaaa0, 0x000001acbfadb250]
Event: 552.964 Thread 0x000001ad18026130 13461       3       java.util.concurrent.atomic.AtomicLong::updateAndGet (59 bytes)
Event: 552.971 Thread 0x000001ad18026130 nmethod 13461 0x000001acbfadb490 code [0x000001acbfadb680, 0x000001acbfadbb88]
Event: 694.908 Thread 0x000001ad18026130 13462       3       java.util.concurrent.ScheduledThreadPoolExecutor$DelayedWorkQueue::setIndex (16 bytes)
Event: 694.913 Thread 0x000001ad18026130 nmethod 13462 0x000001acbfadbe10 code [0x000001acbfadbfc0, 0x000001acbfadc2c8]
Event: 776.731 Thread 0x000001ad18026130 13464       1       java.util.concurrent.ThreadPoolExecutor::getQueue (5 bytes)
Event: 776.787 Thread 0x000001ad18026130 nmethod 13464 0x000001acc6284b10 code [0x000001acc6284ca0, 0x000001acc6284d68]

GC Heap History (20 events):
Event: 113.467 GC heap before
{Heap before GC invocations=190 (full 3):
 PSYoungGen      total 10240K, used 10225K [0x00000000d5580000, 0x00000000d6480000, 0x0000000100000000)
  eden space 9216K, 100% used [0x00000000d5580000,0x00000000d5e80000,0x00000000d5e80000)
  from space 1024K, 98% used [0x00000000d6180000,0x00000000d627c610,0x00000000d6280000)
  to   space 3072K, 0% used [0x00000000d5e80000,0x00000000d5e80000,0x00000000d6180000)
 ParOldGen       total 125440K, used 92251K [0x0000000080000000, 0x0000000087a80000, 0x00000000d5580000)
  object space 125440K, 73% used [0x0000000080000000,0x0000000085a16c90,0x0000000087a80000)
 Metaspace       used 63576K, committed 65152K, reserved 1114112K
  class space    used 6668K, committed 7360K, reserved 1048576K
}
Event: 113.474 GC heap after
{Heap after GC invocations=190 (full 3):
 PSYoungGen      total 11776K, used 2063K [0x00000000d5580000, 0x00000000d6380000, 0x0000000100000000)
  eden space 9216K, 0% used [0x00000000d5580000,0x00000000d5580000,0x00000000d5e80000)
  from space 2560K, 80% used [0x00000000d5e80000,0x00000000d6083eb8,0x00000000d6100000)
  to   space 2560K, 0% used [0x00000000d6100000,0x00000000d6100000,0x00000000d6380000)
 ParOldGen       total 125440K, used 93230K [0x0000000080000000, 0x0000000087a80000, 0x00000000d5580000)
  object space 125440K, 74% used [0x0000000080000000,0x0000000085b0bbf8,0x0000000087a80000)
 Metaspace       used 63576K, committed 65152K, reserved 1114112K
  class space    used 6668K, committed 7360K, reserved 1048576K
}
Event: 116.367 GC heap before
{Heap before GC invocations=191 (full 3):
 PSYoungGen      total 11776K, used 11279K [0x00000000d5580000, 0x00000000d6380000, 0x0000000100000000)
  eden space 9216K, 100% used [0x00000000d5580000,0x00000000d5e80000,0x00000000d5e80000)
  from space 2560K, 80% used [0x00000000d5e80000,0x00000000d6083eb8,0x00000000d6100000)
  to   space 2560K, 0% used [0x00000000d6100000,0x00000000d6100000,0x00000000d6380000)
 ParOldGen       total 125440K, used 93230K [0x0000000080000000, 0x0000000087a80000, 0x00000000d5580000)
  object space 125440K, 74% used [0x0000000080000000,0x0000000085b0bbf8,0x0000000087a80000)
 Metaspace       used 63609K, committed 65152K, reserved 1114112K
  class space    used 6672K, committed 7360K, reserved 1048576K
}
Event: 116.373 GC heap after
{Heap after GC invocations=191 (full 3):
 PSYoungGen      total 10752K, used 1444K [0x00000000d5580000, 0x00000000d6280000, 0x0000000100000000)
  eden space 9216K, 0% used [0x00000000d5580000,0x00000000d5580000,0x00000000d5e80000)
  from space 1536K, 94% used [0x00000000d6100000,0x00000000d6269220,0x00000000d6280000)
  to   space 2048K, 0% used [0x00000000d5e80000,0x00000000d5e80000,0x00000000d6080000)
 ParOldGen       total 125440K, used 95048K [0x0000000080000000, 0x0000000087a80000, 0x00000000d5580000)
  object space 125440K, 75% used [0x0000000080000000,0x0000000085cd2248,0x0000000087a80000)
 Metaspace       used 63609K, committed 65152K, reserved 1114112K
  class space    used 6672K, committed 7360K, reserved 1048576K
}
Event: 118.662 GC heap before
{Heap before GC invocations=192 (full 3):
 PSYoungGen      total 10752K, used 10660K [0x00000000d5580000, 0x00000000d6280000, 0x0000000100000000)
  eden space 9216K, 100% used [0x00000000d5580000,0x00000000d5e80000,0x00000000d5e80000)
  from space 1536K, 94% used [0x00000000d6100000,0x00000000d6269220,0x00000000d6280000)
  to   space 2048K, 0% used [0x00000000d5e80000,0x00000000d5e80000,0x00000000d6080000)
 ParOldGen       total 125440K, used 95048K [0x0000000080000000, 0x0000000087a80000, 0x00000000d5580000)
  object space 125440K, 75% used [0x0000000080000000,0x0000000085cd2248,0x0000000087a80000)
 Metaspace       used 63651K, committed 65216K, reserved 1114112K
  class space    used 6675K, committed 7360K, reserved 1048576K
}
Event: 118.670 GC heap after
{Heap after GC invocations=192 (full 3):
 PSYoungGen      total 11264K, used 658K [0x00000000d5580000, 0x00000000d6180000, 0x0000000100000000)
  eden space 9216K, 0% used [0x00000000d5580000,0x00000000d5580000,0x00000000d5e80000)
  from space 2048K, 32% used [0x00000000d5e80000,0x00000000d5f24998,0x00000000d6080000)
  to   space 1024K, 0% used [0x00000000d6080000,0x00000000d6080000,0x00000000d6180000)
 ParOldGen       total 125440K, used 95712K [0x0000000080000000, 0x0000000087a80000, 0x00000000d5580000)
  object space 125440K, 76% used [0x0000000080000000,0x0000000085d78200,0x0000000087a80000)
 Metaspace       used 63651K, committed 65216K, reserved 1114112K
  class space    used 6675K, committed 7360K, reserved 1048576K
}
Event: 119.394 GC heap before
{Heap before GC invocations=193 (full 3):
 PSYoungGen      total 11264K, used 9874K [0x00000000d5580000, 0x00000000d6180000, 0x0000000100000000)
  eden space 9216K, 100% used [0x00000000d5580000,0x00000000d5e80000,0x00000000d5e80000)
  from space 2048K, 32% used [0x00000000d5e80000,0x00000000d5f24998,0x00000000d6080000)
  to   space 1024K, 0% used [0x00000000d6080000,0x00000000d6080000,0x00000000d6180000)
 ParOldGen       total 125440K, used 95712K [0x0000000080000000, 0x0000000087a80000, 0x00000000d5580000)
  object space 125440K, 76% used [0x0000000080000000,0x0000000085d78200,0x0000000087a80000)
 Metaspace       used 63673K, committed 65216K, reserved 1114112K
  class space    used 6676K, committed 7360K, reserved 1048576K
}
Event: 119.399 GC heap after
{Heap after GC invocations=193 (full 3):
 PSYoungGen      total 9728K, used 994K [0x00000000d5580000, 0x00000000d6380000, 0x0000000100000000)
  eden space 8704K, 0% used [0x00000000d5580000,0x00000000d5580000,0x00000000d5e00000)
  from space 1024K, 97% used [0x00000000d6080000,0x00000000d6178b08,0x00000000d6180000)
  to   space 2560K, 0% used [0x00000000d5e00000,0x00000000d5e00000,0x00000000d6080000)
 ParOldGen       total 125440K, used 96892K [0x0000000080000000, 0x0000000087a80000, 0x00000000d5580000)
  object space 125440K, 77% used [0x0000000080000000,0x0000000085e9f3b8,0x0000000087a80000)
 Metaspace       used 63673K, committed 65216K, reserved 1114112K
  class space    used 6676K, committed 7360K, reserved 1048576K
}
Event: 120.242 GC heap before
{Heap before GC invocations=194 (full 3):
 PSYoungGen      total 9728K, used 9698K [0x00000000d5580000, 0x00000000d6380000, 0x0000000100000000)
  eden space 8704K, 100% used [0x00000000d5580000,0x00000000d5e00000,0x00000000d5e00000)
  from space 1024K, 97% used [0x00000000d6080000,0x00000000d6178b08,0x00000000d6180000)
  to   space 2560K, 0% used [0x00000000d5e00000,0x00000000d5e00000,0x00000000d6080000)
 ParOldGen       total 125440K, used 96892K [0x0000000080000000, 0x0000000087a80000, 0x00000000d5580000)
  object space 125440K, 77% used [0x0000000080000000,0x0000000085e9f3b8,0x0000000087a80000)
 Metaspace       used 63698K, committed 65216K, reserved 1114112K
  class space    used 6678K, committed 7360K, reserved 1048576K
}
Event: 120.248 GC heap after
{Heap after GC invocations=194 (full 3):
 PSYoungGen      total 10240K, used 1504K [0x00000000d5580000, 0x00000000d6200000, 0x0000000100000000)
  eden space 8704K, 0% used [0x00000000d5580000,0x00000000d5580000,0x00000000d5e00000)
  from space 1536K, 97% used [0x00000000d5e00000,0x00000000d5f78108,0x00000000d5f80000)
  to   space 2048K, 0% used [0x00000000d6000000,0x00000000d6000000,0x00000000d6200000)
 ParOldGen       total 125440K, used 97870K [0x0000000080000000, 0x0000000087a80000, 0x00000000d5580000)
  object space 125440K, 78% used [0x0000000080000000,0x0000000085f93880,0x0000000087a80000)
 Metaspace       used 63698K, committed 65216K, reserved 1114112K
  class space    used 6678K, committed 7360K, reserved 1048576K
}
Event: 120.730 GC heap before
{Heap before GC invocations=195 (full 3):
 PSYoungGen      total 10240K, used 10208K [0x00000000d5580000, 0x00000000d6200000, 0x0000000100000000)
  eden space 8704K, 100% used [0x00000000d5580000,0x00000000d5e00000,0x00000000d5e00000)
  from space 1536K, 97% used [0x00000000d5e00000,0x00000000d5f78108,0x00000000d5f80000)
  to   space 2048K, 0% used [0x00000000d6000000,0x00000000d6000000,0x00000000d6200000)
 ParOldGen       total 125440K, used 97870K [0x0000000080000000, 0x0000000087a80000, 0x00000000d5580000)
  object space 125440K, 78% used [0x0000000080000000,0x0000000085f93880,0x0000000087a80000)
 Metaspace       used 63735K, committed 65280K, reserved 1114112K
  class space    used 6679K, committed 7360K, reserved 1048576K
}
Event: 120.736 GC heap after
{Heap after GC invocations=195 (full 3):
 PSYoungGen      total 8704K, used 2026K [0x00000000d5580000, 0x00000000d6600000, 0x0000000100000000)
  eden space 6656K, 0% used [0x00000000d5580000,0x00000000d5580000,0x00000000d5c00000)
  from space 2048K, 98% used [0x00000000d6000000,0x00000000d61fabb0,0x00000000d6200000)
  to   space 4096K, 0% used [0x00000000d5c00000,0x00000000d5c00000,0x00000000d6000000)
 ParOldGen       total 125440K, used 99320K [0x0000000080000000, 0x0000000087a80000, 0x00000000d5580000)
  object space 125440K, 79% used [0x0000000080000000,0x00000000860fe250,0x0000000087a80000)
 Metaspace       used 63735K, committed 65280K, reserved 1114112K
  class space    used 6679K, committed 7360K, reserved 1048576K
}
Event: 121.262 GC heap before
{Heap before GC invocations=196 (full 3):
 PSYoungGen      total 8704K, used 8682K [0x00000000d5580000, 0x00000000d6600000, 0x0000000100000000)
  eden space 6656K, 100% used [0x00000000d5580000,0x00000000d5c00000,0x00000000d5c00000)
  from space 2048K, 98% used [0x00000000d6000000,0x00000000d61fabb0,0x00000000d6200000)
  to   space 4096K, 0% used [0x00000000d5c00000,0x00000000d5c00000,0x00000000d6000000)
 ParOldGen       total 125440K, used 99320K [0x0000000080000000, 0x0000000087a80000, 0x00000000d5580000)
  object space 125440K, 79% used [0x0000000080000000,0x00000000860fe250,0x0000000087a80000)
 Metaspace       used 63751K, committed 65280K, reserved 1114112K
  class space    used 6679K, committed 7360K, reserved 1048576K
}
Event: 121.267 GC heap after
{Heap after GC invocations=196 (full 3):
 PSYoungGen      total 7680K, used 621K [0x00000000d5580000, 0x00000000d6080000, 0x0000000100000000)
  eden space 6656K, 0% used [0x00000000d5580000,0x00000000d5580000,0x00000000d5c00000)
  from space 1024K, 60% used [0x00000000d5c00000,0x00000000d5c9b5d0,0x00000000d5d00000)
  to   space 2048K, 0% used [0x00000000d5e80000,0x00000000d5e80000,0x00000000d6080000)
 ParOldGen       total 125440K, used 101291K [0x0000000080000000, 0x0000000087a80000, 0x00000000d5580000)
  object space 125440K, 80% used [0x0000000080000000,0x00000000862eacd0,0x0000000087a80000)
 Metaspace       used 63751K, committed 65280K, reserved 1114112K
  class space    used 6679K, committed 7360K, reserved 1048576K
}
Event: 121.586 GC heap before
{Heap before GC invocations=197 (full 3):
 PSYoungGen      total 7680K, used 7277K [0x00000000d5580000, 0x00000000d6080000, 0x0000000100000000)
  eden space 6656K, 100% used [0x00000000d5580000,0x00000000d5c00000,0x00000000d5c00000)
  from space 1024K, 60% used [0x00000000d5c00000,0x00000000d5c9b5d0,0x00000000d5d00000)
  to   space 2048K, 0% used [0x00000000d5e80000,0x00000000d5e80000,0x00000000d6080000)
 ParOldGen       total 125440K, used 101291K [0x0000000080000000, 0x0000000087a80000, 0x00000000d5580000)
  object space 125440K, 80% used [0x0000000080000000,0x00000000862eacd0,0x0000000087a80000)
 Metaspace       used 63762K, committed 65280K, reserved 1114112K
  class space    used 6679K, committed 7360K, reserved 1048576K
}
Event: 121.589 GC heap after
{Heap after GC invocations=197 (full 3):
 PSYoungGen      total 7680K, used 695K [0x00000000d5580000, 0x00000000d5f80000, 0x0000000100000000)
  eden space 6656K, 0% used [0x00000000d5580000,0x00000000d5580000,0x00000000d5c00000)
  from space 1024K, 67% used [0x00000000d5e80000,0x00000000d5f2dc20,0x00000000d5f80000)
  to   space 1024K, 0% used [0x00000000d5c00000,0x00000000d5c00000,0x00000000d5d00000)
 ParOldGen       total 125440K, used 101602K [0x0000000080000000, 0x0000000087a80000, 0x00000000d5580000)
  object space 125440K, 80% used [0x0000000080000000,0x0000000086338b00,0x0000000087a80000)
 Metaspace       used 63762K, committed 65280K, reserved 1114112K
  class space    used 6679K, committed 7360K, reserved 1048576K
}
Event: 122.207 GC heap before
{Heap before GC invocations=198 (full 3):
 PSYoungGen      total 7680K, used 7351K [0x00000000d5580000, 0x00000000d5f80000, 0x0000000100000000)
  eden space 6656K, 100% used [0x00000000d5580000,0x00000000d5c00000,0x00000000d5c00000)
  from space 1024K, 67% used [0x00000000d5e80000,0x00000000d5f2dc20,0x00000000d5f80000)
  to   space 1024K, 0% used [0x00000000d5c00000,0x00000000d5c00000,0x00000000d5d00000)
 ParOldGen       total 125440K, used 101602K [0x0000000080000000, 0x0000000087a80000, 0x00000000d5580000)
  object space 125440K, 80% used [0x0000000080000000,0x0000000086338b00,0x0000000087a80000)
 Metaspace       used 63796K, committed 65280K, reserved 1114112K
  class space    used 6680K, committed 7360K, reserved 1048576K
}
Event: 122.209 GC heap after
{Heap after GC invocations=198 (full 3):
 PSYoungGen      total 7680K, used 716K [0x00000000d5580000, 0x00000000d5f00000, 0x0000000100000000)
  eden space 6656K, 0% used [0x00000000d5580000,0x00000000d5580000,0x00000000d5c00000)
  from space 1024K, 69% used [0x00000000d5c00000,0x00000000d5cb3290,0x00000000d5d00000)
  to   space 1024K, 0% used [0x00000000d5e00000,0x00000000d5e00000,0x00000000d5f00000)
 ParOldGen       total 125440K, used 101936K [0x0000000080000000, 0x0000000087a80000, 0x00000000d5580000)
  object space 125440K, 81% used [0x0000000080000000,0x000000008638c068,0x0000000087a80000)
 Metaspace       used 63796K, committed 65280K, reserved 1114112K
  class space    used 6680K, committed 7360K, reserved 1048576K
}
Event: 122.720 GC heap before
{Heap before GC invocations=199 (full 3):
 PSYoungGen      total 7680K, used 7372K [0x00000000d5580000, 0x00000000d5f00000, 0x0000000100000000)
  eden space 6656K, 100% used [0x00000000d5580000,0x00000000d5c00000,0x00000000d5c00000)
  from space 1024K, 69% used [0x00000000d5c00000,0x00000000d5cb3290,0x00000000d5d00000)
  to   space 1024K, 0% used [0x00000000d5e00000,0x00000000d5e00000,0x00000000d5f00000)
 ParOldGen       total 125440K, used 101936K [0x0000000080000000, 0x0000000087a80000, 0x00000000d5580000)
  object space 125440K, 81% used [0x0000000080000000,0x000000008638c068,0x0000000087a80000)
 Metaspace       used 63804K, committed 65280K, reserved 1114112K
  class space    used 6680K, committed 7360K, reserved 1048576K
}
Event: 122.724 GC heap after
{Heap after GC invocations=199 (full 3):
 PSYoungGen      total 7680K, used 1023K [0x00000000d5580000, 0x00000000d5f00000, 0x0000000100000000)
  eden space 6656K, 0% used [0x00000000d5580000,0x00000000d5580000,0x00000000d5c00000)
  from space 1024K, 99% used [0x00000000d5e00000,0x00000000d5effeb8,0x00000000d5f00000)
  to   space 1536K, 0% used [0x00000000d5c00000,0x00000000d5c00000,0x00000000d5d80000)
 ParOldGen       total 125440K, used 102459K [0x0000000080000000, 0x0000000087a80000, 0x00000000d5580000)
  object space 125440K, 81% used [0x0000000080000000,0x000000008640ee20,0x0000000087a80000)
 Metaspace       used 63804K, committed 65280K, reserved 1114112K
  class space    used 6680K, committed 7360K, reserved 1048576K
}

Dll operation events (10 events):
Event: 0.030 Loaded shared library c:\Users\quang\.vscode\extensions\redhat.java-1.55.0-win32-x64\jre\21.0.11-win32-x86_64\bin\java.dll
Event: 0.436 Loaded shared library c:\Users\quang\.vscode\extensions\redhat.java-1.55.0-win32-x64\jre\21.0.11-win32-x86_64\bin\zip.dll
Event: 0.514 Loaded shared library C:\Users\quang\.vscode\extensions\redhat.java-1.55.0-win32-x64\jre\21.0.11-win32-x86_64\bin\instrument.dll
Event: 0.533 Loaded shared library C:\Users\quang\.vscode\extensions\redhat.java-1.55.0-win32-x64\jre\21.0.11-win32-x86_64\bin\net.dll
Event: 0.538 Loaded shared library C:\Users\quang\.vscode\extensions\redhat.java-1.55.0-win32-x64\jre\21.0.11-win32-x86_64\bin\nio.dll
Event: 0.551 Loaded shared library C:\Users\quang\.vscode\extensions\redhat.java-1.55.0-win32-x64\jre\21.0.11-win32-x86_64\bin\zip.dll
Event: 0.622 Loaded shared library C:\Users\quang\.vscode\extensions\redhat.java-1.55.0-win32-x64\jre\21.0.11-win32-x86_64\bin\jimage.dll
Event: 0.846 Loaded shared library c:\Users\quang\.vscode\extensions\redhat.java-1.55.0-win32-x64\jre\21.0.11-win32-x86_64\bin\verify.dll
Event: 4.907 Loaded shared library C:\Users\quang\AppData\Roaming\Code\User\globalStorage\redhat.java\1.55.0\config_win\org.eclipse.equinox.launcher\org.eclipse.equinox.launcher.win32.win32.x86_64_1.3.100.v20260613-0559\eclipse_11924.dll
Event: 11.825 Loaded shared library C:\Users\quang\AppData\Local\Temp\jna-107940150\jna15075141275769297509.dll

Deoptimization events (20 events):
Event: 122.717 Thread 0x000001ad1919e280 Uncommon trap: trap_request=0xffffffcc fr.pc=0x000001acc61c057c relative=0x0000000000001afc
Event: 122.717 Thread 0x000001ad1919e280 Uncommon trap: reason=intrinsic_or_type_checked_inlining action=make_not_entrant pc=0x000001acc61c057c method=java.util.ArrayList$SubList.toArray([Ljava/lang/Object;)[Ljava/lang/Object; @ 58 c2
Event: 122.717 Thread 0x000001ad1919e280 DEOPT PACKING pc=0x000001acc61c057c sp=0x000000a52d9fe670
Event: 122.717 Thread 0x000001ad1919e280 DEOPT UNPACKING pc=0x000001acc5303aa2 sp=0x000000a52d9fe4a8 mode 2
Event: 122.942 Thread 0x000001ad1919e280 Uncommon trap: trap_request=0xffffffbe fr.pc=0x000001acc627d0d4 relative=0x0000000000001114
Event: 122.942 Thread 0x000001ad1919e280 Uncommon trap: reason=profile_predicate action=maybe_recompile pc=0x000001acc627d0d4 method=java.net.URI$Parser.scan(IIJJ)I @ 6 c2
Event: 122.942 Thread 0x000001ad1919e280 DEOPT PACKING pc=0x000001acc627d0d4 sp=0x000000a52d9fe360
Event: 122.942 Thread 0x000001ad1919e280 DEOPT UNPACKING pc=0x000001acc5303aa2 sp=0x000000a52d9fe1d8 mode 2
Event: 122.943 Thread 0x000001ad1919e280 Uncommon trap: trap_request=0xffffffbe fr.pc=0x000001acc627d0d4 relative=0x0000000000001114
Event: 122.943 Thread 0x000001ad1919e280 Uncommon trap: reason=profile_predicate action=maybe_recompile pc=0x000001acc627d0d4 method=java.net.URI$Parser.scan(IIJJ)I @ 6 c2
Event: 122.943 Thread 0x000001ad1919e280 DEOPT PACKING pc=0x000001acc627d0d4 sp=0x000000a52d9fdef0
Event: 122.943 Thread 0x000001ad1919e280 DEOPT UNPACKING pc=0x000001acc5303aa2 sp=0x000000a52d9fdd68 mode 2
Event: 122.943 Thread 0x000001ad1919e280 Uncommon trap: trap_request=0xffffffbe fr.pc=0x000001acc627d0d4 relative=0x0000000000001114
Event: 122.943 Thread 0x000001ad1919e280 Uncommon trap: reason=profile_predicate action=maybe_recompile pc=0x000001acc627d0d4 method=java.net.URI$Parser.scan(IIJJ)I @ 6 c2
Event: 122.943 Thread 0x000001ad1919e280 DEOPT PACKING pc=0x000001acc627d0d4 sp=0x000000a52d9fde60
Event: 122.943 Thread 0x000001ad1919e280 DEOPT UNPACKING pc=0x000001acc5303aa2 sp=0x000000a52d9fdcd8 mode 2
Event: 122.944 Thread 0x000001ad1919e280 Uncommon trap: trap_request=0xffffffbe fr.pc=0x000001acc627d0d4 relative=0x0000000000001114
Event: 122.944 Thread 0x000001ad1919e280 Uncommon trap: reason=profile_predicate action=maybe_recompile pc=0x000001acc627d0d4 method=java.net.URI$Parser.scan(IIJJ)I @ 6 c2
Event: 122.944 Thread 0x000001ad1919e280 DEOPT PACKING pc=0x000001acc627d0d4 sp=0x000000a52d9fe590
Event: 122.944 Thread 0x000001ad1919e280 DEOPT UNPACKING pc=0x000001acc5303aa2 sp=0x000000a52d9fe408 mode 2

Classes loaded (20 events):
Event: 70.201 Loading class java/util/stream/ReduceOps$4ReducingSink
Event: 70.201 Loading class java/util/stream/ReduceOps$4ReducingSink done
Event: 70.206 Loading class java/nio/file/Files$2
Event: 70.206 Loading class java/nio/file/Files$2 done
Event: 70.763 Loading class java/util/stream/ReferencePipeline$4
Event: 70.764 Loading class java/util/stream/ReferencePipeline$4 done
Event: 70.764 Loading class java/util/stream/Nodes$IntFixedNodeBuilder
Event: 70.766 Loading class java/util/stream/Node$Builder$OfInt
Event: 70.766 Loading class java/util/stream/Node$Builder$OfInt done
Event: 70.766 Loading class java/util/stream/Nodes$IntArrayNode
Event: 70.766 Loading class java/util/stream/Nodes$IntArrayNode done
Event: 70.767 Loading class java/util/stream/Nodes$IntFixedNodeBuilder done
Event: 70.767 Loading class java/util/stream/ReferencePipeline$4$1
Event: 70.767 Loading class java/util/stream/ReferencePipeline$4$1 done
Event: 70.900 Loading class java/util/Hashtable$ValueCollection
Event: 70.900 Loading class java/util/Hashtable$ValueCollection done
Event: 74.012 Loading class java/lang/StringLatin1$LinesSpliterator
Event: 74.012 Loading class java/lang/StringLatin1$LinesSpliterator done
Event: 118.790 Loading class java/lang/StringUTF16$LinesSpliterator
Event: 118.792 Loading class java/lang/StringUTF16$LinesSpliterator done

Classes unloaded (8 events):
Event: 15.841 Thread 0x000001acbaac0c20 Unloading class 0x000001acd31aac00 'java/lang/invoke/LambdaForm$MH+0x000001acd31aac00'
Event: 15.841 Thread 0x000001acbaac0c20 Unloading class 0x000001acd31aa800 'java/lang/invoke/LambdaForm$MH+0x000001acd31aa800'
Event: 15.841 Thread 0x000001acbaac0c20 Unloading class 0x000001acd31aa400 'java/lang/invoke/LambdaForm$MH+0x000001acd31aa400'
Event: 15.841 Thread 0x000001acbaac0c20 Unloading class 0x000001acd31aa000 'java/lang/invoke/LambdaForm$MH+0x000001acd31aa000'
Event: 15.841 Thread 0x000001acbaac0c20 Unloading class 0x000001acd31a9c00 'java/lang/invoke/LambdaForm$BMH+0x000001acd31a9c00'
Event: 15.841 Thread 0x000001acbaac0c20 Unloading class 0x000001acd31a9800 'java/lang/invoke/LambdaForm$DMH+0x000001acd31a9800'
Event: 15.841 Thread 0x000001acbaac0c20 Unloading class 0x000001acd31a8400 'java/lang/invoke/LambdaForm$DMH+0x000001acd31a8400'
Event: 68.967 Thread 0x000001acbaac0c20 Unloading class 0x000001acd3648800 'java/lang/invoke/LambdaForm$DMH+0x000001acd3648800'

Classes redefined (0 events):
No events

Internal exceptions (20 events):
Event: 63.265 Thread 0x000001ad1b212340 Implicit null exception at 0x000001acc5f97960 to 0x000001acc5f9dee0
Event: 63.962 Thread 0x000001ad1919e280 Exception <a 'java/lang/NoSuchMethodError'{0x00000000d5ee5990}: 'java.lang.Object java.lang.invoke.DirectMethodHandle$Holder.invokeSpecial(java.lang.Object, java.lang.Object, int, long)'> (0x00000000d5ee5990) 
thrown [s\src\hotspot\share\interpreter\linkResolver.cpp, line 773]
Event: 64.138 Thread 0x000001ad1b20fbe0 Exception <a 'sun/nio/fs/WindowsException'{0x00000000d59beaf0}> (0x00000000d59beaf0) 
thrown [s\src\hotspot\share\prims\jni.cpp, line 520]
Event: 64.138 Thread 0x000001ad1b20fbe0 Exception <a 'sun/nio/fs/WindowsException'{0x00000000d59bf3f0}> (0x00000000d59bf3f0) 
thrown [s\src\hotspot\share\prims\jni.cpp, line 520]
Event: 64.139 Thread 0x000001ad1b20fbe0 Exception <a 'sun/nio/fs/WindowsException'{0x00000000d59ee680}> (0x00000000d59ee680) 
thrown [s\src\hotspot\share\prims\jni.cpp, line 520]
Event: 64.139 Thread 0x000001ad1b20fbe0 Exception <a 'sun/nio/fs/WindowsException'{0x00000000d59eef60}> (0x00000000d59eef60) 
thrown [s\src\hotspot\share\prims\jni.cpp, line 520]
Event: 64.140 Thread 0x000001ad1b20fbe0 Exception <a 'sun/nio/fs/WindowsException'{0x00000000d59f0990}> (0x00000000d59f0990) 
thrown [s\src\hotspot\share\prims\jni.cpp, line 520]
Event: 64.141 Thread 0x000001ad1b20fbe0 Exception <a 'sun/nio/fs/WindowsException'{0x00000000d59f1270}> (0x00000000d59f1270) 
thrown [s\src\hotspot\share\prims\jni.cpp, line 520]
Event: 64.165 Thread 0x000001ad1b20fbe0 Exception <a 'sun/nio/fs/WindowsException'{0x00000000d5d373f8}> (0x00000000d5d373f8) 
thrown [s\src\hotspot\share\prims\jni.cpp, line 520]
Event: 64.165 Thread 0x000001ad1b20fbe0 Exception <a 'sun/nio/fs/WindowsException'{0x00000000d5d37cd8}> (0x00000000d5d37cd8) 
thrown [s\src\hotspot\share\prims\jni.cpp, line 520]
Event: 65.599 Thread 0x000001ad1b212340 Exception <a 'java/lang/IncompatibleClassChangeError'{0x00000000d5e977e0}: Found class java.lang.Object, but interface was expected> (0x00000000d5e977e0) 
thrown [s\src\hotspot\share\interpreter\linkResolver.cpp, line 840]
Event: 70.208 Thread 0x000001ad1b212340 Exception <a 'java/lang/NoSuchMethodError'{0x00000000d5add9c8}: 'int java.lang.invoke.DirectMethodHandle$Holder.invokeSpecialIFC(java.lang.Object, java.lang.Object, java.lang.Object)'> (0x00000000d5add9c8) 
thrown [s\src\hotspot\share\interpreter\linkResolver.cpp, line 773]
Event: 70.838 Thread 0x000001ad1919e280 Implicit null exception at 0x000001acc5f0af25 to 0x000001acc5f0b2e0
Event: 70.992 Thread 0x000001ad1919e280 Exception <a 'java/lang/NoSuchMethodError'{0x00000000d595e1a8}: 'java.lang.Object java.lang.invoke.DirectMethodHandle$Holder.invokeStatic(java.lang.Object, java.lang.Object, int, java.lang.Object)'> (0x00000000d595e1a8) 
thrown [s\src\hotspot\share\interpreter\linkResolver.cpp, line 773]
Event: 70.993 Thread 0x000001ad1919e280 Exception <a 'java/lang/NoSuchMethodError'{0x00000000d5964a48}: 'java.lang.Object java.lang.invoke.DirectMethodHandle$Holder.newInvokeSpecial(java.lang.Object, java.lang.Object, int)'> (0x00000000d5964a48) 
thrown [s\src\hotspot\share\interpreter\linkResolver.cpp, line 773]
Event: 74.013 Thread 0x000001ad1919e280 Exception <a 'java/lang/NoSuchMethodError'{0x00000000d5dc1320}: 'java.lang.Object java.lang.invoke.DirectMethodHandle$Holder.invokeStatic(java.lang.Object, int, java.lang.Object)'> (0x00000000d5dc1320) 
thrown [s\src\hotspot\share\interpreter\linkResolver.cpp, line 773]
Event: 117.481 Thread 0x000001ad1919fcc0 Exception <a 'sun/nio/fs/WindowsException'{0x00000000d5aeb3a8}> (0x00000000d5aeb3a8) 
thrown [s\src\hotspot\share\prims\jni.cpp, line 520]
Event: 117.482 Thread 0x000001ad1919fcc0 Exception <a 'sun/nio/fs/WindowsException'{0x00000000d5aeb9f8}> (0x00000000d5aeb9f8) 
thrown [s\src\hotspot\share\prims\jni.cpp, line 520]
Event: 117.498 Thread 0x000001ad1919fcc0 Exception <a 'sun/nio/fs/WindowsException'{0x00000000d5b45b50}> (0x00000000d5b45b50) 
thrown [s\src\hotspot\share\prims\jni.cpp, line 520]
Event: 117.498 Thread 0x000001ad1919fcc0 Exception <a 'sun/nio/fs/WindowsException'{0x00000000d5b463c0}> (0x00000000d5b463c0) 
thrown [s\src\hotspot\share\prims\jni.cpp, line 520]

ZGC Phase Switch (0 events):
No events

VM Operations (20 events):
Event: 122.207 Executing safepoint VM operation: ParallelGCFailedAllocation (Allocation Failure)
Event: 122.209 Executing safepoint VM operation: ParallelGCFailedAllocation (Allocation Failure) done
Event: 122.720 Executing safepoint VM operation: ParallelGCFailedAllocation (Allocation Failure)
Event: 122.724 Executing safepoint VM operation: ParallelGCFailedAllocation (Allocation Failure) done
Event: 123.740 Executing safepoint VM operation: Cleanup
Event: 123.740 Executing safepoint VM operation: Cleanup done
Event: 180.201 Executing non-safepoint VM operation: HandshakeAllThreads (HandshakeForDeflation)
Event: 180.201 Executing non-safepoint VM operation: HandshakeAllThreads (HandshakeForDeflation) done
Event: 180.202 Executing non-safepoint VM operation: RendezvousGCThreads
Event: 180.202 Executing non-safepoint VM operation: RendezvousGCThreads done
Event: 244.874 Executing safepoint VM operation: Cleanup
Event: 244.875 Executing safepoint VM operation: Cleanup done
Event: 246.892 Executing safepoint VM operation: Cleanup
Event: 246.893 Executing safepoint VM operation: Cleanup done
Event: 313.376 Executing safepoint VM operation: Cleanup
Event: 313.376 Executing safepoint VM operation: Cleanup done
Event: 360.726 Executing non-safepoint VM operation: HandshakeAllThreads (HandshakeForDeflation)
Event: 360.726 Executing non-safepoint VM operation: HandshakeAllThreads (HandshakeForDeflation) done
Event: 360.726 Executing non-safepoint VM operation: RendezvousGCThreads
Event: 360.727 Executing non-safepoint VM operation: RendezvousGCThreads done

Memory protections (0 events):
No events

Nmethod flushes (20 events):
Event: 69.022 Thread 0x000001acbaac0c20 flushing  nmethod 0x000001acbe66dc10
Event: 69.022 Thread 0x000001acbaac0c20 flushing  nmethod 0x000001acbe66e390
Event: 69.022 Thread 0x000001acbaac0c20 flushing  nmethod 0x000001acbe66ed90
Event: 69.022 Thread 0x000001acbaac0c20 flushing  nmethod 0x000001acbe670910
Event: 69.022 Thread 0x000001acbaac0c20 flushing  nmethod 0x000001acbe672d10
Event: 69.022 Thread 0x000001acbaac0c20 flushing  nmethod 0x000001acbe673590
Event: 69.022 Thread 0x000001acbaac0c20 flushing  nmethod 0x000001acbe673f10
Event: 69.022 Thread 0x000001acbaac0c20 flushing  nmethod 0x000001acbe676190
Event: 69.022 Thread 0x000001acbaac0c20 flushing  nmethod 0x000001acbe67e710
Event: 69.022 Thread 0x000001acbaac0c20 flushing  nmethod 0x000001acbe680310
Event: 69.022 Thread 0x000001acbaac0c20 flushing  nmethod 0x000001acbe681d10
Event: 69.022 Thread 0x000001acbaac0c20 flushing  nmethod 0x000001acbe690590
Event: 69.022 Thread 0x000001acbaac0c20 flushing  nmethod 0x000001acbe697910
Event: 69.022 Thread 0x000001acbaac0c20 flushing  nmethod 0x000001acbe6acc90
Event: 69.022 Thread 0x000001acbaac0c20 flushing  nmethod 0x000001acbe6b6110
Event: 69.022 Thread 0x000001acbaac0c20 flushing  nmethod 0x000001acbe6b9910
Event: 69.022 Thread 0x000001acbaac0c20 flushing  nmethod 0x000001acbe6d4090
Event: 69.022 Thread 0x000001acbaac0c20 flushing  nmethod 0x000001acbe72d990
Event: 69.022 Thread 0x000001acbaac0c20 flushing  nmethod 0x000001acbe7a2b90
Event: 69.022 Thread 0x000001acbaac0c20 flushing  nmethod 0x000001acbe7a9110

Events (20 events):
Event: 60.966 Thread 0x000001ad1c1fd150 Thread exited: 0x000001ad1c1fd150
Event: 60.966 Thread 0x000001ad1c60f880 Thread exited: 0x000001ad1c60f880
Event: 61.299 Thread 0x000001ad18026130 Thread added: 0x000001ad1c60f880
Event: 65.255 Thread 0x000001ad1c60f880 Thread exited: 0x000001ad1c60f880
Event: 66.699 Thread 0x000001ad18026130 Thread added: 0x000001ad1c60f880
Event: 69.598 Thread 0x000001ad1c60f880 Thread exited: 0x000001ad1c60f880
Event: 113.477 Thread 0x000001acbaae3100 Thread added: 0x000001ad18568fe0
Event: 115.611 Thread 0x000001ad18568fe0 Thread exited: 0x000001ad18568fe0
Event: 115.837 Thread 0x000001acbaae3100 Thread added: 0x000001ad1988d2b0
Event: 116.334 Thread 0x000001ad1988d2b0 Thread exited: 0x000001ad1988d2b0
Event: 116.349 Thread 0x000001ad18026130 Thread added: 0x000001ad19044f60
Event: 117.212 Thread 0x000001ad19044f60 Thread exited: 0x000001ad19044f60
Event: 177.526 Thread 0x000001ad1b212340 Thread exited: 0x000001ad1b212340
Event: 179.426 Thread 0x000001ad1919fcc0 Thread exited: 0x000001ad1919fcc0
Event: 179.427 Thread 0x000001ad191a09e0 Thread exited: 0x000001ad191a09e0
Event: 237.761 Thread 0x000001ad1b20fbe0 Thread exited: 0x000001ad1b20fbe0
Event: 297.674 Thread 0x000001ad1b210270 Thread exited: 0x000001ad1b210270
Event: 357.682 Thread 0x000001ad1b211cb0 Thread exited: 0x000001ad1b211cb0
Event: 370.057 Thread 0x000001ad1b210f90 Thread exited: 0x000001ad1b210f90
Event: 670.144 Thread 0x000001ad1970f0b0 Thread exited: 0x000001ad1970f0b0


Dynamic libraries:
0x00007ff651500000 - 0x00007ff65150e000 	c:\Users\quang\.vscode\extensions\redhat.java-1.55.0-win32-x64\jre\21.0.11-win32-x86_64\bin\java.exe
0x00007ffeaeaf0000 - 0x00007ffeaece8000 	C:\WINDOWS\SYSTEM32\ntdll.dll
0x00007ffeae710000 - 0x00007ffeae7d2000 	C:\WINDOWS\System32\KERNEL32.DLL
0x00007ffeac6c0000 - 0x00007ffeac9b6000 	C:\WINDOWS\System32\KERNELBASE.dll
0x00007ffeac1b0000 - 0x00007ffeac2b0000 	C:\WINDOWS\System32\ucrtbase.dll
0x00007ffea93f0000 - 0x00007ffea9408000 	c:\Users\quang\.vscode\extensions\redhat.java-1.55.0-win32-x64\jre\21.0.11-win32-x86_64\bin\jli.dll
0x00007ffeadf30000 - 0x00007ffeae0d1000 	C:\WINDOWS\System32\USER32.dll
0x00007ffeac180000 - 0x00007ffeac1a2000 	C:\WINDOWS\System32\win32u.dll
0x00007ffeadbf0000 - 0x00007ffeadc1b000 	C:\WINDOWS\System32\GDI32.dll
0x00007ffeac9c0000 - 0x00007ffeacad9000 	C:\WINDOWS\System32\gdi32full.dll
0x00007ffeac390000 - 0x00007ffeac42d000 	C:\WINDOWS\System32\msvcp_win.dll
0x00007ffea64b0000 - 0x00007ffea64ce000 	c:\Users\quang\.vscode\extensions\redhat.java-1.55.0-win32-x64\jre\21.0.11-win32-x86_64\bin\VCRUNTIME140.dll
0x00007ffea3ca0000 - 0x00007ffea3f3b000 	C:\WINDOWS\WinSxS\amd64_microsoft.windows.common-controls_6595b64144ccf1df_6.0.19041.6456_none_60b8a6cb71f64256\COMCTL32.dll
0x00007ffeada60000 - 0x00007ffeadafe000 	C:\WINDOWS\System32\msvcrt.dll
0x00007ffeade30000 - 0x00007ffeade5f000 	C:\WINDOWS\System32\IMM32.DLL
0x00007ffea64a0000 - 0x00007ffea64ac000 	c:\Users\quang\.vscode\extensions\redhat.java-1.55.0-win32-x64\jre\21.0.11-win32-x86_64\bin\vcruntime140_1.dll
0x00007ffe845c0000 - 0x00007ffe8464d000 	c:\Users\quang\.vscode\extensions\redhat.java-1.55.0-win32-x64\jre\21.0.11-win32-x86_64\bin\msvcp140.dll
0x00007ffe3ee10000 - 0x00007ffe3fbb2000 	c:\Users\quang\.vscode\extensions\redhat.java-1.55.0-win32-x64\jre\21.0.11-win32-x86_64\bin\server\jvm.dll
0x00007ffeacc90000 - 0x00007ffeacd41000 	C:\WINDOWS\System32\ADVAPI32.dll
0x00007ffeacbf0000 - 0x00007ffeacc8f000 	C:\WINDOWS\System32\sechost.dll
0x00007ffeadc80000 - 0x00007ffeadda0000 	C:\WINDOWS\System32\RPCRT4.dll
0x00007ffeacae0000 - 0x00007ffeacb07000 	C:\WINDOWS\System32\bcrypt.dll
0x00007ffeadec0000 - 0x00007ffeadf2b000 	C:\WINDOWS\System32\WS2_32.dll
0x00007ffe9b020000 - 0x00007ffe9b047000 	C:\WINDOWS\SYSTEM32\WINMM.dll
0x00007ffeabfd0000 - 0x00007ffeac01b000 	C:\WINDOWS\SYSTEM32\POWRPROF.dll
0x00007ffea5ed0000 - 0x00007ffea5eda000 	C:\WINDOWS\SYSTEM32\VERSION.dll
0x00007ffeabfb0000 - 0x00007ffeabfc2000 	C:\WINDOWS\SYSTEM32\UMPDC.dll
0x00007ffea9fb0000 - 0x00007ffea9fc2000 	C:\WINDOWS\SYSTEM32\kernel.appcore.dll
0x00007ffea6490000 - 0x00007ffea649a000 	c:\Users\quang\.vscode\extensions\redhat.java-1.55.0-win32-x64\jre\21.0.11-win32-x86_64\bin\jimage.dll
0x00007ffe9ab80000 - 0x00007ffe9ad81000 	C:\WINDOWS\SYSTEM32\DBGHELP.DLL
0x00007ffe969c0000 - 0x00007ffe969f4000 	C:\WINDOWS\SYSTEM32\dbgcore.DLL
0x00007ffeac300000 - 0x00007ffeac382000 	C:\WINDOWS\System32\bcryptPrimitives.dll
0x00007ffea5d20000 - 0x00007ffea5d2f000 	c:\Users\quang\.vscode\extensions\redhat.java-1.55.0-win32-x64\jre\21.0.11-win32-x86_64\bin\instrument.dll
0x00007ffea48d0000 - 0x00007ffea48f0000 	c:\Users\quang\.vscode\extensions\redhat.java-1.55.0-win32-x64\jre\21.0.11-win32-x86_64\bin\java.dll
0x00007ffead210000 - 0x00007ffead980000 	C:\WINDOWS\System32\SHELL32.dll
0x00007ffeaa1b0000 - 0x00007ffeaa955000 	C:\WINDOWS\SYSTEM32\windows.storage.dll
0x00007ffeacd80000 - 0x00007ffead0d4000 	C:\WINDOWS\System32\combase.dll
0x00007ffeabad0000 - 0x00007ffeabafb000 	C:\WINDOWS\SYSTEM32\Wldp.dll
0x00007ffeacb10000 - 0x00007ffeacbdd000 	C:\WINDOWS\System32\OLEAUT32.dll
0x00007ffeae660000 - 0x00007ffeae70d000 	C:\WINDOWS\System32\SHCORE.dll
0x00007ffeae190000 - 0x00007ffeae1eb000 	C:\WINDOWS\System32\shlwapi.dll
0x00007ffeac0b0000 - 0x00007ffeac0d4000 	C:\WINDOWS\SYSTEM32\profapi.dll
0x00007ffe7c020000 - 0x00007ffe7c038000 	c:\Users\quang\.vscode\extensions\redhat.java-1.55.0-win32-x64\jre\21.0.11-win32-x86_64\bin\zip.dll
0x00007ffe8e750000 - 0x00007ffe8e760000 	C:\Users\quang\.vscode\extensions\redhat.java-1.55.0-win32-x64\jre\21.0.11-win32-x86_64\bin\net.dll
0x00007ffea4180000 - 0x00007ffea428a000 	C:\WINDOWS\SYSTEM32\WINHTTP.dll
0x00007ffeab7f0000 - 0x00007ffeab85a000 	C:\WINDOWS\system32\mswsock.dll
0x00007ffe7ac60000 - 0x00007ffe7ac76000 	C:\Users\quang\.vscode\extensions\redhat.java-1.55.0-win32-x64\jre\21.0.11-win32-x86_64\bin\nio.dll
0x00007ffe8e1c0000 - 0x00007ffe8e1d0000 	c:\Users\quang\.vscode\extensions\redhat.java-1.55.0-win32-x64\jre\21.0.11-win32-x86_64\bin\verify.dll
0x00007ffe76ab0000 - 0x00007ffe76af5000 	C:\Users\quang\AppData\Roaming\Code\User\globalStorage\redhat.java\1.55.0\config_win\org.eclipse.equinox.launcher\org.eclipse.equinox.launcher.win32.win32.x86_64_1.3.100.v20260613-0559\eclipse_11924.dll
0x00007ffead0e0000 - 0x00007ffead20b000 	C:\WINDOWS\System32\ole32.dll
0x00007ffeaba30000 - 0x00007ffeaba48000 	C:\WINDOWS\SYSTEM32\CRYPTSP.dll
0x00007ffeab110000 - 0x00007ffeab148000 	C:\WINDOWS\system32\rsaenh.dll
0x00007ffeac030000 - 0x00007ffeac05e000 	C:\WINDOWS\SYSTEM32\USERENV.dll
0x00007ffeaba20000 - 0x00007ffeaba2c000 	C:\WINDOWS\SYSTEM32\CRYPTBASE.dll
0x00007ffeab4e0000 - 0x00007ffeab51b000 	C:\WINDOWS\SYSTEM32\IPHLPAPI.DLL
0x00007ffeacbe0000 - 0x00007ffeacbe8000 	C:\WINDOWS\System32\NSI.dll
0x00007ffe71aa0000 - 0x00007ffe71ae9000 	C:\Users\quang\AppData\Local\Temp\jna-107940150\jna15075141275769297509.dll
0x00007ffeacd70000 - 0x00007ffeacd78000 	C:\WINDOWS\System32\PSAPI.DLL
0x00007ffea52a0000 - 0x00007ffea52b7000 	C:\WINDOWS\SYSTEM32\dhcpcsvc6.DLL
0x00007ffea5280000 - 0x00007ffea529d000 	C:\WINDOWS\SYSTEM32\dhcpcsvc.DLL

JVMTI agents:
c:\Users\quang\.vscode\extensions\redhat.java-1.55.0-win32-x64\lombok\lombok-1.18.39-4050.jar path:c:\Users\quang\.vscode\extensions\redhat.java-1.55.0-win32-x64\jre\21.0.11-win32-x86_64\bin\instrument.dll, loaded, initialized, instrumentlib options:none

dbghelp: loaded successfully - version: 4.0.5 - missing functions: none
symbol engine: initialized successfully - sym options: 0x614 - pdb path: .;c:\Users\quang\.vscode\extensions\redhat.java-1.55.0-win32-x64\jre\21.0.11-win32-x86_64\bin;C:\WINDOWS\SYSTEM32;C:\WINDOWS\WinSxS\amd64_microsoft.windows.common-controls_6595b64144ccf1df_6.0.19041.6456_none_60b8a6cb71f64256;c:\Users\quang\.vscode\extensions\redhat.java-1.55.0-win32-x64\jre\21.0.11-win32-x86_64\bin\server;C:\Users\quang\AppData\Roaming\Code\User\globalStorage\redhat.java\1.55.0\config_win\org.eclipse.equinox.launcher\org.eclipse.equinox.launcher.win32.win32.x86_64_1.3.100.v20260613-0559;C:\Users\quang\AppData\Local\Temp\jna-107940150

VM Arguments:
jvm_args: --add-modules=ALL-SYSTEM --add-opens=java.base/java.util=ALL-UNNAMED --add-opens=java.base/java.lang=ALL-UNNAMED --add-opens=java.base/sun.nio.fs=ALL-UNNAMED -Declipse.application=org.eclipse.jdt.ls.core.id1 -Dosgi.bundles.defaultStartLevel=4 -Declipse.product=org.eclipse.jdt.ls.core.product -Djava.import.generatesMetadataFilesAtProjectRoot=false -DDetectVMInstallationsJob.disabled=true -Dfile.encoding=utf8 -XX:+UseParallelGC -XX:GCTimeRatio=4 -XX:AdaptiveSizePolicyWeight=90 -Dsun.zip.disableMemoryMapping=true -Xmx2G -Xms100m -Xlog:disable -javaagent:c:\Users\quang\.vscode\extensions\redhat.java-1.55.0-win32-x64\lombok\lombok-1.18.39-4050.jar -XX:+HeapDumpOnOutOfMemoryError -XX:HeapDumpPath=c:\Users\quang\AppData\Roaming\Code\User\workspaceStorage\56ebb6715cebb9dc5249f9146434e073\redhat.java -Daether.dependencyCollector.impl=bf 
java_command: c:\Users\quang\.vscode\extensions\redhat.java-1.55.0-win32-x64\server\plugins\org.eclipse.equinox.launcher_1.7.200.v20260619-2039.jar -configuration c:\Users\quang\AppData\Roaming\Code\User\globalStorage\redhat.java\1.55.0\config_win -data c:\Users\quang\AppData\Roaming\Code\User\workspaceStorage\56ebb6715cebb9dc5249f9146434e073\redhat.java\jdt_ws --pipe=\\.\pipe\lsp-6dcc73c37eadc0dc79cad4ae39b10cdd-sock
java_class_path (initial): c:\Users\quang\.vscode\extensions\redhat.java-1.55.0-win32-x64\server\plugins\org.eclipse.equinox.launcher_1.7.200.v20260619-2039.jar
Launcher Type: SUN_STANDARD

[Global flags]
    uintx AdaptiveSizePolicyWeight                 = 90                                        {product} {command line}
     intx CICompilerCount                          = 4                                         {product} {ergonomic}
    uintx GCTimeRatio                              = 4                                         {product} {command line}
     bool HeapDumpOnOutOfMemoryError               = true                                   {manageable} {command line}
    ccstr HeapDumpPath                             = c:\Users\quang\AppData\Roaming\Code\User\workspaceStorage\56ebb6715cebb9dc5249f9146434e073\redhat.java         {manageable} {command line}
   size_t InitialHeapSize                          = 104857600                                 {product} {command line}
   size_t MaxHeapSize                              = 2147483648                                {product} {command line}
   size_t MaxNewSize                               = 715653120                                 {product} {ergonomic}
   size_t MinHeapDeltaBytes                        = 524288                                    {product} {ergonomic}
   size_t MinHeapSize                              = 104857600                                 {product} {command line}
   size_t NewSize                                  = 34603008                                  {product} {ergonomic}
    uintx NonNMethodCodeHeapSize                   = 5839372                                {pd product} {ergonomic}
    uintx NonProfiledCodeHeapSize                  = 122909434                              {pd product} {ergonomic}
   size_t OldSize                                  = 70254592                                  {product} {ergonomic}
    uintx ProfiledCodeHeapSize                     = 122909434                              {pd product} {ergonomic}
    uintx ReservedCodeCacheSize                    = 251658240                              {pd product} {ergonomic}
     bool SegmentedCodeCache                       = true                                      {product} {ergonomic}
   size_t SoftMaxHeapSize                          = 2147483648                             {manageable} {ergonomic}
     bool UseCompressedOops                        = true                           {product lp64_product} {ergonomic}
     bool UseLargePagesIndividualAllocation        = false                                  {pd product} {ergonomic}
     bool UseParallelGC                            = true                                      {product} {command line}

Logging:
Log output configuration:
 #0: stdout all=off uptime,level,tags foldmultilines=false
 #1: stderr all=off uptime,level,tags foldmultilines=false

Release file:
JAVA_VERSION="21.0.11" 
MODULES="java.base java.compiler java.datatransfer java.xml java.prefs java.desktop java.instrument java.logging java.management java.security.sasl java.naming java.rmi java.management.rmi java.net.http java.scripting java.security.jgss java.transaction.xa java.sql java.sql.rowset java.xml.crypto java.se java.smartcardio jdk.accessibility jdk.internal.jvmstat jdk.attach jdk.charsets jdk.internal.opt jdk.zipfs jdk.compiler jdk.crypto.ec jdk.crypto.cryptoki jdk.crypto.mscapi jdk.dynalink jdk.internal.ed jdk.editpad jdk.hotspot.agent jdk.httpserver jdk.internal.le jdk.internal.vm.ci jdk.internal.vm.compiler jdk.internal.vm.compiler.management jdk.jartool jdk.javadoc jdk.jcmd jdk.management jdk.management.agent jdk.jconsole jdk.jdeps jdk.jdwp.agent jdk.jdi jdk.jfr jdk.jshell jdk.jsobject jdk.jstatd jdk.localedata jdk.management.jfr jdk.naming.dns jdk.naming.rmi jdk.net jdk.nio.mapmode jdk.random jdk.sctp jdk.security.auth jdk.security.jgss jdk.unsupported jdk.unsupported.desktop jdk.xml.dom" 

Environment Variables:
JAVA_HOME=C:\Program Files\Java\jdk-21
PATH=C:\Program Files\Common Files\Oracle\Java\javapath;C:\WINDOWS\system32;C:\WINDOWS;C:\WINDOWS\System32\Wbem;C:\WINDOWS\System32\WindowsPowerShell\v1.0\;C:\WINDOWS\System32\OpenSSH\;C:\Program Files\Microsoft SQL Server\170\Tools\Binn\;C:\Program Files\Microsoft SQL Server\Client SDK\ODBC\170\Tools\Binn\;C:\Program Files\dotnet\;C:\Program Files\Java\jdk-21\bin;F:\quangtam2005_download\M12\node-v22.13.0-win-x64\node-v22.13.0-win-x64;F:\App Data\Git\Git\cmd;E:\N4\apache-maven-3.9.14\bin;;C:\Program Files\Docker\Docker\resources\bin;C:\Program Files (x86)\Microsoft SQL Server\160\Tools\Binn\;C:\Program Files\Microsoft SQL Server\160\Tools\Binn\;C:\Program Files\Microsoft SQL Server\160\DTS\Binn\;C:\Users\quang\AppData\Local\Programs\Python\Python312\Scripts\;C:\Users\quang\AppData\Local\Programs\Python\Python312\;C:\Users\quang\AppData\Local\Programs\Python\Launcher\;C:\Program Files\MySQL\MySQL Shell 8.0\bin\;C:\Users\quang\AppData\Local\Microsoft\WindowsApps;C:\Users\quang\.dotnet\tools;E:\FPTU\VSCode\Microsoft VS Code\bin;F:\App Data\Windsurf\bin;C:\Users\quang\AppData\Local\Python\bin;F:\App Data\AntiIDE\Antigravity IDE\bin;C:\Users\quang\AppData\Local\Programs\Antigravity IDE\bin
USERNAME=quang
OS=Windows_NT
PROCESSOR_IDENTIFIER=Intel64 Family 6 Model 142 Stepping 10, GenuineIntel
TMP=C:\Users\quang\AppData\Local\Temp
TEMP=C:\Users\quang\AppData\Local\Temp




Periodic native trim disabled

---------------  S Y S T E M  ---------------

OS:
 Windows 10 , 64 bit Build 19041 (10.0.19041.5915)
OS uptime: 4 days 7:31 hours
Hyper-V role detected

CPU: total 8 (initial active 8) (4 cores per cpu, 2 threads per core) family 6 model 142 stepping 10 microcode 0xb4, cx8, cmov, fxsr, ht, mmx, 3dnowpref, sse, sse2, sse3, ssse3, sse4.1, sse4.2, popcnt, lzcnt, tsc, tscinvbit, avx, avx2, aes, erms, clmul, bmi1, bmi2, adx, fma, vzeroupper, clflush, clflushopt, hv, rdtscp, f16c
Processor Information for the first 8 processors :
  Max Mhz: 1800, Current Mhz: 1600, Mhz Limit: 1584

Memory: 4k page, system-wide physical 8065M (442M free)
TotalPageFile size 18305M (AvailPageFile size 93M)
current process WorkingSet (physical memory assigned to process): 10M, peak: 371M
current process commit charge ("private bytes"): 436M, peak: 445M

vm_info: OpenJDK 64-Bit Server VM (21.0.11+10-LTS) for windows-amd64 JRE (21.0.11+10-LTS), built on 2026-04-21T00:00:00Z by "admin" with MS VC++ 17.12 (VS2022)

END.
