[INFO] Scanning for projects...
[INFO] 
[INFO] -----------------------< com.fptu.exe:skillswap >-----------------------
[INFO] Building skillswap 0.0.1-SNAPSHOT
[INFO]   from pom.xml
[INFO] --------------------------------[ jar ]---------------------------------
[INFO] 
[INFO] --- resources:3.3.1:resources (default-resources) @ skillswap ---
[INFO] Copying 3 resources from src\main\resources to target\classes
[INFO] Copying 124 resources from src\main\resources to target\classes
[INFO] 
[INFO] --- compiler:3.11.0:compile (default-compile) @ skillswap ---
[INFO] Nothing to compile - all classes are up to date
[INFO] 
[INFO] --- resources:3.3.1:testResources (default-testResources) @ skillswap ---
[INFO] Copying 2 resources from src\test\resources to target\test-classes
[INFO] 
[INFO] --- compiler:3.11.0:testCompile (default-testCompile) @ skillswap ---
[INFO] Changes detected - recompiling the module! :source
[INFO] Compiling 191 source files with javac [debug release 21] to target\test-classes
[INFO] /E:/FPTU/SU26/EXE201/project/src/test/java/com/fptu/exe/skillswap/modules/booking/integration/BookingNotificationIntegrationTest.java: Some input files use or override a deprecated API.
[INFO] /E:/FPTU/SU26/EXE201/project/src/test/java/com/fptu/exe/skillswap/modules/booking/integration/BookingNotificationIntegrationTest.java: Recompile with -Xlint:deprecation for details.
[INFO] /E:/FPTU/SU26/EXE201/project/src/test/java/com/fptu/exe/skillswap/modules/booking/service/BookingDeadlinePolicyTest.java: Some input files additionally use or override a deprecated API that is marked for removal.
[INFO] /E:/FPTU/SU26/EXE201/project/src/test/java/com/fptu/exe/skillswap/modules/identity/service/UserBanStatusAdapterTest.java: Some input files use unchecked or unsafe operations.
[INFO] /E:/FPTU/SU26/EXE201/project/src/test/java/com/fptu/exe/skillswap/modules/identity/service/UserBanStatusAdapterTest.java: Recompile with -Xlint:unchecked for details.
[INFO] Some messages have been simplified; recompile with -Xdiags:verbose to get full output
[INFO] -------------------------------------------------------------
[WARNING] COMPILATION WARNING : 
[INFO] -------------------------------------------------------------
[WARNING] /E:/FPTU/SU26/EXE201/project/src/test/java/com/fptu/exe/skillswap/modules/booking/integration/BookingNotificationIntegrationTest.java:[388,16] CreateBookingRequest(java.util.UUID,java.util.UUID,java.time.LocalDateTime,java.time.LocalDateTime,java.lang.String,java.lang.String) in com.fptu.exe.skillswap.modules.booking.dto.request.CreateBookingRequest has been deprecated and marked for removal
[WARNING] /E:/FPTU/SU26/EXE201/project/src/test/java/com/fptu/exe/skillswap/modules/booking/integration/MentorAvailabilityWindowIntegrationTest.java:[148,57] startTime() in com.fptu.exe.skillswap.modules.booking.dto.response.MentorManagedAvailabilitySlotResponse has been deprecated and marked for removal
[WARNING] /E:/FPTU/SU26/EXE201/project/src/test/java/com/fptu/exe/skillswap/modules/booking/integration/MentorAvailabilityWindowIntegrationTest.java:[149,55] endTime() in com.fptu.exe.skillswap.modules.booking.dto.response.MentorManagedAvailabilitySlotResponse has been deprecated and marked for removal
[WARNING] /E:/FPTU/SU26/EXE201/project/src/test/java/com/fptu/exe/skillswap/modules/smoke/CoreMentorshipFlowSmokeTest.java:[275,37] CreateBookingRequest(java.util.UUID,java.util.UUID,java.time.LocalDateTime,java.time.LocalDateTime,java.lang.String,java.lang.String) in com.fptu.exe.skillswap.modules.booking.dto.request.CreateBookingRequest has been deprecated and marked for removal
[WARNING] /E:/FPTU/SU26/EXE201/project/src/test/java/com/fptu/exe/skillswap/modules/smoke/CoreMentorshipFlowSmokeTest.java:[365,37] CreateBookingRequest(java.util.UUID,java.util.UUID,java.time.LocalDateTime,java.time.LocalDateTime,java.lang.String,java.lang.String) in com.fptu.exe.skillswap.modules.booking.dto.request.CreateBookingRequest has been deprecated and marked for removal
[WARNING] /E:/FPTU/SU26/EXE201/project/src/test/java/com/fptu/exe/skillswap/modules/smoke/CoreMentorshipFlowSmokeTest.java:[383,30] com.fptu.exe.skillswap.modules.booking.service.BookingTime in com.fptu.exe.skillswap.modules.booking.service has been deprecated and marked for removal
[WARNING] /E:/FPTU/SU26/EXE201/project/src/test/java/com/fptu/exe/skillswap/modules/smoke/CoreMentorshipFlowSmokeTest.java:[385,28] com.fptu.exe.skillswap.modules.booking.service.BookingTime in com.fptu.exe.skillswap.modules.booking.service has been deprecated and marked for removal
[WARNING] /E:/FPTU/SU26/EXE201/project/src/test/java/com/fptu/exe/skillswap/modules/smoke/CoreMentorshipFlowSmokeTest.java:[391,41] com.fptu.exe.skillswap.modules.booking.service.BookingTime in com.fptu.exe.skillswap.modules.booking.service has been deprecated and marked for removal
[WARNING] /E:/FPTU/SU26/EXE201/project/src/test/java/com/fptu/exe/skillswap/modules/smoke/CoreMentorshipFlowSmokeTest.java:[393,39] com.fptu.exe.skillswap.modules.booking.service.BookingTime in com.fptu.exe.skillswap.modules.booking.service has been deprecated and marked for removal
[WARNING] /E:/FPTU/SU26/EXE201/project/src/test/java/com/fptu/exe/skillswap/modules/booking/service/MentorAvailabilityServiceTest.java:[117,49] CreateAvailabilitySlotRequest(java.time.LocalDateTime,java.time.LocalDateTime,java.lang.String,java.util.List<java.util.UUID>) in com.fptu.exe.skillswap.modules.booking.dto.request.CreateAvailabilitySlotRequest has been deprecated and marked for removal
[WARNING] /E:/FPTU/SU26/EXE201/project/src/test/java/com/fptu/exe/skillswap/modules/booking/service/MentorAvailabilityServiceTest.java:[126,89] com.fptu.exe.skillswap.modules.booking.service.BookingTime in com.fptu.exe.skillswap.modules.booking.service has been deprecated and marked for removal
[WARNING] /E:/FPTU/SU26/EXE201/project/src/test/java/com/fptu/exe/skillswap/modules/booking/service/MentorAvailabilityServiceTest.java:[126,118] startTime() in com.fptu.exe.skillswap.modules.booking.dto.request.CreateAvailabilitySlotRequest has been deprecated and marked for removal
[WARNING] /E:/FPTU/SU26/EXE201/project/src/test/java/com/fptu/exe/skillswap/modules/booking/service/MentorAvailabilityServiceTest.java:[126,133] com.fptu.exe.skillswap.modules.booking.service.BookingTime in com.fptu.exe.skillswap.modules.booking.service has been deprecated and marked for removal
[WARNING] /E:/FPTU/SU26/EXE201/project/src/test/java/com/fptu/exe/skillswap/modules/booking/service/MentorAvailabilityServiceTest.java:[126,162] endTime() in com.fptu.exe.skillswap.modules.booking.dto.request.CreateAvailabilitySlotRequest has been deprecated and marked for removal
[WARNING] /E:/FPTU/SU26/EXE201/project/src/test/java/com/fptu/exe/skillswap/modules/booking/service/MentorAvailabilityServiceTest.java:[132,35] startTime() in com.fptu.exe.skillswap.modules.booking.dto.request.CreateAvailabilitySlotRequest has been deprecated and marked for removal
[WARNING] /E:/FPTU/SU26/EXE201/project/src/test/java/com/fptu/exe/skillswap/modules/booking/service/MentorAvailabilityServiceTest.java:[133,33] endTime() in com.fptu.exe.skillswap.modules.booking.dto.request.CreateAvailabilitySlotRequest has been deprecated and marked for removal
[WARNING] /E:/FPTU/SU26/EXE201/project/src/test/java/com/fptu/exe/skillswap/modules/booking/service/MentorAvailabilityServiceTest.java:[147,59] startTime() in com.fptu.exe.skillswap.modules.booking.dto.response.MentorManagedAvailabilitySlotResponse has been deprecated and marked for removal
[WARNING] /E:/FPTU/SU26/EXE201/project/src/test/java/com/fptu/exe/skillswap/modules/booking/service/MentorAvailabilityServiceTest.java:[148,57] endTime() in com.fptu.exe.skillswap.modules.booking.dto.response.MentorManagedAvailabilitySlotResponse has been deprecated and marked for removal
[WARNING] /E:/FPTU/SU26/EXE201/project/src/test/java/com/fptu/exe/skillswap/modules/booking/service/MentorAvailabilityServiceTest.java:[155,49] CreateAvailabilitySlotRequest(java.time.LocalDateTime,java.time.LocalDateTime,java.lang.String,java.util.List<java.util.UUID>) in com.fptu.exe.skillswap.modules.booking.dto.request.CreateAvailabilitySlotRequest has been deprecated and marked for removal
[WARNING] /E:/FPTU/SU26/EXE201/project/src/test/java/com/fptu/exe/skillswap/modules/booking/service/MentorAvailabilityServiceTest.java:[164,89] com.fptu.exe.skillswap.modules.booking.service.BookingTime in com.fptu.exe.skillswap.modules.booking.service has been deprecated and marked for removal
[WARNING] /E:/FPTU/SU26/EXE201/project/src/test/java/com/fptu/exe/skillswap/modules/booking/service/MentorAvailabilityServiceTest.java:[164,118] startTime() in com.fptu.exe.skillswap.modules.booking.dto.request.CreateAvailabilitySlotRequest has been deprecated and marked for removal
[WARNING] /E:/FPTU/SU26/EXE201/project/src/test/java/com/fptu/exe/skillswap/modules/booking/service/MentorAvailabilityServiceTest.java:[164,133] com.fptu.exe.skillswap.modules.booking.service.BookingTime in com.fptu.exe.skillswap.modules.booking.service has been deprecated and marked for removal
[WARNING] /E:/FPTU/SU26/EXE201/project/src/test/java/com/fptu/exe/skillswap/modules/booking/service/MentorAvailabilityServiceTest.java:[164,162] endTime() in com.fptu.exe.skillswap.modules.booking.dto.request.CreateAvailabilitySlotRequest has been deprecated and marked for removal
[WARNING] /E:/FPTU/SU26/EXE201/project/src/test/java/com/fptu/exe/skillswap/modules/booking/service/MentorAvailabilityServiceTest.java:[166,89] com.fptu.exe.skillswap.modules.booking.service.BookingTime in com.fptu.exe.skillswap.modules.booking.service has been deprecated and marked for removal
[WARNING] /E:/FPTU/SU26/EXE201/project/src/test/java/com/fptu/exe/skillswap/modules/booking/service/MentorAvailabilityServiceTest.java:[166,118] startTime() in com.fptu.exe.skillswap.modules.booking.dto.request.CreateAvailabilitySlotRequest has been deprecated and marked for removal
[WARNING] /E:/FPTU/SU26/EXE201/project/src/test/java/com/fptu/exe/skillswap/modules/booking/service/MentorAvailabilityServiceTest.java:[166,133] com.fptu.exe.skillswap.modules.booking.service.BookingTime in com.fptu.exe.skillswap.modules.booking.service has been deprecated and marked for removal
[WARNING] /E:/FPTU/SU26/EXE201/project/src/test/java/com/fptu/exe/skillswap/modules/booking/service/MentorAvailabilityServiceTest.java:[166,162] endTime() in com.fptu.exe.skillswap.modules.booking.dto.request.CreateAvailabilitySlotRequest has been deprecated and marked for removal
[WARNING] /E:/FPTU/SU26/EXE201/project/src/test/java/com/fptu/exe/skillswap/modules/booking/service/MentorAvailabilityServiceTest.java:[178,49] CreateAvailabilitySlotRequest(java.time.LocalDateTime,java.time.LocalDateTime,java.lang.String,java.util.List<java.util.UUID>) in com.fptu.exe.skillswap.modules.booking.dto.request.CreateAvailabilitySlotRequest has been deprecated and marked for removal
[WARNING] /E:/FPTU/SU26/EXE201/project/src/test/java/com/fptu/exe/skillswap/modules/booking/service/MentorAvailabilityServiceTest.java:[192,89] com.fptu.exe.skillswap.modules.booking.service.BookingTime in com.fptu.exe.skillswap.modules.booking.service has been deprecated and marked for removal
[WARNING] /E:/FPTU/SU26/EXE201/project/src/test/java/com/fptu/exe/skillswap/modules/booking/service/MentorAvailabilityServiceTest.java:[192,118] startTime() in com.fptu.exe.skillswap.modules.booking.dto.request.CreateAvailabilitySlotRequest has been deprecated and marked for removal
[WARNING] /E:/FPTU/SU26/EXE201/project/src/test/java/com/fptu/exe/skillswap/modules/booking/service/MentorAvailabilityServiceTest.java:[192,133] com.fptu.exe.skillswap.modules.booking.service.BookingTime in com.fptu.exe.skillswap.modules.booking.service has been deprecated and marked for removal
[WARNING] /E:/FPTU/SU26/EXE201/project/src/test/java/com/fptu/exe/skillswap/modules/booking/service/MentorAvailabilityServiceTest.java:[192,162] endTime() in com.fptu.exe.skillswap.modules.booking.dto.request.CreateAvailabilitySlotRequest has been deprecated and marked for removal
[WARNING] /E:/FPTU/SU26/EXE201/project/src/test/java/com/fptu/exe/skillswap/modules/booking/service/MentorAvailabilityServiceTest.java:[200,35] startTime() in com.fptu.exe.skillswap.modules.booking.dto.request.CreateAvailabilitySlotRequest has been deprecated and marked for removal
[WARNING] /E:/FPTU/SU26/EXE201/project/src/test/java/com/fptu/exe/skillswap/modules/booking/service/MentorAvailabilityServiceTest.java:[201,33] endTime() in com.fptu.exe.skillswap.modules.booking.dto.request.CreateAvailabilitySlotRequest has been deprecated and marked for removal
[WARNING] /E:/FPTU/SU26/EXE201/project/src/test/java/com/fptu/exe/skillswap/modules/booking/service/MentorAvailabilityServiceTest.java:[222,49] CreateAvailabilitySlotRequest(java.time.LocalDateTime,java.time.LocalDateTime,java.lang.String,java.util.List<java.util.UUID>) in com.fptu.exe.skillswap.modules.booking.dto.request.CreateAvailabilitySlotRequest has been deprecated and marked for removal
[WARNING] /E:/FPTU/SU26/EXE201/project/src/test/java/com/fptu/exe/skillswap/modules/booking/service/MentorAvailabilityServiceTest.java:[231,89] com.fptu.exe.skillswap.modules.booking.service.BookingTime in com.fptu.exe.skillswap.modules.booking.service has been deprecated and marked for removal
[WARNING] /E:/FPTU/SU26/EXE201/project/src/test/java/com/fptu/exe/skillswap/modules/booking/service/MentorAvailabilityServiceTest.java:[231,118] startTime() in com.fptu.exe.skillswap.modules.booking.dto.request.CreateAvailabilitySlotRequest has been deprecated and marked for removal
[WARNING] /E:/FPTU/SU26/EXE201/project/src/test/java/com/fptu/exe/skillswap/modules/booking/service/MentorAvailabilityServiceTest.java:[231,133] com.fptu.exe.skillswap.modules.booking.service.BookingTime in com.fptu.exe.skillswap.modules.booking.service has been deprecated and marked for removal
[WARNING] /E:/FPTU/SU26/EXE201/project/src/test/java/com/fptu/exe/skillswap/modules/booking/service/MentorAvailabilityServiceTest.java:[231,162] endTime() in com.fptu.exe.skillswap.modules.booking.dto.request.CreateAvailabilitySlotRequest has been deprecated and marked for removal
[WARNING] /E:/FPTU/SU26/EXE201/project/src/test/java/com/fptu/exe/skillswap/modules/booking/service/MentorAvailabilityServiceTest.java:[246,49] UpdateAvailabilitySlotRequest(java.time.LocalDateTime,java.time.LocalDateTime,java.lang.String,java.util.List<java.util.UUID>) in com.fptu.exe.skillswap.modules.booking.dto.request.UpdateAvailabilitySlotRequest has been deprecated and marked for removal
[WARNING] /E:/FPTU/SU26/EXE201/project/src/test/java/com/fptu/exe/skillswap/modules/booking/service/MentorAvailabilityServiceTest.java:[265,108] com.fptu.exe.skillswap.modules.booking.service.BookingTime in com.fptu.exe.skillswap.modules.booking.service has been deprecated and marked for removal
[WARNING] /E:/FPTU/SU26/EXE201/project/src/test/java/com/fptu/exe/skillswap/modules/booking/service/MentorAvailabilityServiceTest.java:[265,137] startTime() in com.fptu.exe.skillswap.modules.booking.dto.request.UpdateAvailabilitySlotRequest has been deprecated and marked for removal
[WARNING] /E:/FPTU/SU26/EXE201/project/src/test/java/com/fptu/exe/skillswap/modules/booking/service/MentorAvailabilityServiceTest.java:[265,152] com.fptu.exe.skillswap.modules.booking.service.BookingTime in com.fptu.exe.skillswap.modules.booking.service has been deprecated and marked for removal
[WARNING] /E:/FPTU/SU26/EXE201/project/src/test/java/com/fptu/exe/skillswap/modules/booking/service/MentorAvailabilityServiceTest.java:[265,181] endTime() in com.fptu.exe.skillswap.modules.booking.dto.request.UpdateAvailabilitySlotRequest has been deprecated and marked for removal
[WARNING] /E:/FPTU/SU26/EXE201/project/src/test/java/com/fptu/exe/skillswap/modules/booking/service/MentorAvailabilityServiceTest.java:[277,29] startTime() in com.fptu.exe.skillswap.modules.booking.dto.request.UpdateAvailabilitySlotRequest has been deprecated and marked for removal
[WARNING] /E:/FPTU/SU26/EXE201/project/src/test/java/com/fptu/exe/skillswap/modules/booking/service/MentorAvailabilityServiceTest.java:[277,51] startTime() in com.fptu.exe.skillswap.modules.booking.dto.response.MentorManagedAvailabilitySlotResponse has been deprecated and marked for removal
[WARNING] /E:/FPTU/SU26/EXE201/project/src/test/java/com/fptu/exe/skillswap/modules/booking/service/MentorAvailabilityServiceTest.java:[278,29] endTime() in com.fptu.exe.skillswap.modules.booking.dto.request.UpdateAvailabilitySlotRequest has been deprecated and marked for removal
[WARNING] /E:/FPTU/SU26/EXE201/project/src/test/java/com/fptu/exe/skillswap/modules/booking/service/MentorAvailabilityServiceTest.java:[278,49] endTime() in com.fptu.exe.skillswap.modules.booking.dto.response.MentorManagedAvailabilitySlotResponse has been deprecated and marked for removal
[WARNING] /E:/FPTU/SU26/EXE201/project/src/test/java/com/fptu/exe/skillswap/modules/booking/service/MentorAvailabilityServiceTest.java:[286,49] UpdateAvailabilitySlotRequest(java.time.LocalDateTime,java.time.LocalDateTime,java.lang.String,java.util.List<java.util.UUID>) in com.fptu.exe.skillswap.modules.booking.dto.request.UpdateAvailabilitySlotRequest has been deprecated and marked for removal
[WARNING] /E:/FPTU/SU26/EXE201/project/src/test/java/com/fptu/exe/skillswap/modules/booking/service/MentorAvailabilityServiceTest.java:[312,49] UpdateAvailabilitySlotRequest(java.time.LocalDateTime,java.time.LocalDateTime,java.lang.String,java.util.List<java.util.UUID>) in com.fptu.exe.skillswap.modules.booking.dto.request.UpdateAvailabilitySlotRequest has been deprecated and marked for removal
[WARNING] /E:/FPTU/SU26/EXE201/project/src/test/java/com/fptu/exe/skillswap/modules/booking/service/MentorAvailabilityServiceTest.java:[331,108] com.fptu.exe.skillswap.modules.booking.service.BookingTime in com.fptu.exe.skillswap.modules.booking.service has been deprecated and marked for removal
[WARNING] /E:/FPTU/SU26/EXE201/project/src/test/java/com/fptu/exe/skillswap/modules/booking/service/MentorAvailabilityServiceTest.java:[331,137] startTime() in com.fptu.exe.skillswap.modules.booking.dto.request.UpdateAvailabilitySlotRequest has been deprecated and marked for removal
[WARNING] /E:/FPTU/SU26/EXE201/project/src/test/java/com/fptu/exe/skillswap/modules/booking/service/MentorAvailabilityServiceTest.java:[331,152] com.fptu.exe.skillswap.modules.booking.service.BookingTime in com.fptu.exe.skillswap.modules.booking.service has been deprecated and marked for removal
[WARNING] /E:/FPTU/SU26/EXE201/project/src/test/java/com/fptu/exe/skillswap/modules/booking/service/MentorAvailabilityServiceTest.java:[331,181] endTime() in com.fptu.exe.skillswap.modules.booking.dto.request.UpdateAvailabilitySlotRequest has been deprecated and marked for removal
[WARNING] /E:/FPTU/SU26/EXE201/project/src/test/java/com/fptu/exe/skillswap/modules/booking/integration/BookingConcurrencyIntegrationTest.java:[178,17] CreateBookingRequest(java.util.UUID,java.util.UUID,java.time.LocalDateTime,java.time.LocalDateTime,java.lang.String,java.lang.String) in com.fptu.exe.skillswap.modules.booking.dto.request.CreateBookingRequest has been deprecated and marked for removal
[WARNING] /E:/FPTU/SU26/EXE201/project/src/test/java/com/fptu/exe/skillswap/modules/booking/integration/BookingConcurrencyIntegrationTest.java:[182,17] CreateBookingRequest(java.util.UUID,java.util.UUID,java.time.LocalDateTime,java.time.LocalDateTime,java.lang.String,java.lang.String) in com.fptu.exe.skillswap.modules.booking.dto.request.CreateBookingRequest has been deprecated and marked for removal
[WARNING] /E:/FPTU/SU26/EXE201/project/src/test/java/com/fptu/exe/skillswap/modules/booking/integration/BookingConcurrencyIntegrationTest.java:[347,25] CreateBookingRequest(java.util.UUID,java.util.UUID,java.time.LocalDateTime,java.time.LocalDateTime,java.lang.String,java.lang.String) in com.fptu.exe.skillswap.modules.booking.dto.request.CreateBookingRequest has been deprecated and marked for removal
[WARNING] /E:/FPTU/SU26/EXE201/project/src/test/java/com/fptu/exe/skillswap/modules/booking/integration/BookingConcurrencyIntegrationTest.java:[478,17] CreateBookingRequest(java.util.UUID,java.util.UUID,java.time.LocalDateTime,java.time.LocalDateTime,java.lang.String,java.lang.String) in com.fptu.exe.skillswap.modules.booking.dto.request.CreateBookingRequest has been deprecated and marked for removal
[WARNING] /E:/FPTU/SU26/EXE201/project/src/test/java/com/fptu/exe/skillswap/modules/booking/integration/BookingConcurrencyIntegrationTest.java:[483,17] CreateBookingRequest(java.util.UUID,java.util.UUID,java.time.LocalDateTime,java.time.LocalDateTime,java.lang.String,java.lang.String) in com.fptu.exe.skillswap.modules.booking.dto.request.CreateBookingRequest has been deprecated and marked for removal
[WARNING] /E:/FPTU/SU26/EXE201/project/src/test/java/com/fptu/exe/skillswap/modules/booking/service/BookingLifecycleMaintenanceServiceTest.java:[102,36] com.fptu.exe.skillswap.modules.booking.service.BookingTime in com.fptu.exe.skillswap.modules.booking.service has been deprecated and marked for removal
[WARNING] /E:/FPTU/SU26/EXE201/project/src/test/java/com/fptu/exe/skillswap/modules/booking/service/BookingLifecycleMaintenanceServiceTest.java:[105,40] com.fptu.exe.skillswap.modules.booking.service.BookingTime in com.fptu.exe.skillswap.modules.booking.service has been deprecated and marked for removal
[WARNING] /E:/FPTU/SU26/EXE201/project/src/test/java/com/fptu/exe/skillswap/modules/booking/integration/BookingFlowIntegrationTest.java:[211,46] CreateBookingRequest(java.util.UUID,java.util.UUID,java.time.LocalDateTime,java.time.LocalDateTime,java.lang.String,java.lang.String) in com.fptu.exe.skillswap.modules.booking.dto.request.CreateBookingRequest has been deprecated and marked for removal
[WARNING] /E:/FPTU/SU26/EXE201/project/src/test/java/com/fptu/exe/skillswap/modules/booking/integration/BookingFlowIntegrationTest.java:[278,43] com.fptu.exe.skillswap.modules.booking.service.BookingTime in com.fptu.exe.skillswap.modules.booking.service has been deprecated and marked for removal
[WARNING] /E:/FPTU/SU26/EXE201/project/src/test/java/com/fptu/exe/skillswap/modules/booking/integration/BookingFlowIntegrationTest.java:[280,41] com.fptu.exe.skillswap.modules.booking.service.BookingTime in com.fptu.exe.skillswap.modules.booking.service has been deprecated and marked for removal
[WARNING] /E:/FPTU/SU26/EXE201/project/src/test/java/com/fptu/exe/skillswap/modules/booking/integration/BookingFlowIntegrationTest.java:[311,36] com.fptu.exe.skillswap.modules.booking.service.BookingTime in com.fptu.exe.skillswap.modules.booking.service has been deprecated and marked for removal
[WARNING] /E:/FPTU/SU26/EXE201/project/src/test/java/com/fptu/exe/skillswap/modules/booking/integration/BookingFlowIntegrationTest.java:[313,34] com.fptu.exe.skillswap.modules.booking.service.BookingTime in com.fptu.exe.skillswap.modules.booking.service has been deprecated and marked for removal
[WARNING] /E:/FPTU/SU26/EXE201/project/src/test/java/com/fptu/exe/skillswap/modules/booking/integration/BookingFlowIntegrationTest.java:[321,37] com.fptu.exe.skillswap.modules.booking.service.BookingTime in com.fptu.exe.skillswap.modules.booking.service has been deprecated and marked for removal
[WARNING] /E:/FPTU/SU26/EXE201/project/src/test/java/com/fptu/exe/skillswap/modules/booking/integration/BookingFlowIntegrationTest.java:[323,35] com.fptu.exe.skillswap.modules.booking.service.BookingTime in com.fptu.exe.skillswap.modules.booking.service has been deprecated and marked for removal
[WARNING] /E:/FPTU/SU26/EXE201/project/src/test/java/com/fptu/exe/skillswap/modules/booking/controller/BookingControllerAuthorizationTest.java:[90,16] CreateBookingRequest(java.util.UUID,java.util.UUID,java.time.LocalDateTime,java.time.LocalDateTime,java.lang.String,java.lang.String) in com.fptu.exe.skillswap.modules.booking.dto.request.CreateBookingRequest has been deprecated and marked for removal
[WARNING] /E:/FPTU/SU26/EXE201/project/src/test/java/com/fptu/exe/skillswap/modules/booking/service/BookingRescheduleServiceTest.java:[134,25] com.fptu.exe.skillswap.modules.booking.service.BookingTime in com.fptu.exe.skillswap.modules.booking.service has been deprecated and marked for removal
[WARNING] /E:/FPTU/SU26/EXE201/project/src/test/java/com/fptu/exe/skillswap/modules/booking/service/BookingRescheduleServiceTest.java:[135,25] com.fptu.exe.skillswap.modules.booking.service.BookingTime in com.fptu.exe.skillswap.modules.booking.service has been deprecated and marked for removal
[WARNING] /E:/FPTU/SU26/EXE201/project/src/test/java/com/fptu/exe/skillswap/modules/booking/service/SessionCompletionUtcTest.java:[122,36] com.fptu.exe.skillswap.modules.booking.service.BookingTime in com.fptu.exe.skillswap.modules.booking.service has been deprecated and marked for removal
[WARNING] /E:/FPTU/SU26/EXE201/project/src/test/java/com/fptu/exe/skillswap/modules/booking/service/SessionCompletionUtcTest.java:[124,34] com.fptu.exe.skillswap.modules.booking.service.BookingTime in com.fptu.exe.skillswap.modules.booking.service has been deprecated and marked for removal
[WARNING] /E:/FPTU/SU26/EXE201/project/src/test/java/com/fptu/exe/skillswap/modules/booking/service/SessionCompletionUtcTest.java:[134,37] com.fptu.exe.skillswap.modules.booking.service.BookingTime in com.fptu.exe.skillswap.modules.booking.service has been deprecated and marked for removal
[WARNING] /E:/FPTU/SU26/EXE201/project/src/test/java/com/fptu/exe/skillswap/modules/booking/service/SessionCompletionUtcTest.java:[136,35] com.fptu.exe.skillswap.modules.booking.service.BookingTime in com.fptu.exe.skillswap.modules.booking.service has been deprecated and marked for removal
[WARNING] /E:/FPTU/SU26/EXE201/project/src/test/java/com/fptu/exe/skillswap/modules/booking/service/SessionCompletionUtcTest.java:[199,38] com.fptu.exe.skillswap.modules.booking.service.BookingDeadlinePolicy in com.fptu.exe.skillswap.modules.booking.service has been deprecated and marked for removal
[WARNING] /E:/FPTU/SU26/EXE201/project/src/test/java/com/fptu/exe/skillswap/modules/booking/service/SessionCompletionUtcTest.java:[202,39] com.fptu.exe.skillswap.modules.booking.service.BookingDeadlinePolicy in com.fptu.exe.skillswap.modules.booking.service has been deprecated and marked for removal
[WARNING] /E:/FPTU/SU26/EXE201/project/src/test/java/com/fptu/exe/skillswap/modules/booking/service/SessionCompletionUtcTest.java:[205,45] com.fptu.exe.skillswap.modules.booking.service.BookingDeadlinePolicy in com.fptu.exe.skillswap.modules.booking.service has been deprecated and marked for removal
[WARNING] /E:/FPTU/SU26/EXE201/project/src/test/java/com/fptu/exe/skillswap/modules/booking/service/SessionCompletionUtcTest.java:[208,42] com.fptu.exe.skillswap.modules.booking.service.BookingDeadlinePolicy in com.fptu.exe.skillswap.modules.booking.service has been deprecated and marked for removal
[WARNING] /E:/FPTU/SU26/EXE201/project/src/test/java/com/fptu/exe/skillswap/modules/booking/service/SessionCompletionUtcTest.java:[211,40] com.fptu.exe.skillswap.modules.booking.service.BookingDeadlinePolicy in com.fptu.exe.skillswap.modules.booking.service has been deprecated and marked for removal
[WARNING] /E:/FPTU/SU26/EXE201/project/src/test/java/com/fptu/exe/skillswap/modules/booking/service/SessionCompletionUtcTest.java:[327,37] com.fptu.exe.skillswap.modules.booking.service.BookingTime in com.fptu.exe.skillswap.modules.booking.service has been deprecated and marked for removal
[WARNING] /E:/FPTU/SU26/EXE201/project/src/test/java/com/fptu/exe/skillswap/modules/booking/service/SessionCompletionUtcTest.java:[369,37] com.fptu.exe.skillswap.modules.booking.service.BookingTime in com.fptu.exe.skillswap.modules.booking.service has been deprecated and marked for removal
[WARNING] /E:/FPTU/SU26/EXE201/project/src/test/java/com/fptu/exe/skillswap/modules/mentor/service/discovery/DiscoveryMapperTest.java:[81,63] toCardResponse(com.fptu.exe.skillswap.modules.mentor.repository.MentorDiscoveryQueryRow,java.util.List<?>,java.math.BigDecimal,java.util.List<?>,java.util.List<?>,java.util.List<?>) in com.fptu.exe.skillswap.modules.mentor.service.discovery.DiscoveryMapper has been deprecated and marked for removal
[WARNING] /E:/FPTU/SU26/EXE201/project/src/test/java/com/fptu/exe/skillswap/modules/mentor/service/discovery/DiscoveryMapperTest.java:[118,63] toCardResponse(com.fptu.exe.skillswap.modules.mentor.repository.MentorDiscoveryQueryRow,java.util.List<?>,java.math.BigDecimal,java.util.List<?>,java.util.List<?>,java.util.List<?>) in com.fptu.exe.skillswap.modules.mentor.service.discovery.DiscoveryMapper has been deprecated and marked for removal
[WARNING] /E:/FPTU/SU26/EXE201/project/src/test/java/com/fptu/exe/skillswap/modules/mentor/service/discovery/DiscoveryMapperTest.java:[164,29] free() in com.fptu.exe.skillswap.modules.mentor.dto.response.MentorServiceResponse has been deprecated and marked for removal
[WARNING] /E:/FPTU/SU26/EXE201/project/src/test/java/com/fptu/exe/skillswap/modules/mentor/service/MentorServiceManagementServiceTest.java:[129,47] active() in com.fptu.exe.skillswap.modules.mentor.dto.response.MentorServiceManagementResponse has been deprecated and marked for removal
[WARNING] /E:/FPTU/SU26/EXE201/project/src/test/java/com/fptu/exe/skillswap/modules/mentor/service/MentorServiceManagementServiceTest.java:[141,48] active() in com.fptu.exe.skillswap.modules.mentor.dto.response.MentorServiceManagementResponse has been deprecated and marked for removal
[WARNING] /E:/FPTU/SU26/EXE201/project/src/test/java/com/fptu/exe/skillswap/modules/mentor/service/MentorServiceManagementServiceTest.java:[262,36] free() in com.fptu.exe.skillswap.modules.mentor.dto.response.MentorServiceManagementResponse has been deprecated and marked for removal
[WARNING] /E:/FPTU/SU26/EXE201/project/src/test/java/com/fptu/exe/skillswap/modules/booking/service/BookingServiceTest.java:[141,36] BookingEligibilityPolicy(com.fptu.exe.skillswap.modules.identity.port.AcademicEligibilityQuery) in com.fptu.exe.skillswap.modules.booking.service.BookingEligibilityPolicy has been deprecated and marked for removal
[WARNING] /E:/FPTU/SU26/EXE201/project/src/test/java/com/fptu/exe/skillswap/modules/booking/service/BookingServiceTest.java:[278,43] selectedStartTime() in com.fptu.exe.skillswap.modules.booking.dto.request.CreateBookingRequest has been deprecated and marked for removal
[WARNING] /E:/FPTU/SU26/EXE201/project/src/test/java/com/fptu/exe/skillswap/modules/booking/service/BookingServiceTest.java:[279,41] selectedEndTime() in com.fptu.exe.skillswap.modules.booking.dto.request.CreateBookingRequest has been deprecated and marked for removal
[WARNING] /E:/FPTU/SU26/EXE201/project/src/test/java/com/fptu/exe/skillswap/modules/booking/service/BookingServiceTest.java:[363,43] selectedStartTime() in com.fptu.exe.skillswap.modules.booking.dto.request.CreateBookingRequest has been deprecated and marked for removal
[WARNING] /E:/FPTU/SU26/EXE201/project/src/test/java/com/fptu/exe/skillswap/modules/booking/service/BookingServiceTest.java:[364,41] selectedEndTime() in com.fptu.exe.skillswap.modules.booking.dto.request.CreateBookingRequest has been deprecated and marked for removal
[WARNING] /E:/FPTU/SU26/EXE201/project/src/test/java/com/fptu/exe/skillswap/modules/booking/service/BookingServiceTest.java:[1274,16] CreateBookingRequest(java.util.UUID,java.util.UUID,java.time.LocalDateTime,java.time.LocalDateTime,java.lang.String,java.lang.String) in com.fptu.exe.skillswap.modules.booking.dto.request.CreateBookingRequest has been deprecated and marked for removal
[WARNING] /E:/FPTU/SU26/EXE201/project/src/test/java/com/fptu/exe/skillswap/modules/booking/service/BookingResponseMapperTest.java:[110,22] com.fptu.exe.skillswap.modules.booking.service.BookingTime in com.fptu.exe.skillswap.modules.booking.service has been deprecated and marked for removal
[WARNING] /E:/FPTU/SU26/EXE201/project/src/test/java/com/fptu/exe/skillswap/modules/booking/service/BookingResponseMapperTest.java:[168,22] com.fptu.exe.skillswap.modules.booking.service.BookingTime in com.fptu.exe.skillswap.modules.booking.service has been deprecated and marked for removal
[WARNING] /E:/FPTU/SU26/EXE201/project/src/test/java/com/fptu/exe/skillswap/modules/booking/service/BookingResponseMapperTest.java:[169,22] com.fptu.exe.skillswap.modules.booking.service.BookingTime in com.fptu.exe.skillswap.modules.booking.service has been deprecated and marked for removal
[WARNING] /E:/FPTU/SU26/EXE201/project/src/test/java/com/fptu/exe/skillswap/modules/booking/service/BookingDeadlinePolicyTest.java:[20,17] com.fptu.exe.skillswap.modules.booking.service.BookingDeadlinePolicy in com.fptu.exe.skillswap.modules.booking.service has been deprecated and marked for removal
[WARNING] /E:/FPTU/SU26/EXE201/project/src/test/java/com/fptu/exe/skillswap/modules/booking/service/BookingDeadlinePolicyTest.java:[23,17] com.fptu.exe.skillswap.modules.booking.service.BookingDeadlinePolicy in com.fptu.exe.skillswap.modules.booking.service has been deprecated and marked for removal
[WARNING] /E:/FPTU/SU26/EXE201/project/src/test/java/com/fptu/exe/skillswap/modules/booking/service/BookingDeadlinePolicyTest.java:[32,17] com.fptu.exe.skillswap.modules.booking.service.BookingDeadlinePolicy in com.fptu.exe.skillswap.modules.booking.service has been deprecated and marked for removal
[INFO] 100 warnings 
[INFO] -------------------------------------------------------------
[INFO] -------------------------------------------------------------
[ERROR] COMPILATION ERROR : 
[INFO] -------------------------------------------------------------
[ERROR] /E:/FPTU/SU26/EXE201/project/src/test/java/com/fptu/exe/skillswap/modules/smoke/CoreMentorshipFlowSmokeTest.java:[154,88] incompatible types: com.fptu.exe.skillswap.modules.identity.dto.request.AdminUserListRequest cannot be converted to com.fptu.exe.skillswap.modules.admin.dto.request.AdminUserListFilterRequest
[ERROR] /E:/FPTU/SU26/EXE201/project/src/test/java/com/fptu/exe/skillswap/modules/admin/controller/AdminForumControllerSecurityTest.java:[47,41] incompatible types: inference variable T has incompatible bounds
    equality constraints: com.fptu.exe.skillswap.modules.forum.dto.request.AdminForumReportListRequest
    upper bounds: com.fptu.exe.skillswap.modules.forum.port.ForumAdminPortModels.ReportListQuery,java.lang.Object
[ERROR] /E:/FPTU/SU26/EXE201/project/src/test/java/com/fptu/exe/skillswap/modules/mentor/service/discovery/DiscoveryEnrichmentServiceTest.java:[31,46] constructor DiscoveryEnrichmentService in class com.fptu.exe.skillswap.modules.mentor.service.discovery.DiscoveryEnrichmentService cannot be applied to given types;
  required: com.fptu.exe.skillswap.modules.mentor.repository.MentorSubjectResultRepository,com.fptu.exe.skillswap.modules.mentor.repository.MentorFeaturedProjectRepository,com.fptu.exe.skillswap.modules.mentor.repository.MentorAchievementRepository,com.fptu.exe.skillswap.modules.mentor.repository.MentorServiceRepository,com.fptu.exe.skillswap.modules.booking.port.BookingAvailabilityQueryPort
  found:    com.fptu.exe.skillswap.modules.mentor.repository.MentorSubjectResultRepository,com.fptu.exe.skillswap.modules.mentor.repository.MentorFeaturedProjectRepository,com.fptu.exe.skillswap.modules.mentor.repository.MentorAchievementRepository,com.fptu.exe.skillswap.modules.mentor.repository.MentorServiceRepository,com.fptu.exe.skillswap.modules.booking.repository.MentorAvailabilitySlotRepository,com.fptu.exe.skillswap.modules.booking.repository.AvailabilitySlotServiceRepository
  reason: actual and formal argument lists differ in length
[ERROR] /E:/FPTU/SU26/EXE201/project/src/test/java/com/fptu/exe/skillswap/modules/identity/service/GoogleCalendarConnectionServiceTest.java:[51,19] constructor GoogleCalendarConnectionService in class com.fptu.exe.skillswap.modules.identity.service.GoogleCalendarConnectionService cannot be applied to given types;
  required: com.fptu.exe.skillswap.modules.identity.repository.UserRepository,com.fptu.exe.skillswap.modules.identity.repository.GoogleCalendarConnectionRepository,com.fptu.exe.skillswap.modules.identity.service.GoogleCalendarApiClient,com.fptu.exe.skillswap.modules.identity.service.GoogleTokenCryptoService,org.springframework.transaction.support.TransactionTemplate,com.fptu.exe.skillswap.modules.identity.service.GoogleOAuthStateService,com.fptu.exe.skillswap.infrastructure.config.GoogleApiProperties,com.fptu.exe.skillswap.modules.identity.port.MentorCalendarEligibilityPort,com.fptu.exe.skillswap.modules.booking.port.BookingAvailabilityQueryPort
  found:    com.fptu.exe.skillswap.modules.identity.repository.UserRepository,com.fptu.exe.skillswap.modules.identity.repository.GoogleCalendarConnectionRepository,com.fptu.exe.skillswap.modules.identity.service.GoogleCalendarApiClient,com.fptu.exe.skillswap.modules.identity.service.GoogleTokenCryptoService,org.springframework.transaction.support.TransactionTemplate,com.fptu.exe.skillswap.modules.identity.service.GoogleOAuthStateService,com.fptu.exe.skillswap.infrastructure.config.GoogleApiProperties,com.fptu.exe.skillswap.modules.identity.port.MentorCalendarEligibilityPort
  reason: actual and formal argument lists differ in length
[ERROR] /E:/FPTU/SU26/EXE201/project/src/test/java/com/fptu/exe/skillswap/modules/booking/service/BookingLifecycleMaintenanceServiceTest.java:[90,17] incompatible types: com.fptu.exe.skillswap.modules.mentor.repository.MentorProfileRepository cannot be converted to com.fptu.exe.skillswap.modules.payment.service.PaymentOrderService
[ERROR] /E:/FPTU/SU26/EXE201/project/src/test/java/com/fptu/exe/skillswap/modules/blog/service/BlogEngagementServiceTest.java:[81,17] incompatible types: com.fptu.exe.skillswap.modules.mentor.service.MentorContentAccessService cannot be converted to com.fptu.exe.skillswap.infrastructure.telemetry.InternalTelemetryService
[ERROR] /E:/FPTU/SU26/EXE201/project/src/test/java/com/fptu/exe/skillswap/modules/admin/integration/AdminOperationsWorkbenchIntegrationTest.java:[159,17] cannot find symbol
  symbol:   method adminUser(com.fptu.exe.skillswap.modules.identity.domain.User)
  location: class com.fptu.exe.skillswap.modules.admin.domain.AdminNote.AdminNoteBuilder
[ERROR] /E:/FPTU/SU26/EXE201/project/src/test/java/com/fptu/exe/skillswap/modules/mentor/service/discovery/DiscoveryKeywordSupportTest.java:[47,17] incompatible types: com.fptu.exe.skillswap.modules.catalog.repository.TagRepository cannot be converted to com.fptu.exe.skillswap.modules.mentor.repository.MentorServiceRepository
[ERROR] /E:/FPTU/SU26/EXE201/project/src/test/java/com/fptu/exe/skillswap/modules/blog/service/BlogGrowthServiceTest.java:[69,19] constructor BlogService in class com.fptu.exe.skillswap.modules.blog.service.BlogService cannot be applied to given types;
  required: com.fptu.exe.skillswap.modules.blog.repository.BlogPostRepository,com.fptu.exe.skillswap.modules.blog.repository.BlogPostLikeRepository,com.fptu.exe.skillswap.modules.blog.repository.BlogBookmarkRepository,com.fptu.exe.skillswap.modules.blog.repository.BlogCategoryFollowRepository,com.fptu.exe.skillswap.modules.blog.repository.BlogMentorFollowRepository,com.fptu.exe.skillswap.modules.blog.repository.BlogCategoryRepository,com.fptu.exe.skillswap.modules.blog.repository.BlogTagRepository,com.fptu.exe.skillswap.modules.blog.service.BlogMapper,com.fptu.exe.skillswap.shared.cursor.CursorCodec,com.fptu.exe.skillswap.modules.blog.service.BlogContentPolicy,com.fptu.exe.skillswap.infrastructure.telemetry.InternalTelemetryService,jakarta.persistence.EntityManager,com.fptu.exe.skillswap.modules.blog.service.BlogTrendingCache,org.springframework.context.ApplicationEventPublisher,com.fptu.exe.skillswap.modules.booking.port.ContentEntitlementQuery,com.fptu.exe.skillswap.modules.mentor.port.MentorQueryPort,com.fptu.exe.skillswap.modules.mentor.port.MentorContentAccessPort
  found:    com.fptu.exe.skillswap.modules.blog.repository.BlogPostRepository,com.fptu.exe.skillswap.modules.blog.repository.BlogPostLikeRepository,com.fptu.exe.skillswap.modules.blog.repository.BlogBookmarkRepository,com.fptu.exe.skillswap.modules.blog.repository.BlogCategoryFollowRepository,com.fptu.exe.skillswap.modules.blog.repository.BlogMentorFollowRepository,com.fptu.exe.skillswap.modules.blog.repository.BlogCategoryRepository,com.fptu.exe.skillswap.modules.blog.repository.BlogTagRepository,com.fptu.exe.skillswap.modules.blog.service.BlogMapper,com.fptu.exe.skillswap.shared.cursor.CursorCodec,com.fptu.exe.skillswap.modules.blog.service.BlogContentPolicy,com.fptu.exe.skillswap.infrastructure.telemetry.InternalTelemetryService,jakarta.persistence.EntityManager,com.fptu.exe.skillswap.modules.blog.service.BlogTrendingCache,org.springframework.context.ApplicationEventPublisher,com.fptu.exe.skillswap.modules.booking.service.BookingEligibilityPolicy,com.fptu.exe.skillswap.modules.mentor.port.MentorQueryPort
  reason: actual and formal argument lists differ in length
[ERROR] /E:/FPTU/SU26/EXE201/project/src/test/java/com/fptu/exe/skillswap/modules/admin/service/SystemUserRoleServiceTest.java:[48,75] no suitable method found for thenReturn(com.fptu.exe.skillswap.modules.identity.dto.response.AdminUserResponse)
    method org.mockito.stubbing.OngoingStubbing.thenReturn(com.fptu.exe.skillswap.modules.identity.port.IdentityAdminPortModels.AdminUserView) is not applicable
      (argument mismatch; com.fptu.exe.skillswap.modules.identity.dto.response.AdminUserResponse cannot be converted to com.fptu.exe.skillswap.modules.identity.port.IdentityAdminPortModels.AdminUserView)
    method org.mockito.stubbing.OngoingStubbing.thenReturn(com.fptu.exe.skillswap.modules.identity.port.IdentityAdminPortModels.AdminUserView,com.fptu.exe.skillswap.modules.identity.port.IdentityAdminPortModels.AdminUserView...) is not applicable
      (argument mismatch; com.fptu.exe.skillswap.modules.identity.dto.response.AdminUserResponse cannot be converted to com.fptu.exe.skillswap.modules.identity.port.IdentityAdminPortModels.AdminUserView)
[ERROR] /E:/FPTU/SU26/EXE201/project/src/test/java/com/fptu/exe/skillswap/modules/admin/service/SystemUserRoleServiceTest.java:[50,74] incompatible types: com.fptu.exe.skillswap.modules.identity.port.IdentityAdminPortModels.AdminUserView cannot be converted to com.fptu.exe.skillswap.modules.identity.dto.response.AdminUserResponse
[ERROR] /E:/FPTU/SU26/EXE201/project/src/test/java/com/fptu/exe/skillswap/modules/admin/service/SystemUserRoleServiceTest.java:[65,61] no suitable method found for thenReturn(com.fptu.exe.skillswap.modules.identity.dto.response.AdminUserResponse)
    method org.mockito.stubbing.OngoingStubbing.thenReturn(com.fptu.exe.skillswap.modules.identity.port.IdentityAdminPortModels.AdminUserView) is not applicable
      (argument mismatch; com.fptu.exe.skillswap.modules.identity.dto.response.AdminUserResponse cannot be converted to com.fptu.exe.skillswap.modules.identity.port.IdentityAdminPortModels.AdminUserView)
    method org.mockito.stubbing.OngoingStubbing.thenReturn(com.fptu.exe.skillswap.modules.identity.port.IdentityAdminPortModels.AdminUserView,com.fptu.exe.skillswap.modules.identity.port.IdentityAdminPortModels.AdminUserView...) is not applicable
      (argument mismatch; com.fptu.exe.skillswap.modules.identity.dto.response.AdminUserResponse cannot be converted to com.fptu.exe.skillswap.modules.identity.port.IdentityAdminPortModels.AdminUserView)
[ERROR] /E:/FPTU/SU26/EXE201/project/src/test/java/com/fptu/exe/skillswap/modules/admin/service/SystemUserRoleServiceTest.java:[67,75] incompatible types: com.fptu.exe.skillswap.modules.identity.port.IdentityAdminPortModels.AdminUserView cannot be converted to com.fptu.exe.skillswap.modules.identity.dto.response.AdminUserResponse
[ERROR] /E:/FPTU/SU26/EXE201/project/src/test/java/com/fptu/exe/skillswap/modules/admin/service/SystemUserRoleServiceTest.java:[84,70] no suitable method found for thenReturn(com.fptu.exe.skillswap.shared.dto.response.PageResponse<com.fptu.exe.skillswap.modules.identity.dto.response.AdminUserResponse>)
    method org.mockito.stubbing.OngoingStubbing.thenReturn(com.fptu.exe.skillswap.shared.dto.response.PageResponse<com.fptu.exe.skillswap.modules.identity.port.IdentityAdminPortModels.AdminUserView>) is not applicable
      (argument mismatch; com.fptu.exe.skillswap.shared.dto.response.PageResponse<com.fptu.exe.skillswap.modules.identity.dto.response.AdminUserResponse> cannot be converted to com.fptu.exe.skillswap.shared.dto.response.PageResponse<com.fptu.exe.skillswap.modules.identity.port.IdentityAdminPortModels.AdminUserView>)
    method org.mockito.stubbing.OngoingStubbing.thenReturn(com.fptu.exe.skillswap.shared.dto.response.PageResponse<com.fptu.exe.skillswap.modules.identity.port.IdentityAdminPortModels.AdminUserView>,com.fptu.exe.skillswap.shared.dto.response.PageResponse<com.fptu.exe.skillswap.modules.identity.port.IdentityAdminPortModels.AdminUserView>...) is not applicable
      (argument mismatch; com.fptu.exe.skillswap.shared.dto.response.PageResponse<com.fptu.exe.skillswap.modules.identity.dto.response.AdminUserResponse> cannot be converted to com.fptu.exe.skillswap.shared.dto.response.PageResponse<com.fptu.exe.skillswap.modules.identity.port.IdentityAdminPortModels.AdminUserView>)
[ERROR] /E:/FPTU/SU26/EXE201/project/src/test/java/com/fptu/exe/skillswap/modules/admin/service/SystemUserRoleServiceTest.java:[86,87] incompatible types: com.fptu.exe.skillswap.shared.dto.response.PageResponse<com.fptu.exe.skillswap.modules.identity.port.IdentityAdminPortModels.AdminUserView> cannot be converted to com.fptu.exe.skillswap.shared.dto.response.PageResponse<com.fptu.exe.skillswap.modules.identity.dto.response.AdminUserResponse>
[ERROR] /E:/FPTU/SU26/EXE201/project/src/test/java/com/fptu/exe/skillswap/modules/admin/service/SystemUserRoleServiceTest.java:[105,68] no suitable method found for thenReturn(com.fptu.exe.skillswap.shared.dto.response.PageResponse<com.fptu.exe.skillswap.modules.identity.dto.response.SystemUserResponse>)
    method org.mockito.stubbing.OngoingStubbing.thenReturn(com.fptu.exe.skillswap.shared.dto.response.PageResponse<com.fptu.exe.skillswap.modules.identity.port.IdentityAdminPortModels.SystemUserView>) is not applicable
      (argument mismatch; com.fptu.exe.skillswap.shared.dto.response.PageResponse<com.fptu.exe.skillswap.modules.identity.dto.response.SystemUserResponse> cannot be converted to com.fptu.exe.skillswap.shared.dto.response.PageResponse<com.fptu.exe.skillswap.modules.identity.port.IdentityAdminPortModels.SystemUserView>)
    method org.mockito.stubbing.OngoingStubbing.thenReturn(com.fptu.exe.skillswap.shared.dto.response.PageResponse<com.fptu.exe.skillswap.modules.identity.port.IdentityAdminPortModels.SystemUserView>,com.fptu.exe.skillswap.shared.dto.response.PageResponse<com.fptu.exe.skillswap.modules.identity.port.IdentityAdminPortModels.SystemUserView>...) is not applicable
      (argument mismatch; com.fptu.exe.skillswap.shared.dto.response.PageResponse<com.fptu.exe.skillswap.modules.identity.dto.response.SystemUserResponse> cannot be converted to com.fptu.exe.skillswap.shared.dto.response.PageResponse<com.fptu.exe.skillswap.modules.identity.port.IdentityAdminPortModels.SystemUserView>)
[ERROR] /E:/FPTU/SU26/EXE201/project/src/test/java/com/fptu/exe/skillswap/modules/admin/service/SystemUserRoleServiceTest.java:[107,86] incompatible types: com.fptu.exe.skillswap.shared.dto.response.PageResponse<com.fptu.exe.skillswap.modules.identity.port.IdentityAdminPortModels.SystemUserView> cannot be converted to com.fptu.exe.skillswap.shared.dto.response.PageResponse<com.fptu.exe.skillswap.modules.identity.dto.response.SystemUserResponse>
[ERROR] /E:/FPTU/SU26/EXE201/project/src/test/java/com/fptu/exe/skillswap/modules/admin/service/AdminForumModerationServiceTest.java:[52,28] incompatible types: inference variable T has incompatible bounds
    equality constraints: com.fptu.exe.skillswap.modules.forum.dto.request.ForumReportResolveRequest
    upper bounds: com.fptu.exe.skillswap.modules.forum.port.ForumAdminPortModels.ResolveReportCommand,java.lang.Object
[ERROR] /E:/FPTU/SU26/EXE201/project/src/test/java/com/fptu/exe/skillswap/modules/admin/service/AdminForumModerationServiceTest.java:[55,65] incompatible types: com.fptu.exe.skillswap.modules.forum.dto.request.ForumReportResolveRequest cannot be converted to com.fptu.exe.skillswap.modules.forum.port.ForumAdminPortModels.ResolveReportCommand
[ERROR] /E:/FPTU/SU26/EXE201/project/src/test/java/com/fptu/exe/skillswap/modules/admin/service/AdminForumModerationServiceTest.java:[60,31] incompatible types: inference variable T has incompatible bounds
    equality constraints: com.fptu.exe.skillswap.modules.forum.dto.request.ForumReportResolveRequest
    upper bounds: com.fptu.exe.skillswap.modules.forum.port.ForumAdminPortModels.ResolveReportCommand,java.lang.Object
[ERROR] /E:/FPTU/SU26/EXE201/project/src/test/java/com/fptu/exe/skillswap/modules/admin/service/AdminForumModerationServiceTest.java:[71,28] incompatible types: inference variable T has incompatible bounds
    equality constraints: com.fptu.exe.skillswap.modules.forum.dto.request.ForumReportResolveRequest
    upper bounds: com.fptu.exe.skillswap.modules.forum.port.ForumAdminPortModels.ResolveReportCommand,java.lang.Object
[ERROR] /E:/FPTU/SU26/EXE201/project/src/test/java/com/fptu/exe/skillswap/modules/admin/service/AdminForumModerationServiceTest.java:[74,65] incompatible types: com.fptu.exe.skillswap.modules.forum.dto.request.ForumReportResolveRequest cannot be converted to com.fptu.exe.skillswap.modules.forum.port.ForumAdminPortModels.ResolveReportCommand
[ERROR] /E:/FPTU/SU26/EXE201/project/src/test/java/com/fptu/exe/skillswap/modules/admin/service/AdminForumModerationServiceTest.java:[90,28] incompatible types: inference variable T has incompatible bounds
    equality constraints: com.fptu.exe.skillswap.modules.forum.dto.request.AdminForumPostListRequest
    upper bounds: com.fptu.exe.skillswap.modules.forum.port.ForumAdminPortModels.PostListQuery,java.lang.Object
[ERROR] /E:/FPTU/SU26/EXE201/project/src/test/java/com/fptu/exe/skillswap/modules/admin/service/AdminForumModerationServiceTest.java:[93,46] incompatible types: com.fptu.exe.skillswap.modules.forum.dto.request.AdminForumPostListRequest cannot be converted to com.fptu.exe.skillswap.modules.forum.port.ForumAdminPortModels.PostListQuery
[ERROR] /E:/FPTU/SU26/EXE201/project/src/test/java/com/fptu/exe/skillswap/modules/admin/service/AdminForumModerationServiceTest.java:[96,31] incompatible types: inference variable T has incompatible bounds
    equality constraints: com.fptu.exe.skillswap.modules.forum.dto.request.AdminForumPostListRequest
    upper bounds: com.fptu.exe.skillswap.modules.forum.port.ForumAdminPortModels.PostListQuery,java.lang.Object
[ERROR] /E:/FPTU/SU26/EXE201/project/src/test/java/com/fptu/exe/skillswap/modules/admin/integration/AdminDataCenterControllerIntegrationTest.java:[386,17] cannot find symbol
  symbol:   method actor(com.fptu.exe.skillswap.modules.identity.domain.User)
  location: class com.fptu.exe.skillswap.modules.admin.domain.AuditLog.AuditLogBuilder
[ERROR] /E:/FPTU/SU26/EXE201/project/src/test/java/com/fptu/exe/skillswap/modules/admin/integration/AdminDataCenterControllerIntegrationTest.java:[396,17] cannot find symbol
  symbol:   method actor(com.fptu.exe.skillswap.modules.identity.domain.User)
  location: class com.fptu.exe.skillswap.modules.admin.domain.AuditLog.AuditLogBuilder
[ERROR] /E:/FPTU/SU26/EXE201/project/src/test/java/com/fptu/exe/skillswap/modules/admin/service/AdminCampaignServiceTest.java:[27,31] incompatible types: inference variable T has incompatible bounds
    equality constraints: com.fptu.exe.skillswap.modules.payment.dto.request.AdminCampaignCreateRequest
    upper bounds: com.fptu.exe.skillswap.modules.payment.port.CampaignAdminPort.CreateCampaignCommand,java.lang.Object
[ERROR] /E:/FPTU/SU26/EXE201/project/src/test/java/com/fptu/exe/skillswap/modules/admin/service/AdminCampaignServiceTest.java:[31,34] incompatible types: inference variable T has incompatible bounds
    equality constraints: com.fptu.exe.skillswap.modules.payment.dto.request.AdminCampaignCreateRequest
    upper bounds: com.fptu.exe.skillswap.modules.payment.port.CampaignAdminPort.CreateCampaignCommand,java.lang.Object
[ERROR] /E:/FPTU/SU26/EXE201/project/src/test/java/com/fptu/exe/skillswap/modules/mentor/service/MentorDiscoveryServiceTest.java:[479,17] no suitable method found for thenReturn(org.springframework.data.domain.PageImpl<com.fptu.exe.skillswap.modules.feedback.repository.query.MentorReviewQueryRow>)
    method org.mockito.stubbing.OngoingStubbing.thenReturn(org.springframework.data.domain.Page<com.fptu.exe.skillswap.modules.feedback.port.MentorReviewProjection>) is not applicable
      (argument mismatch; cannot infer type arguments for org.springframework.data.domain.PageImpl<>
          reason: inference variable T has incompatible bounds
            equality constraints: com.fptu.exe.skillswap.modules.feedback.port.MentorReviewProjection,E
            lower bounds: com.fptu.exe.skillswap.modules.feedback.repository.query.MentorReviewQueryRow)
    method org.mockito.stubbing.OngoingStubbing.thenReturn(org.springframework.data.domain.Page<com.fptu.exe.skillswap.modules.feedback.port.MentorReviewProjection>,org.springframework.data.domain.Page<com.fptu.exe.skillswap.modules.feedback.port.MentorReviewProjection>...) is not applicable
      (argument mismatch; cannot infer type arguments for org.springframework.data.domain.PageImpl<>
          reason: inference variable T has incompatible bounds
            equality constraints: com.fptu.exe.skillswap.modules.feedback.port.MentorReviewProjection,E
            lower bounds: com.fptu.exe.skillswap.modules.feedback.repository.query.MentorReviewQueryRow)
[ERROR] /E:/FPTU/SU26/EXE201/project/src/test/java/com/fptu/exe/skillswap/modules/booking/service/BookingCommandLockOrderTest.java:[106,46] constructor BookingCancellationService in class com.fptu.exe.skillswap.modules.booking.service.BookingCancellationService cannot be applied to given types;
  required: com.fptu.exe.skillswap.modules.booking.repository.BookingRepository,com.fptu.exe.skillswap.modules.booking.repository.MentorAvailabilitySlotRepository,com.fptu.exe.skillswap.modules.mentor.port.MentorQueryPort,jakarta.persistence.EntityManager,com.fptu.exe.skillswap.modules.booking.service.SessionService,com.fptu.exe.skillswap.modules.payment.service.PaymentOrderService,org.springframework.context.ApplicationEventPublisher,com.fptu.exe.skillswap.modules.booking.service.BookingResponseMapper
  found:    com.fptu.exe.skillswap.modules.booking.repository.BookingRepository,com.fptu.exe.skillswap.modules.booking.repository.MentorAvailabilitySlotRepository,jakarta.persistence.EntityManager,com.fptu.exe.skillswap.modules.booking.service.SessionService,com.fptu.exe.skillswap.modules.payment.service.PaymentOrderService,org.springframework.context.ApplicationEventPublisher,com.fptu.exe.skillswap.modules.booking.service.BookingResponseMapper
  reason: actual and formal argument lists differ in length
[ERROR] /E:/FPTU/SU26/EXE201/project/src/test/java/com/fptu/exe/skillswap/modules/admin/service/AdminCouponServiceTest.java:[27,29] incompatible types: inference variable T has incompatible bounds
    equality constraints: com.fptu.exe.skillswap.modules.payment.dto.request.AdminCouponCreateRequest
    upper bounds: com.fptu.exe.skillswap.modules.payment.port.CouponAdminPort.CreateCouponCommand,java.lang.Object
[ERROR] /E:/FPTU/SU26/EXE201/project/src/test/java/com/fptu/exe/skillswap/modules/admin/service/AdminCouponServiceTest.java:[31,32] incompatible types: inference variable T has incompatible bounds
    equality constraints: com.fptu.exe.skillswap.modules.payment.dto.request.AdminCouponCreateRequest
    upper bounds: com.fptu.exe.skillswap.modules.payment.port.CouponAdminPort.CreateCouponCommand,java.lang.Object
[ERROR] /E:/FPTU/SU26/EXE201/project/src/test/java/com/fptu/exe/skillswap/modules/mentor/service/MentorVerificationServiceUploadTest.java:[138,19] constructor MentorVerificationService in class com.fptu.exe.skillswap.modules.mentor.service.MentorVerificationService cannot be applied to given types;
  required: com.fptu.exe.skillswap.modules.mentor.repository.MentorVerificationRequestRepository,com.fptu.exe.skillswap.modules.mentor.repository.MentorVerificationDocumentRepository,com.fptu.exe.skillswap.modules.mentor.repository.MentorVerificationRequestEventRepository,com.fptu.exe.skillswap.modules.mentor.repository.MentorProfileRepository,com.fptu.exe.skillswap.modules.identity.service.AcademicService,com.fptu.exe.skillswap.modules.mentor.service.MentorProfileService,org.springframework.beans.factory.ObjectProvider<com.fptu.exe.skillswap.infrastructure.storage.StorageGateway>,com.fptu.exe.skillswap.modules.mentor.repository.MentorVerificationUploadIntentRepository,com.fptu.exe.skillswap.modules.mentor.repository.MentorServiceRepository,com.fptu.exe.skillswap.modules.identity.port.UserQueryPort,com.fptu.exe.skillswap.modules.booking.port.BookingAvailabilityQueryPort,com.fptu.exe.skillswap.modules.filestorage.port.VerificationDocumentStoragePort
  found:    com.fptu.exe.skillswap.modules.mentor.repository.MentorVerificationRequestRepository,com.fptu.exe.skillswap.modules.mentor.repository.MentorVerificationDocumentRepository,com.fptu.exe.skillswap.modules.mentor.repository.MentorVerificationRequestEventRepository,com.fptu.exe.skillswap.modules.mentor.repository.MentorProfileRepository,com.fptu.exe.skillswap.modules.identity.service.AcademicService,com.fptu.exe.skillswap.modules.mentor.service.MentorProfileService,org.springframework.beans.factory.ObjectProvider<com.fptu.exe.skillswap.infrastructure.storage.StorageGateway>,com.fptu.exe.skillswap.modules.mentor.repository.MentorVerificationUploadIntentRepository,com.fptu.exe.skillswap.modules.mentor.repository.MentorServiceRepository
  reason: actual and formal argument lists differ in length
[INFO] 34 errors 
[INFO] -------------------------------------------------------------
[INFO] ------------------------------------------------------------------------
[INFO] BUILD FAILURE
[INFO] ------------------------------------------------------------------------
[INFO] Total time:  33.025 s
[INFO] Finished at: 2026-08-31T08:21:40+07:00
[INFO] ------------------------------------------------------------------------
[ERROR] Failed to execute goal org.apache.maven.plugins:maven-compiler-plugin:3.11.0:testCompile (default-testCompile) on project skillswap: Compilation failure: Compilation failure: 
[ERROR] /E:/FPTU/SU26/EXE201/project/src/test/java/com/fptu/exe/skillswap/modules/smoke/CoreMentorshipFlowSmokeTest.java:[154,88] incompatible types: com.fptu.exe.skillswap.modules.identity.dto.request.AdminUserListRequest cannot be converted to com.fptu.exe.skillswap.modules.admin.dto.request.AdminUserListFilterRequest
[ERROR] /E:/FPTU/SU26/EXE201/project/src/test/java/com/fptu/exe/skillswap/modules/admin/controller/AdminForumControllerSecurityTest.java:[47,41] incompatible types: inference variable T has incompatible bounds
[ERROR]     equality constraints: com.fptu.exe.skillswap.modules.forum.dto.request.AdminForumReportListRequest
[ERROR]     upper bounds: com.fptu.exe.skillswap.modules.forum.port.ForumAdminPortModels.ReportListQuery,java.lang.Object
[ERROR] /E:/FPTU/SU26/EXE201/project/src/test/java/com/fptu/exe/skillswap/modules/mentor/service/discovery/DiscoveryEnrichmentServiceTest.java:[31,46] constructor DiscoveryEnrichmentService in class com.fptu.exe.skillswap.modules.mentor.service.discovery.DiscoveryEnrichmentService cannot be applied to given types;
[ERROR]   required: com.fptu.exe.skillswap.modules.mentor.repository.MentorSubjectResultRepository,com.fptu.exe.skillswap.modules.mentor.repository.MentorFeaturedProjectRepository,com.fptu.exe.skillswap.modules.mentor.repository.MentorAchievementRepository,com.fptu.exe.skillswap.modules.mentor.repository.MentorServiceRepository,com.fptu.exe.skillswap.modules.booking.port.BookingAvailabilityQueryPort
[ERROR]   found:    com.fptu.exe.skillswap.modules.mentor.repository.MentorSubjectResultRepository,com.fptu.exe.skillswap.modules.mentor.repository.MentorFeaturedProjectRepository,com.fptu.exe.skillswap.modules.mentor.repository.MentorAchievementRepository,com.fptu.exe.skillswap.modules.mentor.repository.MentorServiceRepository,com.fptu.exe.skillswap.modules.booking.repository.MentorAvailabilitySlotRepository,com.fptu.exe.skillswap.modules.booking.repository.AvailabilitySlotServiceRepository
[ERROR]   reason: actual and formal argument lists differ in length
[ERROR] /E:/FPTU/SU26/EXE201/project/src/test/java/com/fptu/exe/skillswap/modules/identity/service/GoogleCalendarConnectionServiceTest.java:[51,19] constructor GoogleCalendarConnectionService in class com.fptu.exe.skillswap.modules.identity.service.GoogleCalendarConnectionService cannot be applied to given types;
[ERROR]   required: com.fptu.exe.skillswap.modules.identity.repository.UserRepository,com.fptu.exe.skillswap.modules.identity.repository.GoogleCalendarConnectionRepository,com.fptu.exe.skillswap.modules.identity.service.GoogleCalendarApiClient,com.fptu.exe.skillswap.modules.identity.service.GoogleTokenCryptoService,org.springframework.transaction.support.TransactionTemplate,com.fptu.exe.skillswap.modules.identity.service.GoogleOAuthStateService,com.fptu.exe.skillswap.infrastructure.config.GoogleApiProperties,com.fptu.exe.skillswap.modules.identity.port.MentorCalendarEligibilityPort,com.fptu.exe.skillswap.modules.booking.port.BookingAvailabilityQueryPort
[ERROR]   found:    com.fptu.exe.skillswap.modules.identity.repository.UserRepository,com.fptu.exe.skillswap.modules.identity.repository.GoogleCalendarConnectionRepository,com.fptu.exe.skillswap.modules.identity.service.GoogleCalendarApiClient,com.fptu.exe.skillswap.modules.identity.service.GoogleTokenCryptoService,org.springframework.transaction.support.TransactionTemplate,com.fptu.exe.skillswap.modules.identity.service.GoogleOAuthStateService,com.fptu.exe.skillswap.infrastructure.config.GoogleApiProperties,com.fptu.exe.skillswap.modules.identity.port.MentorCalendarEligibilityPort
[ERROR]   reason: actual and formal argument lists differ in length
[ERROR] /E:/FPTU/SU26/EXE201/project/src/test/java/com/fptu/exe/skillswap/modules/booking/service/BookingLifecycleMaintenanceServiceTest.java:[90,17] incompatible types: com.fptu.exe.skillswap.modules.mentor.repository.MentorProfileRepository cannot be converted to com.fptu.exe.skillswap.modules.payment.service.PaymentOrderService
[ERROR] /E:/FPTU/SU26/EXE201/project/src/test/java/com/fptu/exe/skillswap/modules/blog/service/BlogEngagementServiceTest.java:[81,17] incompatible types: com.fptu.exe.skillswap.modules.mentor.service.MentorContentAccessService cannot be converted to com.fptu.exe.skillswap.infrastructure.telemetry.InternalTelemetryService
[ERROR] /E:/FPTU/SU26/EXE201/project/src/test/java/com/fptu/exe/skillswap/modules/admin/integration/AdminOperationsWorkbenchIntegrationTest.java:[159,17] cannot find symbol
[ERROR]   symbol:   method adminUser(com.fptu.exe.skillswap.modules.identity.domain.User)
[ERROR]   location: class com.fptu.exe.skillswap.modules.admin.domain.AdminNote.AdminNoteBuilder
[ERROR] /E:/FPTU/SU26/EXE201/project/src/test/java/com/fptu/exe/skillswap/modules/mentor/service/discovery/DiscoveryKeywordSupportTest.java:[47,17] incompatible types: com.fptu.exe.skillswap.modules.catalog.repository.TagRepository cannot be converted to com.fptu.exe.skillswap.modules.mentor.repository.MentorServiceRepository
[ERROR] /E:/FPTU/SU26/EXE201/project/src/test/java/com/fptu/exe/skillswap/modules/blog/service/BlogGrowthServiceTest.java:[69,19] constructor BlogService in class com.fptu.exe.skillswap.modules.blog.service.BlogService cannot be applied to given types;
[ERROR]   required: com.fptu.exe.skillswap.modules.blog.repository.BlogPostRepository,com.fptu.exe.skillswap.modules.blog.repository.BlogPostLikeRepository,com.fptu.exe.skillswap.modules.blog.repository.BlogBookmarkRepository,com.fptu.exe.skillswap.modules.blog.repository.BlogCategoryFollowRepository,com.fptu.exe.skillswap.modules.blog.repository.BlogMentorFollowRepository,com.fptu.exe.skillswap.modules.blog.repository.BlogCategoryRepository,com.fptu.exe.skillswap.modules.blog.repository.BlogTagRepository,com.fptu.exe.skillswap.modules.blog.service.BlogMapper,com.fptu.exe.skillswap.shared.cursor.CursorCodec,com.fptu.exe.skillswap.modules.blog.service.BlogContentPolicy,com.fptu.exe.skillswap.infrastructure.telemetry.InternalTelemetryService,jakarta.persistence.EntityManager,com.fptu.exe.skillswap.modules.blog.service.BlogTrendingCache,org.springframework.context.ApplicationEventPublisher,com.fptu.exe.skillswap.modules.booking.port.ContentEntitlementQuery,com.fptu.exe.skillswap.modules.mentor.port.MentorQueryPort,com.fptu.exe.skillswap.modules.mentor.port.MentorContentAccessPort
[ERROR]   found:    com.fptu.exe.skillswap.modules.blog.repository.BlogPostRepository,com.fptu.exe.skillswap.modules.blog.repository.BlogPostLikeRepository,com.fptu.exe.skillswap.modules.blog.repository.BlogBookmarkRepository,com.fptu.exe.skillswap.modules.blog.repository.BlogCategoryFollowRepository,com.fptu.exe.skillswap.modules.blog.repository.BlogMentorFollowRepository,com.fptu.exe.skillswap.modules.blog.repository.BlogCategoryRepository,com.fptu.exe.skillswap.modules.blog.repository.BlogTagRepository,com.fptu.exe.skillswap.modules.blog.service.BlogMapper,com.fptu.exe.skillswap.shared.cursor.CursorCodec,com.fptu.exe.skillswap.modules.blog.service.BlogContentPolicy,com.fptu.exe.skillswap.infrastructure.telemetry.InternalTelemetryService,jakarta.persistence.EntityManager,com.fptu.exe.skillswap.modules.blog.service.BlogTrendingCache,org.springframework.context.ApplicationEventPublisher,com.fptu.exe.skillswap.modules.booking.service.BookingEligibilityPolicy,com.fptu.exe.skillswap.modules.mentor.port.MentorQueryPort
[ERROR]   reason: actual and formal argument lists differ in length
[ERROR] /E:/FPTU/SU26/EXE201/project/src/test/java/com/fptu/exe/skillswap/modules/admin/service/SystemUserRoleServiceTest.java:[48,75] no suitable method found for thenReturn(com.fptu.exe.skillswap.modules.identity.dto.response.AdminUserResponse)
[ERROR]     method org.mockito.stubbing.OngoingStubbing.thenReturn(com.fptu.exe.skillswap.modules.identity.port.IdentityAdminPortModels.AdminUserView) is not applicable
[ERROR]       (argument mismatch; com.fptu.exe.skillswap.modules.identity.dto.response.AdminUserResponse cannot be converted to com.fptu.exe.skillswap.modules.identity.port.IdentityAdminPortModels.AdminUserView)
[ERROR]     method org.mockito.stubbing.OngoingStubbing.thenReturn(com.fptu.exe.skillswap.modules.identity.port.IdentityAdminPortModels.AdminUserView,com.fptu.exe.skillswap.modules.identity.port.IdentityAdminPortModels.AdminUserView...) is not applicable
[ERROR]       (argument mismatch; com.fptu.exe.skillswap.modules.identity.dto.response.AdminUserResponse cannot be converted to com.fptu.exe.skillswap.modules.identity.port.IdentityAdminPortModels.AdminUserView)
[ERROR] /E:/FPTU/SU26/EXE201/project/src/test/java/com/fptu/exe/skillswap/modules/admin/service/SystemUserRoleServiceTest.java:[50,74] incompatible types: com.fptu.exe.skillswap.modules.identity.port.IdentityAdminPortModels.AdminUserView cannot be converted to com.fptu.exe.skillswap.modules.identity.dto.response.AdminUserResponse
[ERROR] /E:/FPTU/SU26/EXE201/project/src/test/java/com/fptu/exe/skillswap/modules/admin/service/SystemUserRoleServiceTest.java:[65,61] no suitable method found for thenReturn(com.fptu.exe.skillswap.modules.identity.dto.response.AdminUserResponse)
[ERROR]     method org.mockito.stubbing.OngoingStubbing.thenReturn(com.fptu.exe.skillswap.modules.identity.port.IdentityAdminPortModels.AdminUserView) is not applicable
[ERROR]       (argument mismatch; com.fptu.exe.skillswap.modules.identity.dto.response.AdminUserResponse cannot be converted to com.fptu.exe.skillswap.modules.identity.port.IdentityAdminPortModels.AdminUserView)
[ERROR]     method org.mockito.stubbing.OngoingStubbing.thenReturn(com.fptu.exe.skillswap.modules.identity.port.IdentityAdminPortModels.AdminUserView,com.fptu.exe.skillswap.modules.identity.port.IdentityAdminPortModels.AdminUserView...) is not applicable
[ERROR]       (argument mismatch; com.fptu.exe.skillswap.modules.identity.dto.response.AdminUserResponse cannot be converted to com.fptu.exe.skillswap.modules.identity.port.IdentityAdminPortModels.AdminUserView)
[ERROR] /E:/FPTU/SU26/EXE201/project/src/test/java/com/fptu/exe/skillswap/modules/admin/service/SystemUserRoleServiceTest.java:[67,75] incompatible types: com.fptu.exe.skillswap.modules.identity.port.IdentityAdminPortModels.AdminUserView cannot be converted to com.fptu.exe.skillswap.modules.identity.dto.response.AdminUserResponse
[ERROR] /E:/FPTU/SU26/EXE201/project/src/test/java/com/fptu/exe/skillswap/modules/admin/service/SystemUserRoleServiceTest.java:[84,70] no suitable method found for thenReturn(com.fptu.exe.skillswap.shared.dto.response.PageResponse<com.fptu.exe.skillswap.modules.identity.dto.response.AdminUserResponse>)
[ERROR]     method org.mockito.stubbing.OngoingStubbing.thenReturn(com.fptu.exe.skillswap.shared.dto.response.PageResponse<com.fptu.exe.skillswap.modules.identity.port.IdentityAdminPortModels.AdminUserView>) is not applicable
[ERROR]       (argument mismatch; com.fptu.exe.skillswap.shared.dto.response.PageResponse<com.fptu.exe.skillswap.modules.identity.dto.response.AdminUserResponse> cannot be converted to com.fptu.exe.skillswap.shared.dto.response.PageResponse<com.fptu.exe.skillswap.modules.identity.port.IdentityAdminPortModels.AdminUserView>)
[ERROR]     method org.mockito.stubbing.OngoingStubbing.thenReturn(com.fptu.exe.skillswap.shared.dto.response.PageResponse<com.fptu.exe.skillswap.modules.identity.port.IdentityAdminPortModels.AdminUserView>,com.fptu.exe.skillswap.shared.dto.response.PageResponse<com.fptu.exe.skillswap.modules.identity.port.IdentityAdminPortModels.AdminUserView>...) is not applicable
[ERROR]       (argument mismatch; com.fptu.exe.skillswap.shared.dto.response.PageResponse<com.fptu.exe.skillswap.modules.identity.dto.response.AdminUserResponse> cannot be converted to com.fptu.exe.skillswap.shared.dto.response.PageResponse<com.fptu.exe.skillswap.modules.identity.port.IdentityAdminPortModels.AdminUserView>)
[ERROR] /E:/FPTU/SU26/EXE201/project/src/test/java/com/fptu/exe/skillswap/modules/admin/service/SystemUserRoleServiceTest.java:[86,87] incompatible types: com.fptu.exe.skillswap.shared.dto.response.PageResponse<com.fptu.exe.skillswap.modules.identity.port.IdentityAdminPortModels.AdminUserView> cannot be converted to com.fptu.exe.skillswap.shared.dto.response.PageResponse<com.fptu.exe.skillswap.modules.identity.dto.response.AdminUserResponse>
[ERROR] /E:/FPTU/SU26/EXE201/project/src/test/java/com/fptu/exe/skillswap/modules/admin/service/SystemUserRoleServiceTest.java:[105,68] no suitable method found for thenReturn(com.fptu.exe.skillswap.shared.dto.response.PageResponse<com.fptu.exe.skillswap.modules.identity.dto.response.SystemUserResponse>)
[ERROR]     method org.mockito.stubbing.OngoingStubbing.thenReturn(com.fptu.exe.skillswap.shared.dto.response.PageResponse<com.fptu.exe.skillswap.modules.identity.port.IdentityAdminPortModels.SystemUserView>) is not applicable
[ERROR]       (argument mismatch; com.fptu.exe.skillswap.shared.dto.response.PageResponse<com.fptu.exe.skillswap.modules.identity.dto.response.SystemUserResponse> cannot be converted to com.fptu.exe.skillswap.shared.dto.response.PageResponse<com.fptu.exe.skillswap.modules.identity.port.IdentityAdminPortModels.SystemUserView>)
[ERROR]     method org.mockito.stubbing.OngoingStubbing.thenReturn(com.fptu.exe.skillswap.shared.dto.response.PageResponse<com.fptu.exe.skillswap.modules.identity.port.IdentityAdminPortModels.SystemUserView>,com.fptu.exe.skillswap.shared.dto.response.PageResponse<com.fptu.exe.skillswap.modules.identity.port.IdentityAdminPortModels.SystemUserView>...) is not applicable
[ERROR]       (argument mismatch; com.fptu.exe.skillswap.shared.dto.response.PageResponse<com.fptu.exe.skillswap.modules.identity.dto.response.SystemUserResponse> cannot be converted to com.fptu.exe.skillswap.shared.dto.response.PageResponse<com.fptu.exe.skillswap.modules.identity.port.IdentityAdminPortModels.SystemUserView>)
[ERROR] /E:/FPTU/SU26/EXE201/project/src/test/java/com/fptu/exe/skillswap/modules/admin/service/SystemUserRoleServiceTest.java:[107,86] incompatible types: com.fptu.exe.skillswap.shared.dto.response.PageResponse<com.fptu.exe.skillswap.modules.identity.port.IdentityAdminPortModels.SystemUserView> cannot be converted to com.fptu.exe.skillswap.shared.dto.response.PageResponse<com.fptu.exe.skillswap.modules.identity.dto.response.SystemUserResponse>
[ERROR] /E:/FPTU/SU26/EXE201/project/src/test/java/com/fptu/exe/skillswap/modules/admin/service/AdminForumModerationServiceTest.java:[52,28] incompatible types: inference variable T has incompatible bounds
[ERROR]     equality constraints: com.fptu.exe.skillswap.modules.forum.dto.request.ForumReportResolveRequest
[ERROR]     upper bounds: com.fptu.exe.skillswap.modules.forum.port.ForumAdminPortModels.ResolveReportCommand,java.lang.Object
[ERROR] /E:/FPTU/SU26/EXE201/project/src/test/java/com/fptu/exe/skillswap/modules/admin/service/AdminForumModerationServiceTest.java:[55,65] incompatible types: com.fptu.exe.skillswap.modules.forum.dto.request.ForumReportResolveRequest cannot be converted to com.fptu.exe.skillswap.modules.forum.port.ForumAdminPortModels.ResolveReportCommand
[ERROR] /E:/FPTU/SU26/EXE201/project/src/test/java/com/fptu/exe/skillswap/modules/admin/service/AdminForumModerationServiceTest.java:[60,31] incompatible types: inference variable T has incompatible bounds
[ERROR]     equality constraints: com.fptu.exe.skillswap.modules.forum.dto.request.ForumReportResolveRequest
[ERROR]     upper bounds: com.fptu.exe.skillswap.modules.forum.port.ForumAdminPortModels.ResolveReportCommand,java.lang.Object
[ERROR] /E:/FPTU/SU26/EXE201/project/src/test/java/com/fptu/exe/skillswap/modules/admin/service/AdminForumModerationServiceTest.java:[71,28] incompatible types: inference variable T has incompatible bounds
[ERROR]     equality constraints: com.fptu.exe.skillswap.modules.forum.dto.request.ForumReportResolveRequest
[ERROR]     upper bounds: com.fptu.exe.skillswap.modules.forum.port.ForumAdminPortModels.ResolveReportCommand,java.lang.Object
[ERROR] /E:/FPTU/SU26/EXE201/project/src/test/java/com/fptu/exe/skillswap/modules/admin/service/AdminForumModerationServiceTest.java:[74,65] incompatible types: com.fptu.exe.skillswap.modules.forum.dto.request.ForumReportResolveRequest cannot be converted to com.fptu.exe.skillswap.modules.forum.port.ForumAdminPortModels.ResolveReportCommand
[ERROR] /E:/FPTU/SU26/EXE201/project/src/test/java/com/fptu/exe/skillswap/modules/admin/service/AdminForumModerationServiceTest.java:[90,28] incompatible types: inference variable T has incompatible bounds
[ERROR]     equality constraints: com.fptu.exe.skillswap.modules.forum.dto.request.AdminForumPostListRequest
[ERROR]     upper bounds: com.fptu.exe.skillswap.modules.forum.port.ForumAdminPortModels.PostListQuery,java.lang.Object
[ERROR] /E:/FPTU/SU26/EXE201/project/src/test/java/com/fptu/exe/skillswap/modules/admin/service/AdminForumModerationServiceTest.java:[93,46] incompatible types: com.fptu.exe.skillswap.modules.forum.dto.request.AdminForumPostListRequest cannot be converted to com.fptu.exe.skillswap.modules.forum.port.ForumAdminPortModels.PostListQuery
[ERROR] /E:/FPTU/SU26/EXE201/project/src/test/java/com/fptu/exe/skillswap/modules/admin/service/AdminForumModerationServiceTest.java:[96,31] incompatible types: inference variable T has incompatible bounds
[ERROR]     equality constraints: com.fptu.exe.skillswap.modules.forum.dto.request.AdminForumPostListRequest
[ERROR]     upper bounds: com.fptu.exe.skillswap.modules.forum.port.ForumAdminPortModels.PostListQuery,java.lang.Object
[ERROR] /E:/FPTU/SU26/EXE201/project/src/test/java/com/fptu/exe/skillswap/modules/admin/integration/AdminDataCenterControllerIntegrationTest.java:[386,17] cannot find symbol
[ERROR]   symbol:   method actor(com.fptu.exe.skillswap.modules.identity.domain.User)
[ERROR]   location: class com.fptu.exe.skillswap.modules.admin.domain.AuditLog.AuditLogBuilder
[ERROR] /E:/FPTU/SU26/EXE201/project/src/test/java/com/fptu/exe/skillswap/modules/admin/integration/AdminDataCenterControllerIntegrationTest.java:[396,17] cannot find symbol
[ERROR]   symbol:   method actor(com.fptu.exe.skillswap.modules.identity.domain.User)
[ERROR]   location: class com.fptu.exe.skillswap.modules.admin.domain.AuditLog.AuditLogBuilder
[ERROR] /E:/FPTU/SU26/EXE201/project/src/test/java/com/fptu/exe/skillswap/modules/admin/service/AdminCampaignServiceTest.java:[27,31] incompatible types: inference variable T has incompatible bounds
[ERROR]     equality constraints: com.fptu.exe.skillswap.modules.payment.dto.request.AdminCampaignCreateRequest
[ERROR]     upper bounds: com.fptu.exe.skillswap.modules.payment.port.CampaignAdminPort.CreateCampaignCommand,java.lang.Object
[ERROR] /E:/FPTU/SU26/EXE201/project/src/test/java/com/fptu/exe/skillswap/modules/admin/service/AdminCampaignServiceTest.java:[31,34] incompatible types: inference variable T has incompatible bounds
[ERROR]     equality constraints: com.fptu.exe.skillswap.modules.payment.dto.request.AdminCampaignCreateRequest
[ERROR]     upper bounds: com.fptu.exe.skillswap.modules.payment.port.CampaignAdminPort.CreateCampaignCommand,java.lang.Object
[ERROR] /E:/FPTU/SU26/EXE201/project/src/test/java/com/fptu/exe/skillswap/modules/mentor/service/MentorDiscoveryServiceTest.java:[479,17] no suitable method found for thenReturn(org.springframework.data.domain.PageImpl<com.fptu.exe.skillswap.modules.feedback.repository.query.MentorReviewQueryRow>)
[ERROR]     method org.mockito.stubbing.OngoingStubbing.thenReturn(org.springframework.data.domain.Page<com.fptu.exe.skillswap.modules.feedback.port.MentorReviewProjection>) is not applicable
[ERROR]       (argument mismatch; cannot infer type arguments for org.springframework.data.domain.PageImpl<>
[ERROR]           reason: inference variable T has incompatible bounds
[ERROR]             equality constraints: com.fptu.exe.skillswap.modules.feedback.port.MentorReviewProjection,E
[ERROR]             lower bounds: com.fptu.exe.skillswap.modules.feedback.repository.query.MentorReviewQueryRow)
[ERROR]     method org.mockito.stubbing.OngoingStubbing.thenReturn(org.springframework.data.domain.Page<com.fptu.exe.skillswap.modules.feedback.port.MentorReviewProjection>,org.springframework.data.domain.Page<com.fptu.exe.skillswap.modules.feedback.port.MentorReviewProjection>...) is not applicable
[ERROR]       (argument mismatch; cannot infer type arguments for org.springframework.data.domain.PageImpl<>
[ERROR]           reason: inference variable T has incompatible bounds
[ERROR]             equality constraints: com.fptu.exe.skillswap.modules.feedback.port.MentorReviewProjection,E
[ERROR]             lower bounds: com.fptu.exe.skillswap.modules.feedback.repository.query.MentorReviewQueryRow)
[ERROR] /E:/FPTU/SU26/EXE201/project/src/test/java/com/fptu/exe/skillswap/modules/booking/service/BookingCommandLockOrderTest.java:[106,46] constructor BookingCancellationService in class com.fptu.exe.skillswap.modules.booking.service.BookingCancellationService cannot be applied to given types;
[ERROR]   required: com.fptu.exe.skillswap.modules.booking.repository.BookingRepository,com.fptu.exe.skillswap.modules.booking.repository.MentorAvailabilitySlotRepository,com.fptu.exe.skillswap.modules.mentor.port.MentorQueryPort,jakarta.persistence.EntityManager,com.fptu.exe.skillswap.modules.booking.service.SessionService,com.fptu.exe.skillswap.modules.payment.service.PaymentOrderService,org.springframework.context.ApplicationEventPublisher,com.fptu.exe.skillswap.modules.booking.service.BookingResponseMapper
[ERROR]   found:    com.fptu.exe.skillswap.modules.booking.repository.BookingRepository,com.fptu.exe.skillswap.modules.booking.repository.MentorAvailabilitySlotRepository,jakarta.persistence.EntityManager,com.fptu.exe.skillswap.modules.booking.service.SessionService,com.fptu.exe.skillswap.modules.payment.service.PaymentOrderService,org.springframework.context.ApplicationEventPublisher,com.fptu.exe.skillswap.modules.booking.service.BookingResponseMapper
[ERROR]   reason: actual and formal argument lists differ in length
[ERROR] /E:/FPTU/SU26/EXE201/project/src/test/java/com/fptu/exe/skillswap/modules/admin/service/AdminCouponServiceTest.java:[27,29] incompatible types: inference variable T has incompatible bounds
[ERROR]     equality constraints: com.fptu.exe.skillswap.modules.payment.dto.request.AdminCouponCreateRequest
[ERROR]     upper bounds: com.fptu.exe.skillswap.modules.payment.port.CouponAdminPort.CreateCouponCommand,java.lang.Object
[ERROR] /E:/FPTU/SU26/EXE201/project/src/test/java/com/fptu/exe/skillswap/modules/admin/service/AdminCouponServiceTest.java:[31,32] incompatible types: inference variable T has incompatible bounds
[ERROR]     equality constraints: com.fptu.exe.skillswap.modules.payment.dto.request.AdminCouponCreateRequest
[ERROR]     upper bounds: com.fptu.exe.skillswap.modules.payment.port.CouponAdminPort.CreateCouponCommand,java.lang.Object
[ERROR] /E:/FPTU/SU26/EXE201/project/src/test/java/com/fptu/exe/skillswap/modules/mentor/service/MentorVerificationServiceUploadTest.java:[138,19] constructor MentorVerificationService in class com.fptu.exe.skillswap.modules.mentor.service.MentorVerificationService cannot be applied to given types;
[ERROR]   required: com.fptu.exe.skillswap.modules.mentor.repository.MentorVerificationRequestRepository,com.fptu.exe.skillswap.modules.mentor.repository.MentorVerificationDocumentRepository,com.fptu.exe.skillswap.modules.mentor.repository.MentorVerificationRequestEventRepository,com.fptu.exe.skillswap.modules.mentor.repository.MentorProfileRepository,com.fptu.exe.skillswap.modules.identity.service.AcademicService,com.fptu.exe.skillswap.modules.mentor.service.MentorProfileService,org.springframework.beans.factory.ObjectProvider<com.fptu.exe.skillswap.infrastructure.storage.StorageGateway>,com.fptu.exe.skillswap.modules.mentor.repository.MentorVerificationUploadIntentRepository,com.fptu.exe.skillswap.modules.mentor.repository.MentorServiceRepository,com.fptu.exe.skillswap.modules.identity.port.UserQueryPort,com.fptu.exe.skillswap.modules.booking.port.BookingAvailabilityQueryPort,com.fptu.exe.skillswap.modules.filestorage.port.VerificationDocumentStoragePort
[ERROR]   found:    com.fptu.exe.skillswap.modules.mentor.repository.MentorVerificationRequestRepository,com.fptu.exe.skillswap.modules.mentor.repository.MentorVerificationDocumentRepository,com.fptu.exe.skillswap.modules.mentor.repository.MentorVerificationRequestEventRepository,com.fptu.exe.skillswap.modules.mentor.repository.MentorProfileRepository,com.fptu.exe.skillswap.modules.identity.service.AcademicService,com.fptu.exe.skillswap.modules.mentor.service.MentorProfileService,org.springframework.beans.factory.ObjectProvider<com.fptu.exe.skillswap.infrastructure.storage.StorageGateway>,com.fptu.exe.skillswap.modules.mentor.repository.MentorVerificationUploadIntentRepository,com.fptu.exe.skillswap.modules.mentor.repository.MentorServiceRepository
[ERROR]   reason: actual and formal argument lists differ in length
[ERROR] -> [Help 1]
[ERROR] 
[ERROR] To see the full stack trace of the errors, re-run Maven with the -e switch.
[ERROR] Re-run Maven using the -X switch to enable full debug logging.
[ERROR] 
[ERROR] For more information about the errors and possible solutions, please read the following articles:
[ERROR] [Help 1] http://cwiki.apache.org/confluence/display/MAVEN/MojoFailureException
