[INFO] Scanning for projects...
[INFO] 
[INFO] -----------------------< com.fptu.exe:skillswap >-----------------------
[INFO] Building skillswap 0.0.1-SNAPSHOT
[INFO]   from pom.xml
[INFO] --------------------------------[ jar ]---------------------------------
[INFO] 
[INFO] --- resources:3.3.1:resources (default-resources) @ skillswap ---
[INFO] Copying 3 resources from src\main\resources to target\classes
[INFO] Copying 124 resources from src\main\resources to target\classes
[INFO] 
[INFO] --- compiler:3.11.0:compile (default-compile) @ skillswap ---
[INFO] Nothing to compile - all classes are up to date
[INFO] 
[INFO] --- resources:3.3.1:testResources (default-testResources) @ skillswap ---
[INFO] Copying 2 resources from src\test\resources to target\test-classes
[INFO] 
[INFO] --- compiler:3.11.0:testCompile (default-testCompile) @ skillswap ---
[INFO] Nothing to compile - all classes are up to date
[INFO] 
[INFO] --- surefire:3.2.5:test (default-test) @ skillswap ---
[INFO] Using auto detected provider org.apache.maven.surefire.junitplatform.JUnitPlatformProvider
[INFO] 
[INFO] -------------------------------------------------------
[INFO]  T E S T S
[INFO] -------------------------------------------------------
[INFO] Running com.fptu.exe.skillswap.ModulithTest
08:35:45.365 [main] INFO com.tngtech.archunit.core.PluginLoader -- Detected Java version 21.0.8
[INFO] Tests run: 1, Failures: 0, Errors: 0, Skipped: 0, Time elapsed: 16.20 s -- in com.fptu.exe.skillswap.ModulithTest
[INFO] Running com.fptu.exe.skillswap.architecture.ArchitectureGuardrailTest
[ERROR] Tests run: 14, Failures: 2, Errors: 0, Skipped: 0, Time elapsed: 9.500 s <<< FAILURE! -- in com.fptu.exe.skillswap.architecture.ArchitectureGuardrailTest
[ERROR] ArchitectureGuardrailTest.business_modules_must_not_use_object_provider -- Time elapsed: 0.100 s <<< FAILURE!
java.lang.AssertionError: 
Architecture Violation [Priority: MEDIUM] - Rule 'business modules must not use ObjectProvider to defer or hide a cross-module dependency' was violated (58 times):
Constructor <com.fptu.exe.skillswap.modules.blog.service.BlogMapper.<init>(org.springframework.beans.factory.ObjectProvider)> has generic parameter type <org.springframework.beans.factory.ObjectProvider<com.fptu.exe.skillswap.infrastructure.storage.StorageGateway>> with type argument depending on <org.springframework.beans.factory.ObjectProvider> in (BlogMapper.java:0)
Constructor <com.fptu.exe.skillswap.modules.blog.service.BlogMapper.<init>(org.springframework.beans.factory.ObjectProvider)> has parameter of type <org.springframework.beans.factory.ObjectProvider> in (BlogMapper.java:0)
Constructor <com.fptu.exe.skillswap.modules.chat.controller.ChatTypingController.<init>(com.fptu.exe.skillswap.modules.chat.service.ConversationService, org.springframework.beans.factory.ObjectProvider, com.fptu.exe.skillswap.shared.ratelimit.InMemoryRateLimitService)> has generic parameter type <org.springframework.beans.factory.ObjectProvider<org.springframework.messaging.simp.SimpMessagingTemplate>> with type argument depending on <org.springframework.beans.factory.ObjectProvider> in (ChatTypingController.java:0)
Constructor <com.fptu.exe.skillswap.modules.chat.controller.ChatTypingController.<init>(com.fptu.exe.skillswap.modules.chat.service.ConversationService, org.springframework.beans.factory.ObjectProvider, com.fptu.exe.skillswap.shared.ratelimit.InMemoryRateLimitService)> has parameter of type <org.springframework.beans.factory.ObjectProvider> in (ChatTypingController.java:0)
Constructor <com.fptu.exe.skillswap.modules.chat.event.ChatOutboxRealtimeConsumer.<init>(com.fasterxml.jackson.databind.ObjectMapper, com.fptu.exe.skillswap.modules.chat.service.ConversationService, com.fptu.exe.skillswap.infrastructure.realtime.RealtimeFanoutService, org.springframework.beans.factory.ObjectProvider)> has generic parameter type <org.springframework.beans.factory.ObjectProvider<com.fptu.exe.skillswap.modules.chat.service.GroupChatFanoutDispatcher>> with type argument depending on <org.springframework.beans.factory.ObjectProvider> in (ChatOutboxRealtimeConsumer.java:0)
Constructor <com.fptu.exe.skillswap.modules.chat.event.ChatOutboxRealtimeConsumer.<init>(com.fasterxml.jackson.databind.ObjectMapper, com.fptu.exe.skillswap.modules.chat.service.ConversationService, com.fptu.exe.skillswap.infrastructure.realtime.RealtimeFanoutService, org.springframework.beans.factory.ObjectProvider)> has parameter of type <org.springframework.beans.factory.ObjectProvider> in (ChatOutboxRealtimeConsumer.java:0)
Constructor <com.fptu.exe.skillswap.modules.chat.scheduler.ChatAttachmentCleanupScheduler.<init>(com.fptu.exe.skillswap.modules.chat.repository.ChatAttachmentRepository, org.springframework.beans.factory.ObjectProvider, com.fptu.exe.skillswap.infrastructure.storage.StorageLifecycleProperties, com.fptu.exe.skillswap.modules.chat.service.ChatAttachmentCleanupPersistenceService)> has generic parameter type <org.springframework.beans.factory.ObjectProvider<com.fptu.exe.skillswap.infrastructure.storage.PublicStorageGateway>> with type argument depending on <org.springframework.beans.factory.ObjectProvider> in (ChatAttachmentCleanupScheduler.java:0)
Constructor <com.fptu.exe.skillswap.modules.chat.scheduler.ChatAttachmentCleanupScheduler.<init>(com.fptu.exe.skillswap.modules.chat.repository.ChatAttachmentRepository, org.springframework.beans.factory.ObjectProvider, com.fptu.exe.skillswap.infrastructure.storage.StorageLifecycleProperties, com.fptu.exe.skillswap.modules.chat.service.ChatAttachmentCleanupPersistenceService)> has parameter of type <org.springframework.beans.factory.ObjectProvider> in (ChatAttachmentCleanupScheduler.java:0)
Constructor <com.fptu.exe.skillswap.modules.chat.service.ChatAccessResolutionService.<init>(com.fptu.exe.skillswap.modules.chat.service.BookingChatAccessPolicy, com.fptu.exe.skillswap.modules.chat.service.ConversationSafetyPolicy, org.springframework.beans.factory.ObjectProvider)> has generic parameter type <org.springframework.beans.factory.ObjectProvider<com.fptu.exe.skillswap.modules.chat.service.CourseChatAccessPolicy>> with type argument depending on <org.springframework.beans.factory.ObjectProvider> in (ChatAccessResolutionService.java:0)
Constructor <com.fptu.exe.skillswap.modules.chat.service.ChatAccessResolutionService.<init>(com.fptu.exe.skillswap.modules.chat.service.BookingChatAccessPolicy, com.fptu.exe.skillswap.modules.chat.service.ConversationSafetyPolicy, org.springframework.beans.factory.ObjectProvider)> has parameter of type <org.springframework.beans.factory.ObjectProvider> in (ChatAccessResolutionService.java:0)
Constructor <com.fptu.exe.skillswap.modules.chat.service.ChatAttachmentService.<init>(com.fptu.exe.skillswap.modules.chat.repository.ChatUploadIntentRepository, com.fptu.exe.skillswap.modules.chat.repository.ChatAttachmentRepository, com.fptu.exe.skillswap.modules.chat.repository.ConversationRepository, com.fptu.exe.skillswap.modules.chat.service.ChatRoomService, com.fptu.exe.skillswap.modules.chat.service.ChatAccessResolutionService, org.springframework.beans.factory.ObjectProvider, org.springframework.beans.factory.ObjectProvider, com.fptu.exe.skillswap.shared.ratelimit.InMemoryRateLimitService, com.fptu.exe.skillswap.infrastructure.storage.StorageLifecycleProperties, com.fptu.exe.skillswap.modules.chat.strategy.AttachmentValidationRegistry)> has generic parameter type <org.springframework.beans.factory.ObjectProvider<com.fptu.exe.skillswap.infrastructure.storage.PrivateStorageGateway>> with type argument depending on <org.springframework.beans.factory.ObjectProvider> in (ChatAttachmentService.java:0)
Constructor <com.fptu.exe.skillswap.modules.chat.service.ChatAttachmentService.<init>(com.fptu.exe.skillswap.modules.chat.repository.ChatUploadIntentRepository, com.fptu.exe.skillswap.modules.chat.repository.ChatAttachmentRepository, com.fptu.exe.skillswap.modules.chat.repository.ConversationRepository, com.fptu.exe.skillswap.modules.chat.service.ChatRoomService, com.fptu.exe.skillswap.modules.chat.service.ChatAccessResolutionService, org.springframework.beans.factory.ObjectProvider, org.springframework.beans.factory.ObjectProvider, com.fptu.exe.skillswap.shared.ratelimit.InMemoryRateLimitService, com.fptu.exe.skillswap.infrastructure.storage.StorageLifecycleProperties, com.fptu.exe.skillswap.modules.chat.strategy.AttachmentValidationRegistry)> has generic parameter type <org.springframework.beans.factory.ObjectProvider<com.fptu.exe.skillswap.infrastructure.storage.StorageObjectReader>> with type argument depending on <org.springframework.beans.factory.ObjectProvider> in (ChatAttachmentService.java:0)
Constructor <com.fptu.exe.skillswap.modules.chat.service.ChatAttachmentService.<init>(com.fptu.exe.skillswap.modules.chat.repository.ChatUploadIntentRepository, com.fptu.exe.skillswap.modules.chat.repository.ChatAttachmentRepository, com.fptu.exe.skillswap.modules.chat.repository.ConversationRepository, com.fptu.exe.skillswap.modules.chat.service.ChatRoomService, com.fptu.exe.skillswap.modules.chat.service.ChatAccessResolutionService, org.springframework.beans.factory.ObjectProvider, org.springframework.beans.factory.ObjectProvider, com.fptu.exe.skillswap.shared.ratelimit.InMemoryRateLimitService, com.fptu.exe.skillswap.infrastructure.storage.StorageLifecycleProperties, com.fptu.exe.skillswap.modules.chat.strategy.AttachmentValidationRegistry)> has parameter of type <org.springframework.beans.factory.ObjectProvider> in (ChatAttachmentService.java:0)
Constructor <com.fptu.exe.skillswap.modules.chat.service.ChatMessageService.<init>(com.fptu.exe.skillswap.modules.chat.repository.MessageRepository, com.fptu.exe.skillswap.modules.chat.repository.ConversationRepository, com.fptu.exe.skillswap.modules.chat.repository.ConversationParticipantRepository, com.fptu.exe.skillswap.modules.chat.repository.ChatAttachmentRepository, com.fptu.exe.skillswap.modules.chat.service.ChatAttachmentService, com.fptu.exe.skillswap.modules.chat.service.ChatAccessResolutionService, com.fptu.exe.skillswap.modules.chat.service.ChatResponseMapper, com.fptu.exe.skillswap.shared.outbox.DomainEventOutboxService, com.fptu.exe.skillswap.infrastructure.config.RealtimeOutboxProperties, org.springframework.beans.factory.ObjectProvider, org.springframework.beans.factory.ObjectProvider)> has generic parameter type <org.springframework.beans.factory.ObjectProvider<com.fptu.exe.skillswap.modules.chat.service.GroupChatFanoutDispatcher>> with type argument depending on <org.springframework.beans.factory.ObjectProvider> in (ChatMessageService.java:0)
Constructor <com.fptu.exe.skillswap.modules.chat.service.ChatMessageService.<init>(com.fptu.exe.skillswap.modules.chat.repository.MessageRepository, com.fptu.exe.skillswap.modules.chat.repository.ConversationRepository, com.fptu.exe.skillswap.modules.chat.repository.ConversationParticipantRepository, com.fptu.exe.skillswap.modules.chat.repository.ChatAttachmentRepository, com.fptu.exe.skillswap.modules.chat.service.ChatAttachmentService, com.fptu.exe.skillswap.modules.chat.service.ChatAccessResolutionService, com.fptu.exe.skillswap.modules.chat.service.ChatResponseMapper, com.fptu.exe.skillswap.shared.outbox.DomainEventOutboxService, com.fptu.exe.skillswap.infrastructure.config.RealtimeOutboxProperties, org.springframework.beans.factory.ObjectProvider, org.springframework.beans.factory.ObjectProvider)> has generic parameter type <org.springframework.beans.factory.ObjectProvider<com.fptu.exe.skillswap.modules.identity.port.UserQueryPort>> with type argument depending on <org.springframework.beans.factory.ObjectProvider> in (ChatMessageService.java:0)
Constructor <com.fptu.exe.skillswap.modules.chat.service.ChatMessageService.<init>(com.fptu.exe.skillswap.modules.chat.repository.MessageRepository, com.fptu.exe.skillswap.modules.chat.repository.ConversationRepository, com.fptu.exe.skillswap.modules.chat.repository.ConversationParticipantRepository, com.fptu.exe.skillswap.modules.chat.repository.ChatAttachmentRepository, com.fptu.exe.skillswap.modules.chat.service.ChatAttachmentService, com.fptu.exe.skillswap.modules.chat.service.ChatAccessResolutionService, com.fptu.exe.skillswap.modules.chat.service.ChatResponseMapper, com.fptu.exe.skillswap.shared.outbox.DomainEventOutboxService, com.fptu.exe.skillswap.infrastructure.config.RealtimeOutboxProperties, org.springframework.beans.factory.ObjectProvider, org.springframework.beans.factory.ObjectProvider)> has parameter of type <org.springframework.beans.factory.ObjectProvider> in (ChatMessageService.java:0)
Constructor <com.fptu.exe.skillswap.modules.chat.service.ChatQueryService.<init>(com.fptu.exe.skillswap.modules.chat.repository.ConversationRepository, com.fptu.exe.skillswap.modules.chat.repository.ConversationParticipantRepository, com.fptu.exe.skillswap.modules.chat.repository.MessageRepository, com.fptu.exe.skillswap.modules.chat.service.ChatRoomService, com.fptu.exe.skillswap.modules.chat.service.ChatAccessResolutionService, com.fptu.exe.skillswap.modules.chat.service.ChatResponseMapper, com.fptu.exe.skillswap.infrastructure.telemetry.InternalTelemetryService, org.springframework.beans.factory.ObjectProvider)> has generic parameter type <org.springframework.beans.factory.ObjectProvider<com.fptu.exe.skillswap.modules.course.port.CourseQueryPort>> with type argument depending on <org.springframework.beans.factory.ObjectProvider> in (ChatQueryService.java:0)
Constructor <com.fptu.exe.skillswap.modules.chat.service.ChatQueryService.<init>(com.fptu.exe.skillswap.modules.chat.repository.ConversationRepository, com.fptu.exe.skillswap.modules.chat.repository.ConversationParticipantRepository, com.fptu.exe.skillswap.modules.chat.repository.MessageRepository, com.fptu.exe.skillswap.modules.chat.service.ChatRoomService, com.fptu.exe.skillswap.modules.chat.service.ChatAccessResolutionService, com.fptu.exe.skillswap.modules.chat.service.ChatResponseMapper, com.fptu.exe.skillswap.infrastructure.telemetry.InternalTelemetryService, org.springframework.beans.factory.ObjectProvider)> has parameter of type <org.springframework.beans.factory.ObjectProvider> in (ChatQueryService.java:0)
Constructor <com.fptu.exe.skillswap.modules.chat.service.ChatRoomService.<init>(com.fptu.exe.skillswap.modules.chat.repository.ConversationRepository, com.fptu.exe.skillswap.modules.chat.repository.ConversationParticipantRepository, com.fptu.exe.skillswap.modules.chat.repository.ConversationBookingLinkRepository, org.springframework.beans.factory.ObjectProvider, org.springframework.beans.factory.ObjectProvider)> has generic parameter type <org.springframework.beans.factory.ObjectProvider<com.fptu.exe.skillswap.modules.course.port.CourseQueryPort>> with type argument depending on <org.springframework.beans.factory.ObjectProvider> in (ChatRoomService.java:0)
Constructor <com.fptu.exe.skillswap.modules.chat.service.ChatRoomService.<init>(com.fptu.exe.skillswap.modules.chat.repository.ConversationRepository, com.fptu.exe.skillswap.modules.chat.repository.ConversationParticipantRepository, com.fptu.exe.skillswap.modules.chat.repository.ConversationBookingLinkRepository, org.springframework.beans.factory.ObjectProvider, org.springframework.beans.factory.ObjectProvider)> has generic parameter type <org.springframework.beans.factory.ObjectProvider<com.fptu.exe.skillswap.modules.identity.port.UserQueryPort>> with type argument depending on <org.springframework.beans.factory.ObjectProvider> in (ChatRoomService.java:0)
Constructor <com.fptu.exe.skillswap.modules.chat.service.ChatRoomService.<init>(com.fptu.exe.skillswap.modules.chat.repository.ConversationRepository, com.fptu.exe.skillswap.modules.chat.repository.ConversationParticipantRepository, com.fptu.exe.skillswap.modules.chat.repository.ConversationBookingLinkRepository, org.springframework.beans.factory.ObjectProvider, org.springframework.beans.factory.ObjectProvider)> has parameter of type <org.springframework.beans.factory.ObjectProvider> in (ChatRoomService.java:0)
Constructor <com.fptu.exe.skillswap.modules.filestorage.controller.FileStorageController.<init>(org.springframework.beans.factory.ObjectProvider, com.fptu.exe.skillswap.infrastructure.storage.StorageProperties, org.springframework.core.env.Environment)> has generic parameter type <org.springframework.beans.factory.ObjectProvider<com.fptu.exe.skillswap.infrastructure.storage.StorageGateway>> with type argument depending on <org.springframework.beans.factory.ObjectProvider> in (FileStorageController.java:0)
Constructor <com.fptu.exe.skillswap.modules.filestorage.controller.FileStorageController.<init>(org.springframework.beans.factory.ObjectProvider, com.fptu.exe.skillswap.infrastructure.storage.StorageProperties, org.springframework.core.env.Environment)> has parameter of type <org.springframework.beans.factory.ObjectProvider> in (FileStorageController.java:0)
Constructor <com.fptu.exe.skillswap.modules.filestorage.service.PublicAssetUploadService.<init>(org.springframework.beans.factory.ObjectProvider, com.fptu.exe.skillswap.modules.filestorage.repository.PublicAssetUploadIntentRepository, com.fptu.exe.skillswap.modules.filestorage.repository.StoredFileRepository, jakarta.persistence.EntityManager)> has generic parameter type <org.springframework.beans.factory.ObjectProvider<com.fptu.exe.skillswap.infrastructure.storage.StorageGateway>> with type argument depending on <org.springframework.beans.factory.ObjectProvider> in (PublicAssetUploadService.java:0)
Constructor <com.fptu.exe.skillswap.modules.filestorage.service.PublicAssetUploadService.<init>(org.springframework.beans.factory.ObjectProvider, com.fptu.exe.skillswap.modules.filestorage.repository.PublicAssetUploadIntentRepository, com.fptu.exe.skillswap.modules.filestorage.repository.StoredFileRepository, jakarta.persistence.EntityManager)> has parameter of type <org.springframework.beans.factory.ObjectProvider> in (PublicAssetUploadService.java:0)
Constructor <com.fptu.exe.skillswap.modules.mentor.service.MentorVerificationService.<init>(com.fptu.exe.skillswap.modules.mentor.repository.MentorVerificationRequestRepository, com.fptu.exe.skillswap.modules.mentor.repository.MentorVerificationDocumentRepository, com.fptu.exe.skillswap.modules.mentor.repository.MentorVerificationRequestEventRepository, com.fptu.exe.skillswap.modules.mentor.repository.MentorProfileRepository, com.fptu.exe.skillswap.modules.identity.service.AcademicService, com.fptu.exe.skillswap.modules.mentor.service.MentorProfileService, org.springframework.beans.factory.ObjectProvider, com.fptu.exe.skillswap.modules.mentor.repository.MentorVerificationUploadIntentRepository, com.fptu.exe.skillswap.modules.mentor.repository.MentorServiceRepository, com.fptu.exe.skillswap.modules.identity.port.UserQueryPort, com.fptu.exe.skillswap.modules.booking.port.BookingAvailabilityQueryPort, com.fptu.exe.skillswap.modules.filestorage.port.VerificationDocumentStoragePort)> has generic parameter type <org.springframework.beans.factory.ObjectProvider<com.fptu.exe.skillswap.infrastructure.storage.StorageGateway>> with type argument depending on <org.springframework.beans.factory.ObjectProvider> in (MentorVerificationService.java:0)
Constructor <com.fptu.exe.skillswap.modules.mentor.service.MentorVerificationService.<init>(com.fptu.exe.skillswap.modules.mentor.repository.MentorVerificationRequestRepository, com.fptu.exe.skillswap.modules.mentor.repository.MentorVerificationDocumentRepository, com.fptu.exe.skillswap.modules.mentor.repository.MentorVerificationRequestEventRepository, com.fptu.exe.skillswap.modules.mentor.repository.MentorProfileRepository, com.fptu.exe.skillswap.modules.identity.service.AcademicService, com.fptu.exe.skillswap.modules.mentor.service.MentorProfileService, org.springframework.beans.factory.ObjectProvider, com.fptu.exe.skillswap.modules.mentor.repository.MentorVerificationUploadIntentRepository, com.fptu.exe.skillswap.modules.mentor.repository.MentorServiceRepository, com.fptu.exe.skillswap.modules.identity.port.UserQueryPort, com.fptu.exe.skillswap.modules.booking.port.BookingAvailabilityQueryPort, com.fptu.exe.skillswap.modules.filestorage.port.VerificationDocumentStoragePort)> has parameter of type <org.springframework.beans.factory.ObjectProvider> in (MentorVerificationService.java:0)
Field <com.fptu.exe.skillswap.modules.blog.service.BlogMapper.storageGatewayProvider> has type <org.springframework.beans.factory.ObjectProvider> in (BlogMapper.java:0)
Field <com.fptu.exe.skillswap.modules.chat.controller.ChatTypingController.simpMessagingTemplateProvider> has type <org.springframework.beans.factory.ObjectProvider> in (ChatTypingController.java:0)
Field <com.fptu.exe.skillswap.modules.chat.event.ChatOutboxRealtimeConsumer.groupChatFanoutDispatcherProvider> has type <org.springframework.beans.factory.ObjectProvider> in (ChatOutboxRealtimeConsumer.java:0)
Field <com.fptu.exe.skillswap.modules.chat.scheduler.ChatAttachmentCleanupScheduler.storageGatewayProvider> has type <org.springframework.beans.factory.ObjectProvider> in (ChatAttachmentCleanupScheduler.java:0)
Field <com.fptu.exe.skillswap.modules.chat.service.ChatAccessResolutionService.courseChatAccessPolicyProvider> has type <org.springframework.beans.factory.ObjectProvider> in (ChatAccessResolutionService.java:0)
Field <com.fptu.exe.skillswap.modules.chat.service.ChatAttachmentService.privateStorageGatewayProvider> has type <org.springframework.beans.factory.ObjectProvider> in (ChatAttachmentService.java:0)
Field <com.fptu.exe.skillswap.modules.chat.service.ChatAttachmentService.storageObjectReaderProvider> has type <org.springframework.beans.factory.ObjectProvider> in (ChatAttachmentService.java:0)
Field <com.fptu.exe.skillswap.modules.chat.service.ChatMessageService.groupChatFanoutDispatcherProvider> has type <org.springframework.beans.factory.ObjectProvider> in (ChatMessageService.java:0)
Field <com.fptu.exe.skillswap.modules.chat.service.ChatMessageService.userQueryPortProvider> has type <org.springframework.beans.factory.ObjectProvider> in (ChatMessageService.java:0)
Field <com.fptu.exe.skillswap.modules.chat.service.ChatQueryService.courseQueryPortProvider> has type <org.springframework.beans.factory.ObjectProvider> in (ChatQueryService.java:0)
Field <com.fptu.exe.skillswap.modules.chat.service.ChatRoomService.courseQueryPortProvider> has type <org.springframework.beans.factory.ObjectProvider> in (ChatRoomService.java:0)
Field <com.fptu.exe.skillswap.modules.chat.service.ChatRoomService.userQueryPortProvider> has type <org.springframework.beans.factory.ObjectProvider> in (ChatRoomService.java:0)
Field <com.fptu.exe.skillswap.modules.filestorage.controller.FileStorageController.storageGatewayProvider> has type <org.springframework.beans.factory.ObjectProvider> in (FileStorageController.java:0)
Field <com.fptu.exe.skillswap.modules.filestorage.service.PublicAssetUploadService.storageGatewayProvider> has type <org.springframework.beans.factory.ObjectProvider> in (PublicAssetUploadService.java:0)
Field <com.fptu.exe.skillswap.modules.mentor.service.MentorVerificationService.r2StorageProvider> has type <org.springframework.beans.factory.ObjectProvider> in (MentorVerificationService.java:0)
Method <com.fptu.exe.skillswap.modules.blog.service.BlogMapper.resolveImageUrl(java.lang.String, java.lang.String)> calls method <org.springframework.beans.factory.ObjectProvider.getIfAvailable()> in (BlogMapper.java:135)
Method <com.fptu.exe.skillswap.modules.chat.controller.ChatTypingController.typing(com.fptu.exe.skillswap.modules.chat.dto.request.ChatTypingRequest, java.security.Principal)> calls method <org.springframework.beans.factory.ObjectProvider.getIfAvailable()> in (ChatTypingController.java:29)
Method <com.fptu.exe.skillswap.modules.chat.event.ChatOutboxRealtimeConsumer.handleChatMessageCreated(java.lang.String)> calls method <org.springframework.beans.factory.ObjectProvider.getIfAvailable()> in (ChatOutboxRealtimeConsumer.java:57)
Method <com.fptu.exe.skillswap.modules.chat.scheduler.ChatAttachmentCleanupScheduler.deleteExpiredObjects()> calls method <org.springframework.beans.factory.ObjectProvider.getIfAvailable()> in (ChatAttachmentCleanupScheduler.java:48)
Method <com.fptu.exe.skillswap.modules.chat.service.ChatAccessResolutionService.resolveMessagingAccess(com.fptu.exe.skillswap.modules.chat.domain.Conversation, java.util.UUID)> calls method <org.springframework.beans.factory.ObjectProvider.getIfAvailable()> in (ChatAccessResolutionService.java:26)
Method <com.fptu.exe.skillswap.modules.chat.service.ChatAttachmentService.privateStorageGateway()> calls method <org.springframework.beans.factory.ObjectProvider.getIfAvailable()> in (ChatAttachmentService.java:220)
Method <com.fptu.exe.skillswap.modules.chat.service.ChatAttachmentService.storageObjectReader()> calls method <org.springframework.beans.factory.ObjectProvider.getIfAvailable()> in (ChatAttachmentService.java:228)
Method <com.fptu.exe.skillswap.modules.chat.service.ChatMessageService.resolveUser(java.util.UUID, com.fptu.exe.skillswap.modules.identity.port.UserQueryPort)> calls method <org.springframework.beans.factory.ObjectProvider.getIfAvailable()> in (ChatMessageService.java:346)
Method <com.fptu.exe.skillswap.modules.chat.service.ChatMessageService.sendMessage(java.util.UUID, java.util.UUID, com.fptu.exe.skillswap.modules.chat.dto.request.SendMessageRequest, com.fptu.exe.skillswap.modules.chat.repository.MessageRepository, com.fptu.exe.skillswap.modules.identity.port.UserQueryPort)> calls method <org.springframework.beans.factory.ObjectProvider.getIfAvailable()> in (ChatMessageService.java:147)
Method <com.fptu.exe.skillswap.modules.chat.service.ChatQueryService.resolveCourseTitle(java.util.UUID)> calls method <org.springframework.beans.factory.ObjectProvider.getIfAvailable()> in (ChatQueryService.java:296)
Method <com.fptu.exe.skillswap.modules.chat.service.ChatRoomService.addCourseStudentParticipant(java.util.UUID, java.util.UUID)> calls method <org.springframework.beans.factory.ObjectProvider.getIfAvailable()> in (ChatRoomService.java:167)
Method <com.fptu.exe.skillswap.modules.chat.service.ChatRoomService.resolveUser(java.util.UUID)> calls method <org.springframework.beans.factory.ObjectProvider.getIfAvailable()> in (ChatRoomService.java:255)
Method <com.fptu.exe.skillswap.modules.filestorage.controller.FileStorageController.getCapabilities()> calls method <org.springframework.beans.factory.ObjectProvider.getIfAvailable()> in (FileStorageController.java:58)
Method <com.fptu.exe.skillswap.modules.filestorage.controller.FileStorageController.requireStorageGateway()> calls method <org.springframework.beans.factory.ObjectProvider.getIfAvailable()> in (FileStorageController.java:209)
Method <com.fptu.exe.skillswap.modules.filestorage.service.PublicAssetUploadService.storageGateway()> calls method <org.springframework.beans.factory.ObjectProvider.getIfAvailable()> in (PublicAssetUploadService.java:140)
Method <com.fptu.exe.skillswap.modules.mentor.service.MentorVerificationService.getRequiredStorageGateway()> calls method <org.springframework.beans.factory.ObjectProvider.getIfAvailable()> in (MentorVerificationService.java:988)
	at com.tngtech.archunit.lang.ArchRule$Assertions.assertNoViolation(ArchRule.java:94)
	at com.tngtech.archunit.lang.ArchRule$Assertions.check(ArchRule.java:86)
	at com.tngtech.archunit.lang.ArchRule$Factory$SimpleArchRule.check(ArchRule.java:165)
	at com.tngtech.archunit.junit.internal.ArchUnitTestDescriptor$ArchUnitRuleDescriptor.execute(ArchUnitTestDescriptor.java:166)
	at com.tngtech.archunit.junit.internal.ArchUnitTestDescriptor$ArchUnitRuleDescriptor.execute(ArchUnitTestDescriptor.java:149)
	at java.base/java.util.ArrayList.forEach(ArrayList.java:1596)
	at java.base/java.util.ArrayList.forEach(ArrayList.java:1596)

[ERROR] ArchitectureGuardrailTest.api_contracts_must_not_depend_on_jpa_or_spring_implementation_types -- Time elapsed: 0.048 s <<< FAILURE!
java.lang.AssertionError: 
Architecture Violation [Priority: MEDIUM] - Rule 'module APIs must contain only IDs, JDK types, shared value types, and immutable projections' was violated (16 times):
Class <com.fptu.exe.skillswap.modules.blog.port.package-info> is annotated with <org.springframework.modulith.NamedInterface> in (package-info.java:0)
Class <com.fptu.exe.skillswap.modules.booking.port.package-info> is annotated with <org.springframework.modulith.NamedInterface> in (package-info.java:0)
Class <com.fptu.exe.skillswap.modules.chat.port.package-info> is annotated with <org.springframework.modulith.NamedInterface> in (package-info.java:0)
Class <com.fptu.exe.skillswap.modules.course.port.package-info> is annotated with <org.springframework.modulith.NamedInterface> in (package-info.java:0)
Class <com.fptu.exe.skillswap.modules.filestorage.port.package-info> is annotated with <org.springframework.modulith.NamedInterface> in (package-info.java:0)
Class <com.fptu.exe.skillswap.modules.forum.port.package-info> is annotated with <org.springframework.modulith.NamedInterface> in (package-info.java:0)
Class <com.fptu.exe.skillswap.modules.identity.port.package-info> is annotated with <org.springframework.modulith.NamedInterface> in (package-info.java:0)
Class <com.fptu.exe.skillswap.modules.mentor.port.package-info> is annotated with <org.springframework.modulith.NamedInterface> in (package-info.java:0)
Class <com.fptu.exe.skillswap.modules.notification.port.package-info> is annotated with <org.springframework.modulith.NamedInterface> in (package-info.java:0)
Class <com.fptu.exe.skillswap.modules.payment.port.package-info> is annotated with <org.springframework.modulith.NamedInterface> in (package-info.java:0)
Method <com.fptu.exe.skillswap.modules.feedback.port.FeedbackQueryPort.findPublicMentorReviews(java.util.UUID, org.springframework.data.domain.Pageable)> has parameter of type <org.springframework.data.domain.Pageable> in (FeedbackQueryPort.java:0)
Method <com.fptu.exe.skillswap.modules.feedback.port.FeedbackQueryPort.findPublicMentorReviews(java.util.UUID, org.springframework.data.domain.Pageable)> has return type <org.springframework.data.domain.Page> in (FeedbackQueryPort.java:0)
Method <com.fptu.exe.skillswap.modules.identity.port.UserQueryPort.findUsersByRole(com.fptu.exe.skillswap.shared.constant.RoleCode, org.springframework.data.domain.Pageable)> has parameter of type <org.springframework.data.domain.Pageable> in (UserQueryPort.java:0)
Method <com.fptu.exe.skillswap.modules.identity.port.UserQueryPort.findUsersByRole(com.fptu.exe.skillswap.shared.constant.RoleCode, org.springframework.data.domain.Pageable)> has return type <org.springframework.data.domain.Page> in (UserQueryPort.java:0)
Method <com.fptu.exe.skillswap.modules.notification.port.EmailOutboxPort.searchForAdmin(com.fptu.exe.skillswap.modules.notification.domain.NotificationStatus, java.lang.String, java.lang.String, java.time.LocalDateTime, java.time.LocalDateTime, org.springframework.data.domain.Pageable)> has parameter of type <org.springframework.data.domain.Pageable> in (EmailOutboxPort.java:0)
Method <com.fptu.exe.skillswap.modules.notification.port.EmailOutboxPort.searchForAdmin(com.fptu.exe.skillswap.modules.notification.domain.NotificationStatus, java.lang.String, java.lang.String, java.time.LocalDateTime, java.time.LocalDateTime, org.springframework.data.domain.Pageable)> has return type <org.springframework.data.domain.Page> in (EmailOutboxPort.java:0)
	at com.tngtech.archunit.lang.ArchRule$Assertions.assertNoViolation(ArchRule.java:94)
	at com.tngtech.archunit.lang.ArchRule$Assertions.check(ArchRule.java:86)
	at com.tngtech.archunit.lang.ArchRule$Factory$SimpleArchRule.check(ArchRule.java:165)
	at com.tngtech.archunit.junit.internal.ArchUnitTestDescriptor$ArchUnitRuleDescriptor.execute(ArchUnitTestDescriptor.java:166)
	at com.tngtech.archunit.junit.internal.ArchUnitTestDescriptor$ArchUnitRuleDescriptor.execute(ArchUnitTestDescriptor.java:149)
	at java.base/java.util.ArrayList.forEach(ArrayList.java:1596)
	at java.base/java.util.ArrayList.forEach(ArrayList.java:1596)

[INFO] 
[INFO] Results:
[INFO] 
[ERROR] Failures: 
[ERROR]   Architecture Violation [Priority: MEDIUM] - Rule 'module APIs must contain only IDs, JDK types, shared value types, and immutable projections' was violated (16 times):
Class <com.fptu.exe.skillswap.modules.blog.port.package-info> is annotated with <org.springframework.modulith.NamedInterface> in (package-info.java:0)
Class <com.fptu.exe.skillswap.modules.booking.port.package-info> is annotated with <org.springframework.modulith.NamedInterface> in (package-info.java:0)
Class <com.fptu.exe.skillswap.modules.chat.port.package-info> is annotated with <org.springframework.modulith.NamedInterface> in (package-info.java:0)
Class <com.fptu.exe.skillswap.modules.course.port.package-info> is annotated with <org.springframework.modulith.NamedInterface> in (package-info.java:0)
Class <com.fptu.exe.skillswap.modules.filestorage.port.package-info> is annotated with <org.springframework.modulith.NamedInterface> in (package-info.java:0)
Class <com.fptu.exe.skillswap.modules.forum.port.package-info> is annotated with <org.springframework.modulith.NamedInterface> in (package-info.java:0)
Class <com.fptu.exe.skillswap.modules.identity.port.package-info> is annotated with <org.springframework.modulith.NamedInterface> in (package-info.java:0)
Class <com.fptu.exe.skillswap.modules.mentor.port.package-info> is annotated with <org.springframework.modulith.NamedInterface> in (package-info.java:0)
Class <com.fptu.exe.skillswap.modules.notification.port.package-info> is annotated with <org.springframework.modulith.NamedInterface> in (package-info.java:0)
Class <com.fptu.exe.skillswap.modules.payment.port.package-info> is annotated with <org.springframework.modulith.NamedInterface> in (package-info.java:0)
Method <com.fptu.exe.skillswap.modules.feedback.port.FeedbackQueryPort.findPublicMentorReviews(java.util.UUID, org.springframework.data.domain.Pageable)> has parameter of type <org.springframework.data.domain.Pageable> in (FeedbackQueryPort.java:0)
Method <com.fptu.exe.skillswap.modules.feedback.port.FeedbackQueryPort.findPublicMentorReviews(java.util.UUID, org.springframework.data.domain.Pageable)> has return type <org.springframework.data.domain.Page> in (FeedbackQueryPort.java:0)
Method <com.fptu.exe.skillswap.modules.identity.port.UserQueryPort.findUsersByRole(com.fptu.exe.skillswap.shared.constant.RoleCode, org.springframework.data.domain.Pageable)> has parameter of type <org.springframework.data.domain.Pageable> in (UserQueryPort.java:0)
Method <com.fptu.exe.skillswap.modules.identity.port.UserQueryPort.findUsersByRole(com.fptu.exe.skillswap.shared.constant.RoleCode, org.springframework.data.domain.Pageable)> has return type <org.springframework.data.domain.Page> in (UserQueryPort.java:0)
Method <com.fptu.exe.skillswap.modules.notification.port.EmailOutboxPort.searchForAdmin(com.fptu.exe.skillswap.modules.notification.domain.NotificationStatus, java.lang.String, java.lang.String, java.time.LocalDateTime, java.time.LocalDateTime, org.springframework.data.domain.Pageable)> has parameter of type <org.springframework.data.domain.Pageable> in (EmailOutboxPort.java:0)
Method <com.fptu.exe.skillswap.modules.notification.port.EmailOutboxPort.searchForAdmin(com.fptu.exe.skillswap.modules.notification.domain.NotificationStatus, java.lang.String, java.lang.String, java.time.LocalDateTime, java.time.LocalDateTime, org.springframework.data.domain.Pageable)> has return type <org.springframework.data.domain.Page> in (EmailOutboxPort.java:0)
[ERROR]   Architecture Violation [Priority: MEDIUM] - Rule 'business modules must not use ObjectProvider to defer or hide a cross-module dependency' was violated (58 times):
Constructor <com.fptu.exe.skillswap.modules.blog.service.BlogMapper.<init>(org.springframework.beans.factory.ObjectProvider)> has generic parameter type <org.springframework.beans.factory.ObjectProvider<com.fptu.exe.skillswap.infrastructure.storage.StorageGateway>> with type argument depending on <org.springframework.beans.factory.ObjectProvider> in (BlogMapper.java:0)
Constructor <com.fptu.exe.skillswap.modules.blog.service.BlogMapper.<init>(org.springframework.beans.factory.ObjectProvider)> has parameter of type <org.springframework.beans.factory.ObjectProvider> in (BlogMapper.java:0)
Constructor <com.fptu.exe.skillswap.modules.chat.controller.ChatTypingController.<init>(com.fptu.exe.skillswap.modules.chat.service.ConversationService, org.springframework.beans.factory.ObjectProvider, com.fptu.exe.skillswap.shared.ratelimit.InMemoryRateLimitService)> has generic parameter type <org.springframework.beans.factory.ObjectProvider<org.springframework.messaging.simp.SimpMessagingTemplate>> with type argument depending on <org.springframework.beans.factory.ObjectProvider> in (ChatTypingController.java:0)
Constructor <com.fptu.exe.skillswap.modules.chat.controller.ChatTypingController.<init>(com.fptu.exe.skillswap.modules.chat.service.ConversationService, org.springframework.beans.factory.ObjectProvider, com.fptu.exe.skillswap.shared.ratelimit.InMemoryRateLimitService)> has parameter of type <org.springframework.beans.factory.ObjectProvider> in (ChatTypingController.java:0)
Constructor <com.fptu.exe.skillswap.modules.chat.event.ChatOutboxRealtimeConsumer.<init>(com.fasterxml.jackson.databind.ObjectMapper, com.fptu.exe.skillswap.modules.chat.service.ConversationService, com.fptu.exe.skillswap.infrastructure.realtime.RealtimeFanoutService, org.springframework.beans.factory.ObjectProvider)> has generic parameter type <org.springframework.beans.factory.ObjectProvider<com.fptu.exe.skillswap.modules.chat.service.GroupChatFanoutDispatcher>> with type argument depending on <org.springframework.beans.factory.ObjectProvider> in (ChatOutboxRealtimeConsumer.java:0)
Constructor <com.fptu.exe.skillswap.modules.chat.event.ChatOutboxRealtimeConsumer.<init>(com.fasterxml.jackson.databind.ObjectMapper, com.fptu.exe.skillswap.modules.chat.service.ConversationService, com.fptu.exe.skillswap.infrastructure.realtime.RealtimeFanoutService, org.springframework.beans.factory.ObjectProvider)> has parameter of type <org.springframework.beans.factory.ObjectProvider> in (ChatOutboxRealtimeConsumer.java:0)
Constructor <com.fptu.exe.skillswap.modules.chat.scheduler.ChatAttachmentCleanupScheduler.<init>(com.fptu.exe.skillswap.modules.chat.repository.ChatAttachmentRepository, org.springframework.beans.factory.ObjectProvider, com.fptu.exe.skillswap.infrastructure.storage.StorageLifecycleProperties, com.fptu.exe.skillswap.modules.chat.service.ChatAttachmentCleanupPersistenceService)> has generic parameter type <org.springframework.beans.factory.ObjectProvider<com.fptu.exe.skillswap.infrastructure.storage.PublicStorageGateway>> with type argument depending on <org.springframework.beans.factory.ObjectProvider> in (ChatAttachmentCleanupScheduler.java:0)
Constructor <com.fptu.exe.skillswap.modules.chat.scheduler.ChatAttachmentCleanupScheduler.<init>(com.fptu.exe.skillswap.modules.chat.repository.ChatAttachmentRepository, org.springframework.beans.factory.ObjectProvider, com.fptu.exe.skillswap.infrastructure.storage.StorageLifecycleProperties, com.fptu.exe.skillswap.modules.chat.service.ChatAttachmentCleanupPersistenceService)> has parameter of type <org.springframework.beans.factory.ObjectProvider> in (ChatAttachmentCleanupScheduler.java:0)
Constructor <com.fptu.exe.skillswap.modules.chat.service.ChatAccessResolutionService.<init>(com.fptu.exe.skillswap.modules.chat.service.BookingChatAccessPolicy, com.fptu.exe.skillswap.modules.chat.service.ConversationSafetyPolicy, org.springframework.beans.factory.ObjectProvider)> has generic parameter type <org.springframework.beans.factory.ObjectProvider<com.fptu.exe.skillswap.modules.chat.service.CourseChatAccessPolicy>> with type argument depending on <org.springframework.beans.factory.ObjectProvider> in (ChatAccessResolutionService.java:0)
Constructor <com.fptu.exe.skillswap.modules.chat.service.ChatAccessResolutionService.<init>(com.fptu.exe.skillswap.modules.chat.service.BookingChatAccessPolicy, com.fptu.exe.skillswap.modules.chat.service.ConversationSafetyPolicy, org.springframework.beans.factory.ObjectProvider)> has parameter of type <org.springframework.beans.factory.ObjectProvider> in (ChatAccessResolutionService.java:0)
Constructor <com.fptu.exe.skillswap.modules.chat.service.ChatAttachmentService.<init>(com.fptu.exe.skillswap.modules.chat.repository.ChatUploadIntentRepository, com.fptu.exe.skillswap.modules.chat.repository.ChatAttachmentRepository, com.fptu.exe.skillswap.modules.chat.repository.ConversationRepository, com.fptu.exe.skillswap.modules.chat.service.ChatRoomService, com.fptu.exe.skillswap.modules.chat.service.ChatAccessResolutionService, org.springframework.beans.factory.ObjectProvider, org.springframework.beans.factory.ObjectProvider, com.fptu.exe.skillswap.shared.ratelimit.InMemoryRateLimitService, com.fptu.exe.skillswap.infrastructure.storage.StorageLifecycleProperties, com.fptu.exe.skillswap.modules.chat.strategy.AttachmentValidationRegistry)> has generic parameter type <org.springframework.beans.factory.ObjectProvider<com.fptu.exe.skillswap.infrastructure.storage.PrivateStorageGateway>> with type argument depending on <org.springframework.beans.factory.ObjectProvider> in (ChatAttachmentService.java:0)
Constructor <com.fptu.exe.skillswap.modules.chat.service.ChatAttachmentService.<init>(com.fptu.exe.skillswap.modules.chat.repository.ChatUploadIntentRepository, com.fptu.exe.skillswap.modules.chat.repository.ChatAttachmentRepository, com.fptu.exe.skillswap.modules.chat.repository.ConversationRepository, com.fptu.exe.skillswap.modules.chat.service.ChatRoomService, com.fptu.exe.skillswap.modules.chat.service.ChatAccessResolutionService, org.springframework.beans.factory.ObjectProvider, org.springframework.beans.factory.ObjectProvider, com.fptu.exe.skillswap.shared.ratelimit.InMemoryRateLimitService, com.fptu.exe.skillswap.infrastructure.storage.StorageLifecycleProperties, com.fptu.exe.skillswap.modules.chat.strategy.AttachmentValidationRegistry)> has generic parameter type <org.springframework.beans.factory.ObjectProvider<com.fptu.exe.skillswap.infrastructure.storage.StorageObjectReader>> with type argument depending on <org.springframework.beans.factory.ObjectProvider> in (ChatAttachmentService.java:0)
Constructor <com.fptu.exe.skillswap.modules.chat.service.ChatAttachmentService.<init>(com.fptu.exe.skillswap.modules.chat.repository.ChatUploadIntentRepository, com.fptu.exe.skillswap.modules.chat.repository.ChatAttachmentRepository, com.fptu.exe.skillswap.modules.chat.repository.ConversationRepository, com.fptu.exe.skillswap.modules.chat.service.ChatRoomService, com.fptu.exe.skillswap.modules.chat.service.ChatAccessResolutionService, org.springframework.beans.factory.ObjectProvider, org.springframework.beans.factory.ObjectProvider, com.fptu.exe.skillswap.shared.ratelimit.InMemoryRateLimitService, com.fptu.exe.skillswap.infrastructure.storage.StorageLifecycleProperties, com.fptu.exe.skillswap.modules.chat.strategy.AttachmentValidationRegistry)> has parameter of type <org.springframework.beans.factory.ObjectProvider> in (ChatAttachmentService.java:0)
Constructor <com.fptu.exe.skillswap.modules.chat.service.ChatMessageService.<init>(com.fptu.exe.skillswap.modules.chat.repository.MessageRepository, com.fptu.exe.skillswap.modules.chat.repository.ConversationRepository, com.fptu.exe.skillswap.modules.chat.repository.ConversationParticipantRepository, com.fptu.exe.skillswap.modules.chat.repository.ChatAttachmentRepository, com.fptu.exe.skillswap.modules.chat.service.ChatAttachmentService, com.fptu.exe.skillswap.modules.chat.service.ChatAccessResolutionService, com.fptu.exe.skillswap.modules.chat.service.ChatResponseMapper, com.fptu.exe.skillswap.shared.outbox.DomainEventOutboxService, com.fptu.exe.skillswap.infrastructure.config.RealtimeOutboxProperties, org.springframework.beans.factory.ObjectProvider, org.springframework.beans.factory.ObjectProvider)> has generic parameter type <org.springframework.beans.factory.ObjectProvider<com.fptu.exe.skillswap.modules.chat.service.GroupChatFanoutDispatcher>> with type argument depending on <org.springframework.beans.factory.ObjectProvider> in (ChatMessageService.java:0)
Constructor <com.fptu.exe.skillswap.modules.chat.service.ChatMessageService.<init>(com.fptu.exe.skillswap.modules.chat.repository.MessageRepository, com.fptu.exe.skillswap.modules.chat.repository.ConversationRepository, com.fptu.exe.skillswap.modules.chat.repository.ConversationParticipantRepository, com.fptu.exe.skillswap.modules.chat.repository.ChatAttachmentRepository, com.fptu.exe.skillswap.modules.chat.service.ChatAttachmentService, com.fptu.exe.skillswap.modules.chat.service.ChatAccessResolutionService, com.fptu.exe.skillswap.modules.chat.service.ChatResponseMapper, com.fptu.exe.skillswap.shared.outbox.DomainEventOutboxService, com.fptu.exe.skillswap.infrastructure.config.RealtimeOutboxProperties, org.springframework.beans.factory.ObjectProvider, org.springframework.beans.factory.ObjectProvider)> has generic parameter type <org.springframework.beans.factory.ObjectProvider<com.fptu.exe.skillswap.modules.identity.port.UserQueryPort>> with type argument depending on <org.springframework.beans.factory.ObjectProvider> in (ChatMessageService.java:0)
Constructor <com.fptu.exe.skillswap.modules.chat.service.ChatMessageService.<init>(com.fptu.exe.skillswap.modules.chat.repository.MessageRepository, com.fptu.exe.skillswap.modules.chat.repository.ConversationRepository, com.fptu.exe.skillswap.modules.chat.repository.ConversationParticipantRepository, com.fptu.exe.skillswap.modules.chat.repository.ChatAttachmentRepository, com.fptu.exe.skillswap.modules.chat.service.ChatAttachmentService, com.fptu.exe.skillswap.modules.chat.service.ChatAccessResolutionService, com.fptu.exe.skillswap.modules.chat.service.ChatResponseMapper, com.fptu.exe.skillswap.shared.outbox.DomainEventOutboxService, com.fptu.exe.skillswap.infrastructure.config.RealtimeOutboxProperties, org.springframework.beans.factory.ObjectProvider, org.springframework.beans.factory.ObjectProvider)> has parameter of type <org.springframework.beans.factory.ObjectProvider> in (ChatMessageService.java:0)
Constructor <com.fptu.exe.skillswap.modules.chat.service.ChatQueryService.<init>(com.fptu.exe.skillswap.modules.chat.repository.ConversationRepository, com.fptu.exe.skillswap.modules.chat.repository.ConversationParticipantRepository, com.fptu.exe.skillswap.modules.chat.repository.MessageRepository, com.fptu.exe.skillswap.modules.chat.service.ChatRoomService, com.fptu.exe.skillswap.modules.chat.service.ChatAccessResolutionService, com.fptu.exe.skillswap.modules.chat.service.ChatResponseMapper, com.fptu.exe.skillswap.infrastructure.telemetry.InternalTelemetryService, org.springframework.beans.factory.ObjectProvider)> has generic parameter type <org.springframework.beans.factory.ObjectProvider<com.fptu.exe.skillswap.modules.course.port.CourseQueryPort>> with type argument depending on <org.springframework.beans.factory.ObjectProvider> in (ChatQueryService.java:0)
Constructor <com.fptu.exe.skillswap.modules.chat.service.ChatQueryService.<init>(com.fptu.exe.skillswap.modules.chat.repository.ConversationRepository, com.fptu.exe.skillswap.modules.chat.repository.ConversationParticipantRepository, com.fptu.exe.skillswap.modules.chat.repository.MessageRepository, com.fptu.exe.skillswap.modules.chat.service.ChatRoomService, com.fptu.exe.skillswap.modules.chat.service.ChatAccessResolutionService, com.fptu.exe.skillswap.modules.chat.service.ChatResponseMapper, com.fptu.exe.skillswap.infrastructure.telemetry.InternalTelemetryService, org.springframework.beans.factory.ObjectProvider)> has parameter of type <org.springframework.beans.factory.ObjectProvider> in (ChatQueryService.java:0)
Constructor <com.fptu.exe.skillswap.modules.chat.service.ChatRoomService.<init>(com.fptu.exe.skillswap.modules.chat.repository.ConversationRepository, com.fptu.exe.skillswap.modules.chat.repository.ConversationParticipantRepository, com.fptu.exe.skillswap.modules.chat.repository.ConversationBookingLinkRepository, org.springframework.beans.factory.ObjectProvider, org.springframework.beans.factory.ObjectProvider)> has generic parameter type <org.springframework.beans.factory.ObjectProvider<com.fptu.exe.skillswap.modules.course.port.CourseQueryPort>> with type argument depending on <org.springframework.beans.factory.ObjectProvider> in (ChatRoomService.java:0)
Constructor <com.fptu.exe.skillswap.modules.chat.service.ChatRoomService.<init>(com.fptu.exe.skillswap.modules.chat.repository.ConversationRepository, com.fptu.exe.skillswap.modules.chat.repository.ConversationParticipantRepository, com.fptu.exe.skillswap.modules.chat.repository.ConversationBookingLinkRepository, org.springframework.beans.factory.ObjectProvider, org.springframework.beans.factory.ObjectProvider)> has generic parameter type <org.springframework.beans.factory.ObjectProvider<com.fptu.exe.skillswap.modules.identity.port.UserQueryPort>> with type argument depending on <org.springframework.beans.factory.ObjectProvider> in (ChatRoomService.java:0)
Constructor <com.fptu.exe.skillswap.modules.chat.service.ChatRoomService.<init>(com.fptu.exe.skillswap.modules.chat.repository.ConversationRepository, com.fptu.exe.skillswap.modules.chat.repository.ConversationParticipantRepository, com.fptu.exe.skillswap.modules.chat.repository.ConversationBookingLinkRepository, org.springframework.beans.factory.ObjectProvider, org.springframework.beans.factory.ObjectProvider)> has parameter of type <org.springframework.beans.factory.ObjectProvider> in (ChatRoomService.java:0)
Constructor <com.fptu.exe.skillswap.modules.filestorage.controller.FileStorageController.<init>(org.springframework.beans.factory.ObjectProvider, com.fptu.exe.skillswap.infrastructure.storage.StorageProperties, org.springframework.core.env.Environment)> has generic parameter type <org.springframework.beans.factory.ObjectProvider<com.fptu.exe.skillswap.infrastructure.storage.StorageGateway>> with type argument depending on <org.springframework.beans.factory.ObjectProvider> in (FileStorageController.java:0)
Constructor <com.fptu.exe.skillswap.modules.filestorage.controller.FileStorageController.<init>(org.springframework.beans.factory.ObjectProvider, com.fptu.exe.skillswap.infrastructure.storage.StorageProperties, org.springframework.core.env.Environment)> has parameter of type <org.springframework.beans.factory.ObjectProvider> in (FileStorageController.java:0)
Constructor <com.fptu.exe.skillswap.modules.filestorage.service.PublicAssetUploadService.<init>(org.springframework.beans.factory.ObjectProvider, com.fptu.exe.skillswap.modules.filestorage.repository.PublicAssetUploadIntentRepository, com.fptu.exe.skillswap.modules.filestorage.repository.StoredFileRepository, jakarta.persistence.EntityManager)> has generic parameter type <org.springframework.beans.factory.ObjectProvider<com.fptu.exe.skillswap.infrastructure.storage.StorageGateway>> with type argument depending on <org.springframework.beans.factory.ObjectProvider> in (PublicAssetUploadService.java:0)
Constructor <com.fptu.exe.skillswap.modules.filestorage.service.PublicAssetUploadService.<init>(org.springframework.beans.factory.ObjectProvider, com.fptu.exe.skillswap.modules.filestorage.repository.PublicAssetUploadIntentRepository, com.fptu.exe.skillswap.modules.filestorage.repository.StoredFileRepository, jakarta.persistence.EntityManager)> has parameter of type <org.springframework.beans.factory.ObjectProvider> in (PublicAssetUploadService.java:0)
Constructor <com.fptu.exe.skillswap.modules.mentor.service.MentorVerificationService.<init>(com.fptu.exe.skillswap.modules.mentor.repository.MentorVerificationRequestRepository, com.fptu.exe.skillswap.modules.mentor.repository.MentorVerificationDocumentRepository, com.fptu.exe.skillswap.modules.mentor.repository.MentorVerificationRequestEventRepository, com.fptu.exe.skillswap.modules.mentor.repository.MentorProfileRepository, com.fptu.exe.skillswap.modules.identity.service.AcademicService, com.fptu.exe.skillswap.modules.mentor.service.MentorProfileService, org.springframework.beans.factory.ObjectProvider, com.fptu.exe.skillswap.modules.mentor.repository.MentorVerificationUploadIntentRepository, com.fptu.exe.skillswap.modules.mentor.repository.MentorServiceRepository, com.fptu.exe.skillswap.modules.identity.port.UserQueryPort, com.fptu.exe.skillswap.modules.booking.port.BookingAvailabilityQueryPort, com.fptu.exe.skillswap.modules.filestorage.port.VerificationDocumentStoragePort)> has generic parameter type <org.springframework.beans.factory.ObjectProvider<com.fptu.exe.skillswap.infrastructure.storage.StorageGateway>> with type argument depending on <org.springframework.beans.factory.ObjectProvider> in (MentorVerificationService.java:0)
Constructor <com.fptu.exe.skillswap.modules.mentor.service.MentorVerificationService.<init>(com.fptu.exe.skillswap.modules.mentor.repository.MentorVerificationRequestRepository, com.fptu.exe.skillswap.modules.mentor.repository.MentorVerificationDocumentRepository, com.fptu.exe.skillswap.modules.mentor.repository.MentorVerificationRequestEventRepository, com.fptu.exe.skillswap.modules.mentor.repository.MentorProfileRepository, com.fptu.exe.skillswap.modules.identity.service.AcademicService, com.fptu.exe.skillswap.modules.mentor.service.MentorProfileService, org.springframework.beans.factory.ObjectProvider, com.fptu.exe.skillswap.modules.mentor.repository.MentorVerificationUploadIntentRepository, com.fptu.exe.skillswap.modules.mentor.repository.MentorServiceRepository, com.fptu.exe.skillswap.modules.identity.port.UserQueryPort, com.fptu.exe.skillswap.modules.booking.port.BookingAvailabilityQueryPort, com.fptu.exe.skillswap.modules.filestorage.port.VerificationDocumentStoragePort)> has parameter of type <org.springframework.beans.factory.ObjectProvider> in (MentorVerificationService.java:0)
Field <com.fptu.exe.skillswap.modules.blog.service.BlogMapper.storageGatewayProvider> has type <org.springframework.beans.factory.ObjectProvider> in (BlogMapper.java:0)
Field <com.fptu.exe.skillswap.modules.chat.controller.ChatTypingController.simpMessagingTemplateProvider> has type <org.springframework.beans.factory.ObjectProvider> in (ChatTypingController.java:0)
Field <com.fptu.exe.skillswap.modules.chat.event.ChatOutboxRealtimeConsumer.groupChatFanoutDispatcherProvider> has type <org.springframework.beans.factory.ObjectProvider> in (ChatOutboxRealtimeConsumer.java:0)
Field <com.fptu.exe.skillswap.modules.chat.scheduler.ChatAttachmentCleanupScheduler.storageGatewayProvider> has type <org.springframework.beans.factory.ObjectProvider> in (ChatAttachmentCleanupScheduler.java:0)
Field <com.fptu.exe.skillswap.modules.chat.service.ChatAccessResolutionService.courseChatAccessPolicyProvider> has type <org.springframework.beans.factory.ObjectProvider> in (ChatAccessResolutionService.java:0)
Field <com.fptu.exe.skillswap.modules.chat.service.ChatAttachmentService.privateStorageGatewayProvider> has type <org.springframework.beans.factory.ObjectProvider> in (ChatAttachmentService.java:0)
Field <com.fptu.exe.skillswap.modules.chat.service.ChatAttachmentService.storageObjectReaderProvider> has type <org.springframework.beans.factory.ObjectProvider> in (ChatAttachmentService.java:0)
Field <com.fptu.exe.skillswap.modules.chat.service.ChatMessageService.groupChatFanoutDispatcherProvider> has type <org.springframework.beans.factory.ObjectProvider> in (ChatMessageService.java:0)
Field <com.fptu.exe.skillswap.modules.chat.service.ChatMessageService.userQueryPortProvider> has type <org.springframework.beans.factory.ObjectProvider> in (ChatMessageService.java:0)
Field <com.fptu.exe.skillswap.modules.chat.service.ChatQueryService.courseQueryPortProvider> has type <org.springframework.beans.factory.ObjectProvider> in (ChatQueryService.java:0)
Field <com.fptu.exe.skillswap.modules.chat.service.ChatRoomService.courseQueryPortProvider> has type <org.springframework.beans.factory.ObjectProvider> in (ChatRoomService.java:0)
Field <com.fptu.exe.skillswap.modules.chat.service.ChatRoomService.userQueryPortProvider> has type <org.springframework.beans.factory.ObjectProvider> in (ChatRoomService.java:0)
Field <com.fptu.exe.skillswap.modules.filestorage.controller.FileStorageController.storageGatewayProvider> has type <org.springframework.beans.factory.ObjectProvider> in (FileStorageController.java:0)
Field <com.fptu.exe.skillswap.modules.filestorage.service.PublicAssetUploadService.storageGatewayProvider> has type <org.springframework.beans.factory.ObjectProvider> in (PublicAssetUploadService.java:0)
Field <com.fptu.exe.skillswap.modules.mentor.service.MentorVerificationService.r2StorageProvider> has type <org.springframework.beans.factory.ObjectProvider> in (MentorVerificationService.java:0)
Method <com.fptu.exe.skillswap.modules.blog.service.BlogMapper.resolveImageUrl(java.lang.String, java.lang.String)> calls method <org.springframework.beans.factory.ObjectProvider.getIfAvailable()> in (BlogMapper.java:135)
Method <com.fptu.exe.skillswap.modules.chat.controller.ChatTypingController.typing(com.fptu.exe.skillswap.modules.chat.dto.request.ChatTypingRequest, java.security.Principal)> calls method <org.springframework.beans.factory.ObjectProvider.getIfAvailable()> in (ChatTypingController.java:29)
Method <com.fptu.exe.skillswap.modules.chat.event.ChatOutboxRealtimeConsumer.handleChatMessageCreated(java.lang.String)> calls method <org.springframework.beans.factory.ObjectProvider.getIfAvailable()> in (ChatOutboxRealtimeConsumer.java:57)
Method <com.fptu.exe.skillswap.modules.chat.scheduler.ChatAttachmentCleanupScheduler.deleteExpiredObjects()> calls method <org.springframework.beans.factory.ObjectProvider.getIfAvailable()> in (ChatAttachmentCleanupScheduler.java:48)
Method <com.fptu.exe.skillswap.modules.chat.service.ChatAccessResolutionService.resolveMessagingAccess(com.fptu.exe.skillswap.modules.chat.domain.Conversation, java.util.UUID)> calls method <org.springframework.beans.factory.ObjectProvider.getIfAvailable()> in (ChatAccessResolutionService.java:26)
Method <com.fptu.exe.skillswap.modules.chat.service.ChatAttachmentService.privateStorageGateway()> calls method <org.springframework.beans.factory.ObjectProvider.getIfAvailable()> in (ChatAttachmentService.java:220)
Method <com.fptu.exe.skillswap.modules.chat.service.ChatAttachmentService.storageObjectReader()> calls method <org.springframework.beans.factory.ObjectProvider.getIfAvailable()> in (ChatAttachmentService.java:228)
Method <com.fptu.exe.skillswap.modules.chat.service.ChatMessageService.resolveUser(java.util.UUID, com.fptu.exe.skillswap.modules.identity.port.UserQueryPort)> calls method <org.springframework.beans.factory.ObjectProvider.getIfAvailable()> in (ChatMessageService.java:346)
Method <com.fptu.exe.skillswap.modules.chat.service.ChatMessageService.sendMessage(java.util.UUID, java.util.UUID, com.fptu.exe.skillswap.modules.chat.dto.request.SendMessageRequest, com.fptu.exe.skillswap.modules.chat.repository.MessageRepository, com.fptu.exe.skillswap.modules.identity.port.UserQueryPort)> calls method <org.springframework.beans.factory.ObjectProvider.getIfAvailable()> in (ChatMessageService.java:147)
Method <com.fptu.exe.skillswap.modules.chat.service.ChatQueryService.resolveCourseTitle(java.util.UUID)> calls method <org.springframework.beans.factory.ObjectProvider.getIfAvailable()> in (ChatQueryService.java:296)
Method <com.fptu.exe.skillswap.modules.chat.service.ChatRoomService.addCourseStudentParticipant(java.util.UUID, java.util.UUID)> calls method <org.springframework.beans.factory.ObjectProvider.getIfAvailable()> in (ChatRoomService.java:167)
Method <com.fptu.exe.skillswap.modules.chat.service.ChatRoomService.resolveUser(java.util.UUID)> calls method <org.springframework.beans.factory.ObjectProvider.getIfAvailable()> in (ChatRoomService.java:255)
Method <com.fptu.exe.skillswap.modules.filestorage.controller.FileStorageController.getCapabilities()> calls method <org.springframework.beans.factory.ObjectProvider.getIfAvailable()> in (FileStorageController.java:58)
Method <com.fptu.exe.skillswap.modules.filestorage.controller.FileStorageController.requireStorageGateway()> calls method <org.springframework.beans.factory.ObjectProvider.getIfAvailable()> in (FileStorageController.java:209)
Method <com.fptu.exe.skillswap.modules.filestorage.service.PublicAssetUploadService.storageGateway()> calls method <org.springframework.beans.factory.ObjectProvider.getIfAvailable()> in (PublicAssetUploadService.java:140)
Method <com.fptu.exe.skillswap.modules.mentor.service.MentorVerificationService.getRequiredStorageGateway()> calls method <org.springframework.beans.factory.ObjectProvider.getIfAvailable()> in (MentorVerificationService.java:988)
[INFO] 
[ERROR] Tests run: 15, Failures: 2, Errors: 0, Skipped: 0
[INFO] 
[INFO] ------------------------------------------------------------------------
[INFO] BUILD FAILURE
[INFO] ------------------------------------------------------------------------
[INFO] Total time:  36.958 s
[INFO] Finished at: 2026-08-31T08:36:10+07:00
[INFO] ------------------------------------------------------------------------
[ERROR] Failed to execute goal org.apache.maven.plugins:maven-surefire-plugin:3.2.5:test (default-test) on project skillswap: There are test failures.
[ERROR] 
[ERROR] Please refer to E:\FPTU\SU26\EXE201\project\target\surefire-reports for the individual test results.
[ERROR] Please refer to dump files (if any exist) [date].dump, [date]-jvmRun[N].dump and [date].dumpstream.
[ERROR] -> [Help 1]
[ERROR] 
[ERROR] To see the full stack trace of the errors, re-run Maven with the -e switch.
[ERROR] Re-run Maven using the -X switch to enable full debug logging.
[ERROR] 
[ERROR] For more information about the errors and possible solutions, please read the following articles:
[ERROR] [Help 1] http://cwiki.apache.org/confluence/display/MAVEN/MojoFailureException
