[INFO] Scanning for projects...
[INFO] 
[INFO] -----------------------< com.fptu.exe:skillswap >-----------------------
[INFO] Building skillswap 0.0.1-SNAPSHOT
[INFO]   from pom.xml
[INFO] --------------------------------[ jar ]---------------------------------
[INFO] 
[INFO] --- resources:3.3.1:resources (default-resources) @ skillswap ---
[INFO] Copying 3 resources from src\main\resources to target\classes
[INFO] Copying 124 resources from src\main\resources to target\classes
[INFO] 
[INFO] --- compiler:3.11.0:compile (default-compile) @ skillswap ---
[INFO] Nothing to compile - all classes are up to date
[INFO] 
[INFO] --- resources:3.3.1:testResources (default-testResources) @ skillswap ---
[INFO] Copying 2 resources from src\test\resources to target\test-classes
[INFO] 
[INFO] --- compiler:3.11.0:testCompile (default-testCompile) @ skillswap ---
[INFO] Nothing to compile - all classes are up to date
[INFO] 
[INFO] --- surefire:3.2.5:test (default-test) @ skillswap ---
[INFO] Using auto detected provider org.apache.maven.surefire.junitplatform.JUnitPlatformProvider
[INFO] 
[INFO] -------------------------------------------------------
[INFO]  T E S T S
[INFO] -------------------------------------------------------
[INFO] Running com.fptu.exe.skillswap.ModulithTest
08:44:10.014 [main] INFO com.tngtech.archunit.core.PluginLoader -- Detected Java version 21.0.8
[INFO] Tests run: 1, Failures: 0, Errors: 0, Skipped: 0, Time elapsed: 16.87 s -- in com.fptu.exe.skillswap.ModulithTest
[INFO] Running com.fptu.exe.skillswap.architecture.ArchitectureGuardrailTest
[INFO] Tests run: 14, Failures: 0, Errors: 0, Skipped: 0, Time elapsed: 11.28 s -- in com.fptu.exe.skillswap.architecture.ArchitectureGuardrailTest
[INFO] 
[INFO] Results:
[INFO] 
[INFO] Tests run: 15, Failures: 0, Errors: 0, Skipped: 0
[INFO] 
[INFO] 
[INFO] --- surefire:3.2.5:test (architecture-and-modulith-tests) @ skillswap ---
[INFO] Using auto detected provider org.apache.maven.surefire.junitplatform.JUnitPlatformProvider
[INFO] 
[INFO] -------------------------------------------------------
[INFO]  T E S T S
[INFO] -------------------------------------------------------
[INFO] Running com.fptu.exe.skillswap.architecture.ArchitectureGuardrailTest
08:44:41.551 [main] INFO com.tngtech.archunit.core.PluginLoader -- Detected Java version 21.0.8
[INFO] Tests run: 14, Failures: 0, Errors: 0, Skipped: 0, Time elapsed: 18.81 s -- in com.fptu.exe.skillswap.architecture.ArchitectureGuardrailTest
[INFO] Running com.fptu.exe.skillswap.ModulithTest
08:45:03.036 [main] INFO com.tngtech.archunit.core.PluginLoader -- Detected Java version 21.0.8
[INFO] Tests run: 1, Failures: 0, Errors: 0, Skipped: 0, Time elapsed: 17.10 s -- in com.fptu.exe.skillswap.ModulithTest
[INFO] 
[INFO] Results:
[INFO] 
[INFO] Tests run: 15, Failures: 0, Errors: 0, Skipped: 0
[INFO] 
[INFO] ------------------------------------------------------------------------
[INFO] BUILD SUCCESS
[INFO] ------------------------------------------------------------------------
[INFO] Total time:  01:20 min
[INFO] Finished at: 2026-08-31T08:45:19+07:00
[INFO] ------------------------------------------------------------------------
